
- NASM Map file ---------------------------------------------------------------

Source file:  kernel.asm
Output file:  kernel.bat

-- Symbols --------------------------------------------------------------------

---- No Section ---------------------------------------------------------------

Value     Name
00004000  DA_32
00000098  DA_C
00000092  DA_DRW
00000093  DA_DRWA
00008000  DA_LIMIT_4K
0000008E  DA_386IGate
000000A8  GdtLen
00000008  SelectorCode32
00000010  SelectorVideo
00000018  SelectorVram
00000020  SelectorData
00000028  SelectorFont
00000030  SelectorStack
00000170  IdtLen
00007628  SpuriousHandler
00007629  TimerHandler
0000763B  KeyboardHandler
0000764D  MouseHandler
0000765F  AsmConsolePutCharHandler
0000773E  SegCode32Len
00001000  SystemFontLength
00000400  TopOfStack0
00000800  TopOfStack1
00000C00  TopOfStack2
00000C00  LenOfStackSection


---- Section .text ------------------------------------------------------------

Real              Virtual           Name
            8000              8000  VRAM_ADDRESS

---- Section .gdt -------------------------------------------------------------

Real              Virtual           Name
            8008              8008  LABEL_GDT
            8010              8010  LABEL_DESC_CODE32
            8018              8018  LABEL_DESC_VIDEO
            8020              8020  LABEL_DESC_VRAM
            8028              8028  LABEL_DESC_DATA
            8030              8030  LABEL_DESC_FONT
            8038              8038  LABEL_DESC_STACK
            8040              8040  LABEL_DESC_7
            8048              8048  LABEL_DESC_8
            8050              8050  LABEL_DESC_9
            8058              8058  LABEL_DESC_10
            80B0              80B0  GdtPtr

---- Section .idt -------------------------------------------------------------

Real              Virtual           Name
            80B8              80B8  LABEL_IDT
            81B8              81B8  LABEL_IDT.020H
            81C0              81C0  LABEL_IDT.021H
            8218              8218  LABEL_IDT.02CH
            8220              8220  LABEL_IDT.02DH
            8228              8228  IdtPtr

---- Section .s16 -------------------------------------------------------------

Real              Virtual           Name
            8230              8230  LABEL_BEGIN
            823B              823B  ComputeMemory
            8244              8244  ComputeMemory.loop
            8267              8267  LABEL_MEM_CHK_FAIL
            8270              8270  LABEL_MEM_CHK_OK
            82FE              82FE  init8259A
            8341              8341  io_delay

---- Section .s32 -------------------------------------------------------------

Real              Virtual           Name
            8348              8348  LABEL_SEG_CODE32
            836B              836B  CMain
            8732              8732  ?_001
            878B              878B  ?_002
            8857              8857  ?_003
            88C8              88C8  ?_004
            8962              8962  ?_005
            8AE4              8AE4  ?_006
            8B35              8B35  ?_007
            8B68              8B68  ?_008
            8B8B              8B8B  ?_009
            8BAC              8BAC  ?_010
            8BFE              8BFE  ?_011
            8C20              8C20  ?_012
            8C68              8C68  ?_013
            8C9B              8C9B  ?_014
            8CA0              8CA0  task_b_main
            8D61              8D61  ?_015
            8D80              8D80  ?_016
            8DEB              8DEB  ?_017
            8DF0              8DF0  init_screeninfo
            8E13              8E13  init_palette
            8E38              8E38  set_palette
            8E66              8E66  ?_018
            8EC8              8EC8  ?_019
            8EDE              8EDE  paint_rectangle
            8EF2              8EF2  ?_020
            8EFA              8EFA  ?_021
            8F19              8F19  ?_022
            8F25              8F25  ?_023
            8F2F              8F2F  init_desktop
            92B6              92B6  init_mouse_position
            92FC              92FC  paint_font
            9314              9314  ?_024
            934A              934A  ?_025
            9376              9376  ?_026
            93A2              93A2  ?_027
            93CE              93CE  ?_028
            93FA              93FA  ?_029
            9426              9426  ?_030
            9452              9452  ?_031
            947E              947E  ?_032
            9482              9482  ?_033
            948E              948E  paint_string
            94A3              94A3  ?_034
            94EE              94EE  ?_035
            952F              952F  init_mouse_cursor
            9547              9547  ?_036
            9553              9553  ?_037
            9585              9585  ?_038
            95B7              95B7  ?_039
            95D1              95D1  ?_040
            95D5              95D5  ?_041
            95E3              95E3  ?_042
            95EF              95EF  paint_block
            95FE              95FE  ?_043
            9607              9607  ?_044
            9642              9642  ?_045
            964E              964E  ?_046
            9658              9658  init_fifo_buf
            96A8              96A8  compute_mouse_position
            96E2              96E2  ?_047
            96F5              96F5  ?_048
            9719              9719  ?_049
            973D              973D  ?_050
            973F              973F  show_mouse_info
            97EC              97EC  ?_051
            97EE              97EE  show_memory_info
            9AF8              9AF8  message_box
            9BE3              9BE3  make_textbox
            9E7C              9E7C  make_windows
            A140              A140  make_window_title
            A15D              A15D  ?_052
            A165              A165  ?_053
            A1E9              A1E9  ?_054
            A1F2              A1F2  ?_055
            A216              A216  ?_056
            A222              A222  ?_057
            A22E              A22E  ?_058
            A232              A232  ?_059
            A262              A262  ?_060
            A26C              A26C  ?_061
            A27C              A27C  transfer_scancode
            A295              A295  ?_062
            A2A8              A2A8  ?_063
            A2BE              A2BE  ?_064
            A2D4              A2D4  ?_065
            A2EF              A2EF  ?_066
            A2F9              A2F9  ?_067
            A323              A323  ?_068
            A32D              A32D  ?_069
            A37E              A37E  ?_070
            A380              A380  ?_071
            A3AE              A3AE  ?_072
            A3B2              A3B2  ?_073
            A3B6              A3B6  ?_074
            A3B8              A3B8  is_special_key
            A3F6              A3F6  ?_075
            A3FD              A3FD  ?_076
            A402              A402  ?_077
            A404              A404  console_task
            A523              A523  ?_078
            A544              A544  ?_079
            A592              A592  ?_080
            A5B6              A5B6  ?_081
            A5CE              A5CE  ?_082
            A610              A610  ?_083
            A66F              A66F  ?_084
            A6FB              A6FB  ?_085
            A79B              A79B  ?_086
            A7BD              A7BD  ?_087
            A7DF              A7DF  ?_088
            A820              A820  ?_089
            A83F              A83F  ?_090
            A8AC              A8AC  ?_091
            A8E6              A8E6  ?_092
            A8EB              A8EB  command_mem
            A9DA              A9DA  command_cls
            A9F7              A9F7  ?_093
            AA00              AA00  ?_094
            AA23              AA23  ?_095
            AA30              AA30  ?_096
            AAB3              AAB3  command_dir
            AAE7              AAE7  ?_097
            AAF0              AAF0  ?_098
            AB1A              AB1A  ?_099
            AB1C              AB1C  ?_100
            AB22              AB22  ?_101
            AB3A              AB3A  ?_102
            AB58              AB58  ?_103
            AC10              AC10  ?_104
            AC40              AC40  command_type
            AC87              AC87  ?_105
            ACB5              ACB5  ?_106
            ACB7              ACB7  ?_107
            ACBD              ACBD  ?_108
            ACCD              ACCD  ?_109
            ACDA              ACDA  ?_110
            AD04              AD04  ?_111
            AD06              AD06  ?_112
            AD0C              AD0C  ?_113
            AD24              AD24  ?_114
            AD42              AD42  ?_115
            ADAB              ADAB  ?_116
            ADC5              ADC5  ?_117
            AE41              AE41  ?_118
            AE43              AE43  ?_119
            AE76              AE76  ?_120
            AEF7              AEF7  ?_121
            AEFB              AEFB  ?_122
            AF0A              AF0A  ?_123
            AF0E              AF0E  ?_124
            AF1C              AF1C  ?_125
            AF65              AF65  command_hlt
            B091              B091  launch_console
            B263              B263  set_cursor
            B2E9              B2E9  console_new_line
            B302              B302  ?_126
            B30B              B30B  ?_127
            B314              B314  ?_128
            B350              B350  ?_129
            B35D              B35D  ?_130
            B36F              B36F  ?_131
            B378              B378  ?_132
            B397              B397  ?_133
            B3A4              B3A4  ?_134
            B3E1              B3E1  ?_135
            B41D              B41D  strcmp
            B42F              B42F  ?_136
            B439              B439  ?_137
            B442              B442  ?_138
            B463              B463  ?_139
            B467              B467  ?_140
            B47C              B47C  ?_141
            B4A1              B4A1  ?_142
            B4C6              B4C6  ?_143
            B4CB              B4CB  ?_144
            B4CD              B4CD  c_console_putchar
            B571              B571  c_console_putstr
            B579              B579  ?_145
            B596              B596  ?_146
            B5A2              B5A2  kernel_api
            B5C6              B5C6  ?_147
            B5DF              B5DF  ?_148
            B5E1              B5E1  wait_KBC_sendready
            B5E7              B5E7  ?_149
            B5FC              B5FC  ?_150
            B5FE              B5FE  ?_151
            B600              B600  init_keyboard
            B63A              B63A  enable_mouse
            B674              B674  mouse_decode
            B698              B698  ?_152
            B6A2              B6A2  ?_153
            B6CB              B6CB  ?_154
            B6D5              B6D5  ?_155
            B6FB              B6FB  ?_156
            B772              B772  ?_157
            B795              B795  ?_158
            B7AC              B7AC  ?_159
            B7B1              B7B1  ?_160
            B7B3              B7B3  intHandlerKeyboard
            B806              B806  intHandlerMouse
            B859              B859  fifo8_init
            B89F              B89F  fifo8_put
            B8BB              B8BB  ?_161
            B8E0              B8E0  ?_162
            B922              B922  ?_163
            B967              B967  ?_164
            B96C              B96C  ?_165
            B96E              B96E  fifo8_get
            B995              B995  ?_166
            B9DA              B9DA  ?_167
            B9EC              B9EC  ?_168
            B9EE              B9EE  fifo8_status
            BA03              BA03  charToHexVal
            BA1E              BA1E  ?_169
            BA25              BA25  ?_170
            BA27              BA27  charToHexStr
            BA7A              BA7A  intToHexStr
            BA9E              BA9E  ?_171
            BAAD              BAAD  ?_172
            BABC              BABC  ?_173
            BAE7              BAE7  ?_174
            BAF8              BAF8  ?_175
            BAFC              BAFC  ?_176
            BB08              BB08  ?_177
            BB0F              BB0F  memman_init
            BB3B              BB3B  memman_total
            BB51              BB51  ?_178
            BB65              BB65  ?_179
            BB74              BB74  memman_alloc
            BB86              BB86  ?_180
            BC02              BC02  ?_181
            BC07              BC07  ?_182
            BC0B              BC0B  ?_183
            BC1E              BC1E  ?_184
            BC20              BC20  memman_free
            BC30              BC30  ?_185
            BC43              BC43  ?_186
            BC47              BC47  ?_187
            BC51              BC51  ?_188
            BD0B              BD0B  ?_189
            BD15              BD15  ?_190
            BD71              BD71  ?_191
            BD8B              BD8B  ?_192
            BDB3              BDB3  ?_193
            BDE2              BDE2  ?_194
            BE08              BE08  ?_195
            BE31              BE31  ?_196
            BE37              BE37  memman_alloc_4k
            BE67              BE67  memman_free_4k
            BE9E              BE9E  sheet_control_init
            BEE4              BEE4  ?_197
            BF11              BF11  ?_198
            BF2C              BF2C  ?_199
            BF7E              BF7E  ?_200
            BF81              BF81  ?_201
            BF83              BF83  sheet_alloc
            BF92              BF92  ?_202
            BFE9              BFE9  ?_203
            BFED              BFED  ?_204
            BFFB              BFFB  ?_205
            BFFD              BFFD  sheet_setbuf
            C025              C025  sheet_updown
            C050              C050  ?_206
            C05D              C05D  ?_207
            C084              C084  ?_208
            C0B8              C0B8  ?_209
            C173              C173  ?_210
            C186              C186  ?_211
            C1BA              C1BA  ?_212
            C1C5              C1C5  ?_213
            C273              C273  ?_214
            C28D              C28D  ?_215
            C2C1              C2C1  ?_216
            C2DB              C2DB  ?_217
            C2E6              C2E6  ?_218
            C320              C320  ?_219
            C347              C347  ?_220
            C3DF              C3DF  ?_221
            C3E6              C3E6  sheet_refresh
            C44C              C44C  ?_222
            C459              C459  sheet_slide
            C592              C592  ?_223
            C598              C598  sheet_refresh_local
            C5BC              C5BC  ?_224
            C5C9              C5C9  ?_225
            C5DD              C5DD  ?_226
            C5F1              C5F1  ?_227
            C5FC              C5FC  ?_228
            C635              C635  ?_229
            C64F              C64F  ?_230
            C6EB              C6EB  ?_231
            C6EF              C6EF  ?_232
            C702              C702  ?_233
            C715              C715  ?_234
            C726              C726  sheet_refresh_map
            C74A              C74A  ?_235
            C757              C757  ?_236
            C76B              C76B  ?_237
            C77F              C77F  ?_238
            C78A              C78A  ?_239
            C804              C804  ?_240
            C811              C811  ?_241
            C825              C825  ?_242
            C839              C839  ?_243
            C841              C841  ?_244
            C857              C857  ?_245
            C8AB              C8AB  ?_246
            C8AF              C8AF  ?_247
            C8BB              C8BB  ?_248
            C8CB              C8CB  ?_249
            C8DC              C8DC  init_time_port
            C931              C931  ?_250
            C959              C959  ?_251
            C964              C964  get_timer_control
            C96E              C96E  timer_alloc
            C97D              C97D  ?_252
            C99F              C99F  ?_253
            C9A3              C9A3  ?_254
            C9AC              C9AC  ?_255
            C9AE              C9AE  timer_free
            C9BD              C9BD  timer_init
            C9DE              C9DE  timer_settime
            C9F5              C9F5  intHandlerTimer
            CA2C              CA2C  ?_256
            CACD              CACD  ?_257
            CAD8              CAD8  ?_258
            CADC              CADC  ?_259
            CAEB              CAEB  segment_descriptor
            CB07              CB07  ?_260
            CB65              CB65  init_task_level
            CBB0              CBB0  ?_261
            CBD1              CBD1  ?_262
            CBD9              CBD9  task_init
            CC0B              CC0B  ?_263
            CC90              CC90  ?_264
            CCA3              CCA3  ?_265
            CCB2              CCB2  ?_266
            CD23              CD23  task_alloc
            CD35              CD35  ?_267
            CE27              CE27  ?_268
            CE2B              CE2B  ?_269
            CE3A              CE3A  ?_270
            CE3C              CE3C  task_run
            CE51              CE51  ?_271
            CE60              CE60  ?_272
            CE81              CE81  ?_273
            CEA0              CEA0  ?_274
            CEAE              CEAE  task_switch
            CF0B              CF0B  ?_275
            CF3B              CF3B  ?_276
            CF87              CF87  ?_277
            CF89              CF89  task_sleep
            CFF9              CFF9  ?_278
            CFFE              CFFE  task_now
            D032              D032  task_add
            D07E              D07E  task_remove
            D0AB              D0AB  ?_279
            D0CA              D0CA  ?_280
            D0CE              D0CE  ?_281
            D0D8              D0D8  ?_282
            D0FF              D0FF  ?_283
            D118              D118  ?_284
            D124              D124  ?_285
            D13F              D13F  ?_286
            D14B              D14B  task_switch_sub
            D15A              D15A  ?_287
            D17A              D17A  ?_288
            D17E              D17E  ?_289
            D184              D184  ?_290
            D19C              D19C  task_send_message
            D1C7              D1C7  file_load_content
            D1FA              D1FA  ?_291
            D203              D203  ?_292
            D22D              D22D  ?_293
            D22F              D22F  ?_294
            D235              D235  ?_295
            D254              D254  ?_296
            D272              D272  ?_297
            D2FA              D2FA  ?_298
            D315              D315  ?_299
            D31F              D31F  ?_300
            D323              D323  ?_301
            D331              D331  ?_302
            D34F              D34F  ?_303
            D356              D356  ?_304
            D35E              D35E  ?_305
            D36B              D36B  ?_306
            D36D              D36D  ?_307
            D377              D377  ?_308
            D383              D383  ?_309
            D38F              D38F  ?_310
            D39B              D39B  ?_311
            D3A8              D3A8  ?_312
            D3AF              D3AF  ?_313
            D3B1              D3B1  ?_314
            D3B5              D3B5  ?_315
            D3B9              D3B9  ?_316
            D3BD              D3BD  ?_317
            D3C1              D3C1  ?_318
            D3C7              D3C7  ?_319
            D3CB              D3CB  ?_320
            D3CD              D3CD  ?_321
            D3D5              D3D5  ?_322
            D3DD              D3DD  test
            D3E1              D3E1  memman
            D3FD              D3FD  keytable
            D47D              D47D  keytable_shift
            D4FD              D4FD  table_rgb.1812
            D53D              D53D  cursor.1880
            D63D              D63D  closebtn.1967
            D71D              D71D  keyval
            D71F              D71F  ?_323
            D720              D720  ?_324
            D722              D722  task_console_g
            D726              D726  task_main
            D72A              D72A  task_a
            D72E              D72E  sheet_control
            D732              D732  back_sheet
            D736              D736  mouse_sheet
            D73A              D73A  timerinfo1.1794
            D756              D756  timerbuf1.1797
            D75E              D75E  timerinfo2.1795
            D77A              D77A  timerbuf2.1798
            D782              D782  timerinfo3.1796
            D79E              D79E  timerbuf3.1799
            D7C2              D7C2  screen_info
            D7C6              D7C6  ?_325
            D7C8              D7C8  ?_326
            D7CA              D7CA  g_Console
            D7CE              D7CE  ?_327
            D7D2              D7D2  ?_328
            D7D6              D7D6  ?_329
            D7DA              D7DA  ?_330
            D7DB              D7DB  ?_331
            D7E2              D7E2  mouse_cursor_buf
            D8E2              D8E2  back_buf
            D8E6              D8E6  sheet_win
            D8EA              D8EA  mouse_x
            D8EE              D8EE  mouse_y
            D8F2              D8F2  key_shift
            D8F6              D8F6  caps_lock
            D8FA              D8FA  buffer
            D8FE              D8FE  ?_332
            D902              D902  mouse_send_info
            D922              D922  keyinfo
            D942              D942  keybuf
            D962              D962  mouseinfo
            D982              D982  mousebuf
            DA02              DA02  str.1386
            DA03              DA03  ?_333
            DA0C              DA0C  ?_334
            DA22              DA22  timer_control
            F966              F966  task_timer
            F96A              F96A  task_control
            F970              F970  _SpuriousHandler
            F971              F971  _TimerHandler
            F983              F983  _KeyboardHandler
            F995              F995  _MouseHandler
            F9A7              F9A7  _AsmConsolePutCharHandler
            F9B3              F9B3  start_app
            F9E8              F9E8  io_hlt
            F9EA              F9EA  io_cli
            F9EC              F9EC  io_sti
            F9EE              F9EE  io_stihlt
            F9F1              F9F1  io_out8
            F9FB              F9FB  io_out16
            FA07              FA07  io_out32
            FA11              FA11  io_in8
            FA1C              FA1C  io_in16
            FA28              FA28  io_in32
            FA33              FA33  io_load_eflags
            FA36              FA36  io_store_eflags
            FA3D              FA3D  get_memory_block_count
            FA43              FA43  get_memory_address
            FA49              FA49  get_addr_gdt
            FA4F              FA4F  get_code32_addr
            FA55              FA55  load_tr
            FA5B              FA5B  taskswitch9
            FA63              FA63  taskswitch8
            FA6B              FA6B  taskswitch7
            FA73              FA73  taskswitch10
            FA7B              FA7B  farjmp

---- Section .data ------------------------------------------------------------

Real              Virtual           Name
            FA88              FA88  MemoryBuf
            FB88              FB88  MemoryNumber
            FB8C              FB8C  LABEL_SYSTEM_FONT
            FB8C              FB8C  systemFont
           10B8C             10B8C  LABEL_STACK

