
- NASM Map file ---------------------------------------------------------------

Source file:  kernel.asm
Output file:  kernel.bat

-- Symbols --------------------------------------------------------------------

---- No Section ---------------------------------------------------------------

Value     Name
00004000  DA_32
00000098  DA_C
00000092  DA_DRW
00000093  DA_DRWA
00008000  DA_LIMIT_4K
0000008E  DA_386IGate
000000A8  GdtLen
00000008  SelectorCode32
00000010  SelectorVideo
00000018  SelectorVram
00000020  SelectorData
00000028  SelectorFont
00000030  SelectorStack
00000170  IdtLen
0000776B  SpuriousHandler
0000776C  StackOverflowHandler
00007785  ExceptionHandler
0000779E  TimerHandler
000077B8  KeyboardHandler
000077CA  MouseHandler
000077DC  AsmConsolePutCharHandler
000078CF  SegCode32Len
00001000  SystemFontLength
00000400  TopOfStack0
00000800  TopOfStack1
00000C00  TopOfStack2
00000C00  LenOfStackSection


---- Section .text ------------------------------------------------------------

Real              Virtual           Name
            8000              8000  VRAM_ADDRESS

---- Section .gdt -------------------------------------------------------------

Real              Virtual           Name
            8008              8008  LABEL_GDT
            8010              8010  LABEL_DESC_CODE32
            8018              8018  LABEL_DESC_VIDEO
            8020              8020  LABEL_DESC_VRAM
            8028              8028  LABEL_DESC_DATA
            8030              8030  LABEL_DESC_FONT
            8038              8038  LABEL_DESC_STACK
            8040              8040  LABEL_DESC_7
            8048              8048  LABEL_DESC_8
            8050              8050  LABEL_DESC_9
            8058              8058  LABEL_DESC_10
            80B0              80B0  GdtPtr

---- Section .idt -------------------------------------------------------------

Real              Virtual           Name
            80B8              80B8  LABEL_IDT
            8118              8118  LABEL_IDT.0Ch
            8120              8120  LABEL_IDT.0Dh
            81B8              81B8  LABEL_IDT.020H
            81C0              81C0  LABEL_IDT.021H
            8218              8218  LABEL_IDT.02CH
            8220              8220  LABEL_IDT.02DH
            8228              8228  IdtPtr

---- Section .s16 -------------------------------------------------------------

Real              Virtual           Name
            8230              8230  LABEL_BEGIN
            823B              823B  ComputeMemory
            8244              8244  ComputeMemory.loop
            8267              8267  LABEL_MEM_CHK_FAIL
            8270              8270  LABEL_MEM_CHK_OK
            82FE              82FE  init8259A
            8341              8341  io_delay

---- Section .s32 -------------------------------------------------------------

Real              Virtual           Name
            8348              8348  LABEL_SEG_CODE32
            836B              836B  CMain
            8732              8732  ?_001
            878B              878B  ?_002
            8807              8807  ?_003
            88AB              88AB  ?_004
            891C              891C  ?_005
            89B1              89B1  ?_006
            8A94              8A94  ?_007
            8AE5              8AE5  ?_008
            8B18              8B18  ?_009
            8B3B              8B3B  ?_010
            8B5C              8B5C  ?_011
            8BAE              8BAE  ?_012
            8BD0              8BD0  ?_013
            8C18              8C18  ?_014
            8C4B              8C4B  ?_015
            8C50              8C50  task_b_main
            8D11              8D11  ?_016
            8D30              8D30  ?_017
            8D9B              8D9B  ?_018
            8DA0              8DA0  init_screeninfo
            8DC3              8DC3  init_palette
            8DE8              8DE8  set_palette
            8E16              8E16  ?_019
            8E78              8E78  ?_020
            8E8E              8E8E  paint_rectangle
            8EA2              8EA2  ?_021
            8EAA              8EAA  ?_022
            8EC9              8EC9  ?_023
            8ED5              8ED5  ?_024
            8EDF              8EDF  init_desktop
            9266              9266  init_mouse_position
            92AC              92AC  paint_font
            92C4              92C4  ?_025
            92FA              92FA  ?_026
            9326              9326  ?_027
            9352              9352  ?_028
            937E              937E  ?_029
            93AA              93AA  ?_030
            93D6              93D6  ?_031
            9402              9402  ?_032
            942E              942E  ?_033
            9432              9432  ?_034
            943E              943E  paint_string
            9453              9453  ?_035
            949E              949E  ?_036
            94DF              94DF  init_mouse_cursor
            94F7              94F7  ?_037
            9503              9503  ?_038
            9535              9535  ?_039
            9567              9567  ?_040
            9581              9581  ?_041
            9585              9585  ?_042
            9593              9593  ?_043
            959F              959F  paint_block
            95AE              95AE  ?_044
            95B7              95B7  ?_045
            95F2              95F2  ?_046
            95FE              95FE  ?_047
            9608              9608  init_fifo_buf
            9658              9658  compute_mouse_position
            9692              9692  ?_048
            96A5              96A5  ?_049
            96C9              96C9  ?_050
            96ED              96ED  ?_051
            96EF              96EF  show_mouse_info
            979C              979C  ?_052
            979E              979E  show_memory_info
            9AA8              9AA8  message_box
            9B93              9B93  make_textbox
            9E2C              9E2C  make_windows
            A0F0              A0F0  make_window_title
            A10D              A10D  ?_053
            A115              A115  ?_054
            A199              A199  ?_055
            A1A2              A1A2  ?_056
            A1C6              A1C6  ?_057
            A1D2              A1D2  ?_058
            A1DE              A1DE  ?_059
            A1E2              A1E2  ?_060
            A212              A212  ?_061
            A21C              A21C  ?_062
            A22C              A22C  transfer_scancode
            A245              A245  ?_063
            A258              A258  ?_064
            A26E              A26E  ?_065
            A284              A284  ?_066
            A29F              A29F  ?_067
            A2A9              A2A9  ?_068
            A2D3              A2D3  ?_069
            A2DD              A2DD  ?_070
            A32E              A32E  ?_071
            A330              A330  ?_072
            A35E              A35E  ?_073
            A362              A362  ?_074
            A366              A366  ?_075
            A368              A368  is_special_key
            A3AC              A3AC  ?_076
            A3B3              A3B3  ?_077
            A3B8              A3B8  ?_078
            A3BA              A3BA  console_task
            A4D9              A4D9  ?_079
            A4FA              A4FA  ?_080
            A548              A548  ?_081
            A56C              A56C  ?_082
            A584              A584  ?_083
            A5C6              A5C6  ?_084
            A625              A625  ?_085
            A6B1              A6B1  ?_086
            A751              A751  ?_087
            A773              A773  ?_088
            A795              A795  ?_089
            A7D6              A7D6  ?_090
            A7F5              A7F5  ?_091
            A862              A862  ?_092
            A89C              A89C  ?_093
            A8A1              A8A1  command_mem
            A990              A990  command_cls
            A9AD              A9AD  ?_094
            A9B6              A9B6  ?_095
            A9D9              A9D9  ?_096
            A9E6              A9E6  ?_097
            AA69              AA69  command_dir
            AA9D              AA9D  ?_098
            AAA6              AAA6  ?_099
            AAD0              AAD0  ?_100
            AAD2              AAD2  ?_101
            AAD8              AAD8  ?_102
            AAF0              AAF0  ?_103
            AB0E              AB0E  ?_104
            ABC6              ABC6  ?_105
            ABF6              ABF6  command_type
            AC3D              AC3D  ?_106
            AC6B              AC6B  ?_107
            AC6D              AC6D  ?_108
            AC73              AC73  ?_109
            AC83              AC83  ?_110
            AC90              AC90  ?_111
            ACBA              ACBA  ?_112
            ACBC              ACBC  ?_113
            ACC2              ACC2  ?_114
            ACDA              ACDA  ?_115
            ACF8              ACF8  ?_116
            AD61              AD61  ?_117
            AD7B              AD7B  ?_118
            ADF7              ADF7  ?_119
            ADF9              ADF9  ?_120
            AE2C              AE2C  ?_121
            AEAD              AEAD  ?_122
            AEB1              AEB1  ?_123
            AEC0              AEC0  ?_124
            AEC4              AEC4  ?_125
            AED2              AED2  ?_126
            AF1B              AF1B  command_hlt
            B022              B022  launch_console
            B1F4              B1F4  set_cursor
            B27A              B27A  console_new_line
            B293              B293  ?_127
            B29C              B29C  ?_128
            B2A5              B2A5  ?_129
            B2E1              B2E1  ?_130
            B2EE              B2EE  ?_131
            B300              B300  ?_132
            B309              B309  ?_133
            B328              B328  ?_134
            B335              B335  ?_135
            B372              B372  ?_136
            B3AE              B3AE  strcmp
            B3C0              B3C0  ?_137
            B3CA              B3CA  ?_138
            B3D3              B3D3  ?_139
            B3F4              B3F4  ?_140
            B3F8              B3F8  ?_141
            B40D              B40D  ?_142
            B432              B432  ?_143
            B457              B457  ?_144
            B45C              B45C  ?_145
            B45E              B45E  c_console_putchar
            B502              B502  c_console_putstr
            B50A              B50A  ?_146
            B527              B527  ?_147
            B533              B533  kernel_api
            B55F              B55F  ?_148
            B57A              B57A  ?_149
            B588              B588  ?_150
            B58D              B58D  ?_151
            B58F              B58F  intHandlerException
            B5E8              B5E8  intHandlerStackOverflow
            B68F              B68F  kill_process
            B6CB              B6CB  wait_KBC_sendready
            B6D1              B6D1  ?_152
            B6E6              B6E6  ?_153
            B6E8              B6E8  ?_154
            B6EA              B6EA  init_keyboard
            B724              B724  enable_mouse
            B75E              B75E  mouse_decode
            B782              B782  ?_155
            B78C              B78C  ?_156
            B7B5              B7B5  ?_157
            B7BF              B7BF  ?_158
            B7E5              B7E5  ?_159
            B85C              B85C  ?_160
            B87F              B87F  ?_161
            B896              B896  ?_162
            B89B              B89B  ?_163
            B89D              B89D  intHandlerKeyboard
            B8F0              B8F0  intHandlerMouse
            B943              B943  fifo8_init
            B989              B989  fifo8_put
            B9A5              B9A5  ?_164
            B9CA              B9CA  ?_165
            BA0C              BA0C  ?_166
            BA51              BA51  ?_167
            BA56              BA56  ?_168
            BA58              BA58  fifo8_get
            BA7F              BA7F  ?_169
            BAC4              BAC4  ?_170
            BAD6              BAD6  ?_171
            BAD8              BAD8  fifo8_status
            BAED              BAED  charToHexVal
            BB08              BB08  ?_172
            BB0F              BB0F  ?_173
            BB11              BB11  charToHexStr
            BB64              BB64  intToHexStr
            BB88              BB88  ?_174
            BB97              BB97  ?_175
            BBA6              BBA6  ?_176
            BBD1              BBD1  ?_177
            BBE2              BBE2  ?_178
            BBE6              BBE6  ?_179
            BBF2              BBF2  ?_180
            BBF9              BBF9  memman_init
            BC25              BC25  memman_total
            BC3B              BC3B  ?_181
            BC4F              BC4F  ?_182
            BC5E              BC5E  memman_alloc
            BC70              BC70  ?_183
            BCEC              BCEC  ?_184
            BCF1              BCF1  ?_185
            BCF5              BCF5  ?_186
            BD08              BD08  ?_187
            BD0A              BD0A  memman_free
            BD1A              BD1A  ?_188
            BD2D              BD2D  ?_189
            BD31              BD31  ?_190
            BD3B              BD3B  ?_191
            BDF5              BDF5  ?_192
            BDFF              BDFF  ?_193
            BE5B              BE5B  ?_194
            BE75              BE75  ?_195
            BE9D              BE9D  ?_196
            BECC              BECC  ?_197
            BEF2              BEF2  ?_198
            BF1B              BF1B  ?_199
            BF21              BF21  memman_alloc_4k
            BF51              BF51  memman_free_4k
            BF88              BF88  sheet_control_init
            BFCE              BFCE  ?_200
            BFFB              BFFB  ?_201
            C016              C016  ?_202
            C068              C068  ?_203
            C06B              C06B  ?_204
            C06D              C06D  sheet_alloc
            C07C              C07C  ?_205
            C0D3              C0D3  ?_206
            C0D7              C0D7  ?_207
            C0E5              C0E5  ?_208
            C0E7              C0E7  sheet_setbuf
            C10F              C10F  sheet_updown
            C13A              C13A  ?_209
            C147              C147  ?_210
            C16E              C16E  ?_211
            C1A2              C1A2  ?_212
            C25D              C25D  ?_213
            C270              C270  ?_214
            C2A4              C2A4  ?_215
            C2AF              C2AF  ?_216
            C35D              C35D  ?_217
            C377              C377  ?_218
            C3AB              C3AB  ?_219
            C3C5              C3C5  ?_220
            C3D0              C3D0  ?_221
            C40A              C40A  ?_222
            C431              C431  ?_223
            C4C9              C4C9  ?_224
            C4D0              C4D0  sheet_refresh
            C536              C536  ?_225
            C543              C543  sheet_slide
            C67C              C67C  ?_226
            C682              C682  sheet_refresh_local
            C6A6              C6A6  ?_227
            C6B3              C6B3  ?_228
            C6C7              C6C7  ?_229
            C6DB              C6DB  ?_230
            C6E6              C6E6  ?_231
            C71F              C71F  ?_232
            C739              C739  ?_233
            C7D5              C7D5  ?_234
            C7D9              C7D9  ?_235
            C7EC              C7EC  ?_236
            C7FF              C7FF  ?_237
            C810              C810  sheet_refresh_map
            C834              C834  ?_238
            C841              C841  ?_239
            C855              C855  ?_240
            C869              C869  ?_241
            C874              C874  ?_242
            C8EE              C8EE  ?_243
            C8FB              C8FB  ?_244
            C90F              C90F  ?_245
            C923              C923  ?_246
            C92B              C92B  ?_247
            C941              C941  ?_248
            C995              C995  ?_249
            C999              C999  ?_250
            C9A5              C9A5  ?_251
            C9B5              C9B5  ?_252
            C9C6              C9C6  init_time_port
            CA1B              CA1B  ?_253
            CA43              CA43  ?_254
            CA4E              CA4E  get_timer_control
            CA58              CA58  timer_alloc
            CA67              CA67  ?_255
            CA89              CA89  ?_256
            CA8D              CA8D  ?_257
            CA96              CA96  ?_258
            CA98              CA98  timer_free
            CAA7              CAA7  timer_init
            CAC8              CAC8  timer_settime
            CADF              CADF  intHandlerTimer
            CB16              CB16  ?_259
            CBB7              CBB7  ?_260
            CBC2              CBC2  ?_261
            CBC6              CBC6  ?_262
            CBD5              CBD5  segment_descriptor
            CBF1              CBF1  ?_263
            CC4F              CC4F  init_task_level
            CC9A              CC9A  ?_264
            CCBB              CCBB  ?_265
            CCC3              CCC3  task_init
            CCF5              CCF5  ?_266
            CD7A              CD7A  ?_267
            CD8D              CD8D  ?_268
            CD9C              CD9C  ?_269
            CE0D              CE0D  task_alloc
            CE1F              CE1F  ?_270
            CF1B              CF1B  ?_271
            CF1F              CF1F  ?_272
            CF2E              CF2E  ?_273
            CF30              CF30  task_run
            CF45              CF45  ?_274
            CF54              CF54  ?_275
            CF75              CF75  ?_276
            CF94              CF94  ?_277
            CFA2              CFA2  task_switch
            CFFF              CFFF  ?_278
            D02F              D02F  ?_279
            D07B              D07B  ?_280
            D07D              D07D  task_sleep
            D0ED              D0ED  ?_281
            D0F2              D0F2  task_now
            D126              D126  task_add
            D172              D172  task_remove
            D19F              D19F  ?_282
            D1BE              D1BE  ?_283
            D1C2              D1C2  ?_284
            D1CC              D1CC  ?_285
            D1F3              D1F3  ?_286
            D20C              D20C  ?_287
            D218              D218  ?_288
            D233              D233  ?_289
            D23F              D23F  task_switch_sub
            D24E              D24E  ?_290
            D26E              D26E  ?_291
            D272              D272  ?_292
            D278              D278  ?_293
            D290              D290  task_send_message
            D2BB              D2BB  file_load_content
            D2EE              D2EE  ?_294
            D2F7              D2F7  ?_295
            D321              D321  ?_296
            D323              D323  ?_297
            D329              D329  ?_298
            D348              D348  ?_299
            D366              D366  ?_300
            D3EE              D3EE  ?_301
            D409              D409  ?_302
            D413              D413  ?_303
            D417              D417  ?_304
            D425              D425  ?_305
            D443              D443  ?_306
            D44A              D44A  ?_307
            D457              D457  ?_308
            D45F              D45F  ?_309
            D46C              D46C  ?_310
            D46E              D46E  ?_311
            D478              D478  ?_312
            D484              D484  ?_313
            D490              D490  ?_314
            D49C              D49C  ?_315
            D4A9              D4A9  ?_316
            D4B0              D4B0  ?_317
            D4B2              D4B2  ?_318
            D4B6              D4B6  ?_319
            D4BA              D4BA  ?_320
            D4BE              D4BE  ?_321
            D4C2              D4C2  ?_322
            D4C8              D4C8  ?_323
            D4CC              D4CC  ?_324
            D4CE              D4CE  ?_325
            D4D6              D4D6  ?_326
            D4DE              D4DE  ?_327
            D4E6              D4E6  ?_328
            D502              D502  ?_329
            D509              D509  ?_330
            D519              D519  ?_331
            D520              D520  test
            D524              D524  memman
            D540              D540  keytable
            D5C0              D5C0  keytable_shift
            D640              D640  table_rgb.1817
            D680              D680  cursor.1885
            D780              D780  closebtn.1972
            D860              D860  keyval
            D862              D862  ?_332
            D863              D863  ?_333
            D865              D865  task_console_g
            D869              D869  task_main
            D86D              D86D  task_a
            D871              D871  sheet_control
            D875              D875  back_sheet
            D879              D879  mouse_sheet
            D87D              D87D  timerinfo1.1800
            D899              D899  timerbuf1.1803
            D8A1              D8A1  timerinfo2.1801
            D8BD              D8BD  timerbuf2.1804
            D8C5              D8C5  timerinfo3.1802
            D8E1              D8E1  timerbuf3.1805
            D905              D905  screen_info
            D909              D909  ?_334
            D90B              D90B  ?_335
            D90D              D90D  g_Console
            D911              D911  ?_336
            D915              D915  ?_337
            D919              D919  ?_338
            D91D              D91D  ?_339
            D91E              D91E  ?_340
            D925              D925  mouse_cursor_buf
            DA25              DA25  back_buf
            DA29              DA29  sheet_win
            DA2D              DA2D  mouse_x
            DA31              DA31  mouse_y
            DA35              DA35  key_shift
            DA39              DA39  caps_lock
            DA3D              DA3D  buffer
            DA41              DA41  ?_341
            DA45              DA45  mouse_send_info
            DA65              DA65  keyinfo
            DA85              DA85  keybuf
            DAA5              DAA5  mouseinfo
            DAC5              DAC5  mousebuf
            DB45              DB45  str.1386
            DB46              DB46  ?_342
            DB4F              DB4F  ?_343
            DB65              DB65  timer_control
            FAA9              FAA9  task_timer
            FAAD              FAAD  task_control
            FAB3              FAB3  _SpuriousHandler
            FAB4              FAB4  _StackOverflowHandler
            FACD              FACD  _ExceptionHandler
            FAE6              FAE6  _TimerHandler
            FB00              FB00  _KeyboardHandler
            FB12              FB12  _MouseHandler
            FB24              FB24  _AsmConsolePutCharHandler
            FB3D              FB3D  end_app
            FB41              FB41  start_app
            FB6A              FB6A  asm_end_app
            FB79              FB79  io_hlt
            FB7B              FB7B  io_cli
            FB7D              FB7D  io_sti
            FB7F              FB7F  io_stihlt
            FB82              FB82  io_out8
            FB8C              FB8C  io_out16
            FB98              FB98  io_out32
            FBA2              FBA2  io_in8
            FBAD              FBAD  io_in16
            FBB9              FBB9  io_in32
            FBC4              FBC4  io_load_eflags
            FBC7              FBC7  io_store_eflags
            FBCE              FBCE  get_memory_block_count
            FBD4              FBD4  get_memory_address
            FBDA              FBDA  get_addr_gdt
            FBE0              FBE0  get_code32_addr
            FBE6              FBE6  load_tr
            FBEC              FBEC  taskswitch9
            FBF4              FBF4  taskswitch8
            FBFC              FBFC  taskswitch7
            FC04              FC04  taskswitch10
            FC0C              FC0C  farjmp

---- Section .data ------------------------------------------------------------

Real              Virtual           Name
            FC18              FC18  MemoryBuf
            FD18              FD18  MemoryNumber
            FD1C              FD1C  LABEL_SYSTEM_FONT
            FD1C              FD1C  systemFont
           10D1C             10D1C  LABEL_STACK

