
- NASM Map file ---------------------------------------------------------------

Source file:  kernel.asm
Output file:  kernel.bat

-- Symbols --------------------------------------------------------------------

---- No Section ---------------------------------------------------------------

Value     Name
00004000  DA_32
00000098  DA_C
00000092  DA_DRW
00000093  DA_DRWA
00008000  DA_LIMIT_4K
0000008E  DA_386IGate
000000A8  GdtLen
00000008  SelectorCode32
00000010  SelectorVideo
00000018  SelectorVram
00000020  SelectorData
00000028  SelectorFont
00000030  SelectorStack
00000170  IdtLen
00007578  SpuriousHandler
00007579  TimerHandler
0000758B  KeyboardHandler
0000759D  MouseHandler
000075AF  AsmConsolePutCharHandler
00007659  SegCode32Len
00001000  SystemFontLength
00000400  TopOfStack0
00000800  TopOfStack1
00000C00  TopOfStack2
00000C00  LenOfStackSection


---- Section .text ------------------------------------------------------------

Real              Virtual           Name
            8000              8000  VRAM_ADDRESS

---- Section .gdt -------------------------------------------------------------

Real              Virtual           Name
            8008              8008  LABEL_GDT
            8010              8010  LABEL_DESC_CODE32
            8018              8018  LABEL_DESC_VIDEO
            8020              8020  LABEL_DESC_VRAM
            8028              8028  LABEL_DESC_DATA
            8030              8030  LABEL_DESC_FONT
            8038              8038  LABEL_DESC_STACK
            8040              8040  LABEL_DESC_7
            8048              8048  LABEL_DESC_8
            8050              8050  LABEL_DESC_9
            8058              8058  LABEL_DESC_10
            80B0              80B0  GdtPtr

---- Section .idt -------------------------------------------------------------

Real              Virtual           Name
            80B8              80B8  LABEL_IDT
            81B8              81B8  LABEL_IDT.020H
            81C0              81C0  LABEL_IDT.021H
            8218              8218  LABEL_IDT.02CH
            8220              8220  LABEL_IDT.02DH
            8228              8228  IdtPtr

---- Section .s16 -------------------------------------------------------------

Real              Virtual           Name
            8230              8230  LABEL_BEGIN
            823B              823B  ComputeMemory
            8244              8244  ComputeMemory.loop
            8267              8267  LABEL_MEM_CHK_FAIL
            8270              8270  LABEL_MEM_CHK_OK
            82FE              82FE  init8259A
            8341              8341  io_delay

---- Section .s32 -------------------------------------------------------------

Real              Virtual           Name
            8348              8348  LABEL_SEG_CODE32
            836B              836B  CMain
            8732              8732  ?_001
            878B              878B  ?_002
            8857              8857  ?_003
            88C8              88C8  ?_004
            8962              8962  ?_005
            8AE4              8AE4  ?_006
            8B35              8B35  ?_007
            8B68              8B68  ?_008
            8B8B              8B8B  ?_009
            8BAC              8BAC  ?_010
            8BFE              8BFE  ?_011
            8C20              8C20  ?_012
            8C68              8C68  ?_013
            8C9B              8C9B  ?_014
            8CA0              8CA0  task_b_main
            8D61              8D61  ?_015
            8D80              8D80  ?_016
            8DEB              8DEB  ?_017
            8DF0              8DF0  init_screeninfo
            8E13              8E13  init_palette
            8E38              8E38  set_palette
            8E66              8E66  ?_018
            8EC8              8EC8  ?_019
            8EDE              8EDE  paint_rectangle
            8EF2              8EF2  ?_020
            8EFA              8EFA  ?_021
            8F19              8F19  ?_022
            8F25              8F25  ?_023
            8F2F              8F2F  init_desktop
            92B6              92B6  init_mouse_position
            92FC              92FC  paint_font
            9314              9314  ?_024
            934A              934A  ?_025
            9376              9376  ?_026
            93A2              93A2  ?_027
            93CE              93CE  ?_028
            93FA              93FA  ?_029
            9426              9426  ?_030
            9452              9452  ?_031
            947E              947E  ?_032
            9482              9482  ?_033
            948E              948E  paint_string
            94A3              94A3  ?_034
            94EE              94EE  ?_035
            952F              952F  init_mouse_cursor
            9547              9547  ?_036
            9553              9553  ?_037
            9585              9585  ?_038
            95B7              95B7  ?_039
            95D1              95D1  ?_040
            95D5              95D5  ?_041
            95E3              95E3  ?_042
            95EF              95EF  paint_block
            95FE              95FE  ?_043
            9607              9607  ?_044
            9642              9642  ?_045
            964E              964E  ?_046
            9658              9658  init_fifo_buf
            96A8              96A8  compute_mouse_position
            96E2              96E2  ?_047
            96F5              96F5  ?_048
            9719              9719  ?_049
            973D              973D  ?_050
            973F              973F  show_mouse_info
            97EC              97EC  ?_051
            97EE              97EE  show_memory_info
            9AF8              9AF8  message_box
            9BE3              9BE3  make_textbox
            9E7C              9E7C  make_windows
            A140              A140  make_window_title
            A15D              A15D  ?_052
            A165              A165  ?_053
            A1E9              A1E9  ?_054
            A1F2              A1F2  ?_055
            A216              A216  ?_056
            A222              A222  ?_057
            A22E              A22E  ?_058
            A232              A232  ?_059
            A262              A262  ?_060
            A26C              A26C  ?_061
            A27C              A27C  transfer_scancode
            A295              A295  ?_062
            A2A8              A2A8  ?_063
            A2BE              A2BE  ?_064
            A2D4              A2D4  ?_065
            A2EF              A2EF  ?_066
            A2F9              A2F9  ?_067
            A323              A323  ?_068
            A32D              A32D  ?_069
            A37E              A37E  ?_070
            A380              A380  ?_071
            A3AE              A3AE  ?_072
            A3B2              A3B2  ?_073
            A3B6              A3B6  ?_074
            A3B8              A3B8  is_special_key
            A3F6              A3F6  ?_075
            A3FD              A3FD  ?_076
            A402              A402  ?_077
            A404              A404  console_task
            A523              A523  ?_078
            A544              A544  ?_079
            A592              A592  ?_080
            A5B6              A5B6  ?_081
            A5CE              A5CE  ?_082
            A610              A610  ?_083
            A66F              A66F  ?_084
            A6FB              A6FB  ?_085
            A791              A791  ?_086
            A7B0              A7B0  ?_087
            A7CF              A7CF  ?_088
            A80D              A80D  ?_089
            A82A              A82A  ?_090
            A836              A836  ?_091
            A8A3              A8A3  ?_092
            A8DD              A8DD  ?_093
            A8E2              A8E2  command_mem
            A9D1              A9D1  command_cls
            A9EE              A9EE  ?_094
            A9F7              A9F7  ?_095
            AA1A              AA1A  ?_096
            AA27              AA27  ?_097
            AAAA              AAAA  command_dir
            AADE              AADE  ?_098
            AAE7              AAE7  ?_099
            AB11              AB11  ?_100
            AB13              AB13  ?_101
            AB19              AB19  ?_102
            AB31              AB31  ?_103
            AB4F              AB4F  ?_104
            AC07              AC07  ?_105
            AC37              AC37  command_type
            AC7E              AC7E  ?_106
            ACAC              ACAC  ?_107
            ACAE              ACAE  ?_108
            ACB4              ACB4  ?_109
            ACC4              ACC4  ?_110
            ACD1              ACD1  ?_111
            ACFB              ACFB  ?_112
            ACFD              ACFD  ?_113
            AD03              AD03  ?_114
            AD1B              AD1B  ?_115
            AD39              AD39  ?_116
            ADA2              ADA2  ?_117
            ADBC              ADBC  ?_118
            AE38              AE38  ?_119
            AE3A              AE3A  ?_120
            AE6D              AE6D  ?_121
            AEEE              AEEE  ?_122
            AEF2              AEF2  ?_123
            AF01              AF01  ?_124
            AF05              AF05  ?_125
            AF13              AF13  ?_126
            AF5C              AF5C  command_hlt
            AFE1              AFE1  launch_console
            B1B3              B1B3  set_cursor
            B239              B239  console_new_line
            B252              B252  ?_127
            B25B              B25B  ?_128
            B264              B264  ?_129
            B2A0              B2A0  ?_130
            B2AD              B2AD  ?_131
            B2BF              B2BF  ?_132
            B2C8              B2C8  ?_133
            B2E7              B2E7  ?_134
            B2F4              B2F4  ?_135
            B331              B331  ?_136
            B36D              B36D  strcmp
            B37F              B37F  ?_137
            B389              B389  ?_138
            B392              B392  ?_139
            B3B3              B3B3  ?_140
            B3B7              B3B7  ?_141
            B3CC              B3CC  ?_142
            B3F1              B3F1  ?_143
            B416              B416  ?_144
            B41B              B41B  ?_145
            B41D              B41D  c_console_putchar
            B4C1              B4C1  c_console_putstr
            B4C9              B4C9  ?_146
            B4E6              B4E6  ?_147
            B4F2              B4F2  kernel_api
            B516              B516  ?_148
            B52F              B52F  ?_149
            B531              B531  wait_KBC_sendready
            B537              B537  ?_150
            B54C              B54C  ?_151
            B54E              B54E  ?_152
            B550              B550  init_keyboard
            B58A              B58A  enable_mouse
            B5C4              B5C4  mouse_decode
            B5E8              B5E8  ?_153
            B5F2              B5F2  ?_154
            B61B              B61B  ?_155
            B625              B625  ?_156
            B64B              B64B  ?_157
            B6C2              B6C2  ?_158
            B6E5              B6E5  ?_159
            B6FC              B6FC  ?_160
            B701              B701  ?_161
            B703              B703  intHandlerKeyboard
            B756              B756  intHandlerMouse
            B7A9              B7A9  fifo8_init
            B7EF              B7EF  fifo8_put
            B80B              B80B  ?_162
            B830              B830  ?_163
            B872              B872  ?_164
            B8B7              B8B7  ?_165
            B8BC              B8BC  ?_166
            B8BE              B8BE  fifo8_get
            B8E5              B8E5  ?_167
            B92A              B92A  ?_168
            B93C              B93C  ?_169
            B93E              B93E  fifo8_status
            B953              B953  charToHexVal
            B96E              B96E  ?_170
            B975              B975  ?_171
            B977              B977  charToHexStr
            B9CA              B9CA  intToHexStr
            B9EE              B9EE  ?_172
            B9FD              B9FD  ?_173
            BA0C              BA0C  ?_174
            BA37              BA37  ?_175
            BA48              BA48  ?_176
            BA4C              BA4C  ?_177
            BA58              BA58  ?_178
            BA5F              BA5F  memman_init
            BA8B              BA8B  memman_total
            BAA1              BAA1  ?_179
            BAB5              BAB5  ?_180
            BAC4              BAC4  memman_alloc
            BAD6              BAD6  ?_181
            BB52              BB52  ?_182
            BB57              BB57  ?_183
            BB5B              BB5B  ?_184
            BB6E              BB6E  ?_185
            BB70              BB70  memman_free
            BB80              BB80  ?_186
            BB93              BB93  ?_187
            BB97              BB97  ?_188
            BBA1              BBA1  ?_189
            BC5B              BC5B  ?_190
            BC65              BC65  ?_191
            BCC1              BCC1  ?_192
            BCDB              BCDB  ?_193
            BD03              BD03  ?_194
            BD32              BD32  ?_195
            BD58              BD58  ?_196
            BD81              BD81  ?_197
            BD87              BD87  memman_alloc_4k
            BDB7              BDB7  memman_free_4k
            BDEE              BDEE  sheet_control_init
            BE34              BE34  ?_198
            BE61              BE61  ?_199
            BE7C              BE7C  ?_200
            BECE              BECE  ?_201
            BED1              BED1  ?_202
            BED3              BED3  sheet_alloc
            BEE2              BEE2  ?_203
            BF39              BF39  ?_204
            BF3D              BF3D  ?_205
            BF4B              BF4B  ?_206
            BF4D              BF4D  sheet_setbuf
            BF75              BF75  sheet_updown
            BFA0              BFA0  ?_207
            BFAD              BFAD  ?_208
            BFD4              BFD4  ?_209
            C008              C008  ?_210
            C0C3              C0C3  ?_211
            C0D6              C0D6  ?_212
            C10A              C10A  ?_213
            C115              C115  ?_214
            C1C3              C1C3  ?_215
            C1DD              C1DD  ?_216
            C211              C211  ?_217
            C22B              C22B  ?_218
            C236              C236  ?_219
            C270              C270  ?_220
            C297              C297  ?_221
            C32F              C32F  ?_222
            C336              C336  sheet_refresh
            C39C              C39C  ?_223
            C3A9              C3A9  sheet_slide
            C4E2              C4E2  ?_224
            C4E8              C4E8  sheet_refresh_local
            C50C              C50C  ?_225
            C519              C519  ?_226
            C52D              C52D  ?_227
            C541              C541  ?_228
            C54C              C54C  ?_229
            C585              C585  ?_230
            C59F              C59F  ?_231
            C63B              C63B  ?_232
            C63F              C63F  ?_233
            C652              C652  ?_234
            C665              C665  ?_235
            C676              C676  sheet_refresh_map
            C69A              C69A  ?_236
            C6A7              C6A7  ?_237
            C6BB              C6BB  ?_238
            C6CF              C6CF  ?_239
            C6DA              C6DA  ?_240
            C754              C754  ?_241
            C761              C761  ?_242
            C775              C775  ?_243
            C789              C789  ?_244
            C791              C791  ?_245
            C7A7              C7A7  ?_246
            C7FB              C7FB  ?_247
            C7FF              C7FF  ?_248
            C80B              C80B  ?_249
            C81B              C81B  ?_250
            C82C              C82C  init_time_port
            C881              C881  ?_251
            C8A9              C8A9  ?_252
            C8B4              C8B4  get_timer_control
            C8BE              C8BE  timer_alloc
            C8CD              C8CD  ?_253
            C8EF              C8EF  ?_254
            C8F3              C8F3  ?_255
            C8FC              C8FC  ?_256
            C8FE              C8FE  timer_free
            C90D              C90D  timer_init
            C92E              C92E  timer_settime
            C945              C945  intHandlerTimer
            C97C              C97C  ?_257
            CA1D              CA1D  ?_258
            CA28              CA28  ?_259
            CA2C              CA2C  ?_260
            CA3B              CA3B  segment_descriptor
            CA57              CA57  ?_261
            CAB5              CAB5  init_task_level
            CB00              CB00  ?_262
            CB21              CB21  ?_263
            CB29              CB29  task_init
            CB5B              CB5B  ?_264
            CBE0              CBE0  ?_265
            CBF3              CBF3  ?_266
            CC02              CC02  ?_267
            CC73              CC73  task_alloc
            CC85              CC85  ?_268
            CD77              CD77  ?_269
            CD7B              CD7B  ?_270
            CD8A              CD8A  ?_271
            CD8C              CD8C  task_run
            CDA1              CDA1  ?_272
            CDB0              CDB0  ?_273
            CDD1              CDD1  ?_274
            CDF0              CDF0  ?_275
            CDFE              CDFE  task_switch
            CE5B              CE5B  ?_276
            CE8B              CE8B  ?_277
            CED7              CED7  ?_278
            CED9              CED9  task_sleep
            CF49              CF49  ?_279
            CF4E              CF4E  task_now
            CF82              CF82  task_add
            CFCE              CFCE  task_remove
            CFFB              CFFB  ?_280
            D01A              D01A  ?_281
            D01E              D01E  ?_282
            D028              D028  ?_283
            D04F              D04F  ?_284
            D068              D068  ?_285
            D074              D074  ?_286
            D08F              D08F  ?_287
            D09B              D09B  task_switch_sub
            D0AA              D0AA  ?_288
            D0CA              D0CA  ?_289
            D0CE              D0CE  ?_290
            D0D4              D0D4  ?_291
            D0EC              D0EC  task_send_message
            D117              D117  file_load_content
            D14A              D14A  ?_292
            D153              D153  ?_293
            D17D              D17D  ?_294
            D17F              D17F  ?_295
            D185              D185  ?_296
            D1A4              D1A4  ?_297
            D1C2              D1C2  ?_298
            D24A              D24A  ?_299
            D265              D265  ?_300
            D26F              D26F  ?_301
            D273              D273  ?_302
            D281              D281  ?_303
            D29F              D29F  ?_304
            D2A6              D2A6  ?_305
            D2AE              D2AE  ?_306
            D2BB              D2BB  ?_307
            D2BD              D2BD  ?_308
            D2C7              D2C7  ?_309
            D2D3              D2D3  ?_310
            D2DF              D2DF  ?_311
            D2EB              D2EB  ?_312
            D2F8              D2F8  ?_313
            D2FF              D2FF  ?_314
            D301              D301  ?_315
            D305              D305  ?_316
            D309              D309  ?_317
            D30D              D30D  ?_318
            D311              D311  ?_319
            D317              D317  ?_320
            D31B              D31B  ?_321
            D31D              D31D  ?_322
            D325              D325  ?_323
            D32D              D32D  test
            D331              D331  memman
            D34D              D34D  keytable
            D3CD              D3CD  keytable_shift
            D44D              D44D  table_rgb.1812
            D48D              D48D  cursor.1880
            D58D              D58D  closebtn.1967
            D66D              D66D  keyval
            D66F              D66F  ?_324
            D670              D670  ?_325
            D672              D672  task_console_g
            D676              D676  task_main
            D67A              D67A  task_a
            D67E              D67E  sheet_control
            D682              D682  back_sheet
            D686              D686  mouse_sheet
            D68A              D68A  timerinfo1.1794
            D6A6              D6A6  timerbuf1.1797
            D6AE              D6AE  timerinfo2.1795
            D6CA              D6CA  timerbuf2.1798
            D6D2              D6D2  timerinfo3.1796
            D6EE              D6EE  timerbuf3.1799
            D712              D712  screen_info
            D716              D716  ?_326
            D718              D718  ?_327
            D71A              D71A  g_Console
            D71E              D71E  ?_328
            D722              D722  ?_329
            D726              D726  ?_330
            D72A              D72A  ?_331
            D72B              D72B  ?_332
            D732              D732  mouse_cursor_buf
            D832              D832  back_buf
            D836              D836  sheet_win
            D83A              D83A  mouse_x
            D83E              D83E  mouse_y
            D842              D842  key_shift
            D846              D846  caps_lock
            D84A              D84A  buffer
            D84E              D84E  ?_333
            D852              D852  mouse_send_info
            D872              D872  keyinfo
            D892              D892  keybuf
            D8B2              D8B2  mouseinfo
            D8D2              D8D2  mousebuf
            D952              D952  str.1386
            D953              D953  ?_334
            D95C              D95C  ?_335
            D972              D972  timer_control
            F8B6              F8B6  task_timer
            F8BA              F8BA  task_control
            F8C0              F8C0  _SpuriousHandler
            F8C1              F8C1  _TimerHandler
            F8D3              F8D3  _KeyboardHandler
            F8E5              F8E5  _MouseHandler
            F8F7              F8F7  _AsmConsolePutCharHandler
            F903              F903  io_hlt
            F905              F905  io_cli
            F907              F907  io_sti
            F909              F909  io_stihlt
            F90C              F90C  io_out8
            F916              F916  io_out16
            F922              F922  io_out32
            F92C              F92C  io_in8
            F937              F937  io_in16
            F943              F943  io_in32
            F94E              F94E  io_load_eflags
            F951              F951  io_store_eflags
            F958              F958  get_memory_block_count
            F95E              F95E  get_memory_address
            F964              F964  get_addr_gdt
            F96A              F96A  get_code32_addr
            F970              F970  load_tr
            F976              F976  taskswitch9
            F97E              F97E  taskswitch8
            F986              F986  taskswitch7
            F98E              F98E  taskswitch10
            F996              F996  farjmp

---- Section .data ------------------------------------------------------------

Real              Virtual           Name
            F9A4              F9A4  MemoryBuf
            FAA4              FAA4  MemoryNumber
            FAA8              FAA8  LABEL_SYSTEM_FONT
            FAA8              FAA8  systemFont
           10AA8             10AA8  LABEL_STACK

