
- NASM Map file ---------------------------------------------------------------

Source file:  kernel.asm
Output file:  kernel.bat

-- Symbols --------------------------------------------------------------------

---- No Section ---------------------------------------------------------------

Value     Name
00004000  DA_32
00000098  DA_C
00000092  DA_DRW
00000093  DA_DRWA
00008000  DA_LIMIT_4K
0000008E  DA_386IGate
000000A8  GdtLen
00000008  SelectorCode32
00000010  SelectorVideo
00000018  SelectorVram
00000020  SelectorData
00000028  SelectorFont
00000030  SelectorStack
00000170  IdtLen
000076A5  SpuriousHandler
000076A6  ExceptionHandler
000076D3  TimerHandler
000076E5  KeyboardHandler
000076F7  MouseHandler
00007709  AsmConsolePutCharHandler
000077EA  SegCode32Len
00001000  SystemFontLength
00000400  TopOfStack0
00000800  TopOfStack1
00000C00  TopOfStack2
00000C00  LenOfStackSection


---- Section .text ------------------------------------------------------------

Real              Virtual           Name
            8000              8000  VRAM_ADDRESS

---- Section .gdt -------------------------------------------------------------

Real              Virtual           Name
            8008              8008  LABEL_GDT
            8010              8010  LABEL_DESC_CODE32
            8018              8018  LABEL_DESC_VIDEO
            8020              8020  LABEL_DESC_VRAM
            8028              8028  LABEL_DESC_DATA
            8030              8030  LABEL_DESC_FONT
            8038              8038  LABEL_DESC_STACK
            8040              8040  LABEL_DESC_7
            8048              8048  LABEL_DESC_8
            8050              8050  LABEL_DESC_9
            8058              8058  LABEL_DESC_10
            80B0              80B0  GdtPtr

---- Section .idt -------------------------------------------------------------

Real              Virtual           Name
            80B8              80B8  LABEL_IDT
            8120              8120  LABEL_IDT.0Dh
            81B8              81B8  LABEL_IDT.020H
            81C0              81C0  LABEL_IDT.021H
            8218              8218  LABEL_IDT.02CH
            8220              8220  LABEL_IDT.02DH
            8228              8228  IdtPtr

---- Section .s16 -------------------------------------------------------------

Real              Virtual           Name
            8230              8230  LABEL_BEGIN
            823B              823B  ComputeMemory
            8244              8244  ComputeMemory.loop
            8267              8267  LABEL_MEM_CHK_FAIL
            8270              8270  LABEL_MEM_CHK_OK
            82FE              82FE  init8259A
            8341              8341  io_delay

---- Section .s32 -------------------------------------------------------------

Real              Virtual           Name
            8348              8348  LABEL_SEG_CODE32
            836B              836B  CMain
            8732              8732  ?_001
            878B              878B  ?_002
            8857              8857  ?_003
            88C8              88C8  ?_004
            8962              8962  ?_005
            8AE4              8AE4  ?_006
            8B35              8B35  ?_007
            8B68              8B68  ?_008
            8B8B              8B8B  ?_009
            8BAC              8BAC  ?_010
            8BFE              8BFE  ?_011
            8C20              8C20  ?_012
            8C68              8C68  ?_013
            8C9B              8C9B  ?_014
            8CA0              8CA0  task_b_main
            8D61              8D61  ?_015
            8D80              8D80  ?_016
            8DEB              8DEB  ?_017
            8DF0              8DF0  init_screeninfo
            8E13              8E13  init_palette
            8E38              8E38  set_palette
            8E66              8E66  ?_018
            8EC8              8EC8  ?_019
            8EDE              8EDE  paint_rectangle
            8EF2              8EF2  ?_020
            8EFA              8EFA  ?_021
            8F19              8F19  ?_022
            8F25              8F25  ?_023
            8F2F              8F2F  init_desktop
            92B6              92B6  init_mouse_position
            92FC              92FC  paint_font
            9314              9314  ?_024
            934A              934A  ?_025
            9376              9376  ?_026
            93A2              93A2  ?_027
            93CE              93CE  ?_028
            93FA              93FA  ?_029
            9426              9426  ?_030
            9452              9452  ?_031
            947E              947E  ?_032
            9482              9482  ?_033
            948E              948E  paint_string
            94A3              94A3  ?_034
            94EE              94EE  ?_035
            952F              952F  init_mouse_cursor
            9547              9547  ?_036
            9553              9553  ?_037
            9585              9585  ?_038
            95B7              95B7  ?_039
            95D1              95D1  ?_040
            95D5              95D5  ?_041
            95E3              95E3  ?_042
            95EF              95EF  paint_block
            95FE              95FE  ?_043
            9607              9607  ?_044
            9642              9642  ?_045
            964E              964E  ?_046
            9658              9658  init_fifo_buf
            96A8              96A8  compute_mouse_position
            96E2              96E2  ?_047
            96F5              96F5  ?_048
            9719              9719  ?_049
            973D              973D  ?_050
            973F              973F  show_mouse_info
            97EC              97EC  ?_051
            97EE              97EE  show_memory_info
            9AF8              9AF8  message_box
            9BE3              9BE3  make_textbox
            9E7C              9E7C  make_windows
            A140              A140  make_window_title
            A15D              A15D  ?_052
            A165              A165  ?_053
            A1E9              A1E9  ?_054
            A1F2              A1F2  ?_055
            A216              A216  ?_056
            A222              A222  ?_057
            A22E              A22E  ?_058
            A232              A232  ?_059
            A262              A262  ?_060
            A26C              A26C  ?_061
            A27C              A27C  transfer_scancode
            A295              A295  ?_062
            A2A8              A2A8  ?_063
            A2BE              A2BE  ?_064
            A2D4              A2D4  ?_065
            A2EF              A2EF  ?_066
            A2F9              A2F9  ?_067
            A323              A323  ?_068
            A32D              A32D  ?_069
            A37E              A37E  ?_070
            A380              A380  ?_071
            A3AE              A3AE  ?_072
            A3B2              A3B2  ?_073
            A3B6              A3B6  ?_074
            A3B8              A3B8  is_special_key
            A3F6              A3F6  ?_075
            A3FD              A3FD  ?_076
            A402              A402  ?_077
            A404              A404  console_task
            A523              A523  ?_078
            A544              A544  ?_079
            A592              A592  ?_080
            A5B6              A5B6  ?_081
            A5CE              A5CE  ?_082
            A610              A610  ?_083
            A66F              A66F  ?_084
            A6FB              A6FB  ?_085
            A79B              A79B  ?_086
            A7BD              A7BD  ?_087
            A7DF              A7DF  ?_088
            A820              A820  ?_089
            A83F              A83F  ?_090
            A8AC              A8AC  ?_091
            A8E6              A8E6  ?_092
            A8EB              A8EB  command_mem
            A9DA              A9DA  command_cls
            A9F7              A9F7  ?_093
            AA00              AA00  ?_094
            AA23              AA23  ?_095
            AA30              AA30  ?_096
            AAB3              AAB3  command_dir
            AAE7              AAE7  ?_097
            AAF0              AAF0  ?_098
            AB1A              AB1A  ?_099
            AB1C              AB1C  ?_100
            AB22              AB22  ?_101
            AB3A              AB3A  ?_102
            AB58              AB58  ?_103
            AC10              AC10  ?_104
            AC40              AC40  command_type
            AC87              AC87  ?_105
            ACB5              ACB5  ?_106
            ACB7              ACB7  ?_107
            ACBD              ACBD  ?_108
            ACCD              ACCD  ?_109
            ACDA              ACDA  ?_110
            AD04              AD04  ?_111
            AD06              AD06  ?_112
            AD0C              AD0C  ?_113
            AD24              AD24  ?_114
            AD42              AD42  ?_115
            ADAB              ADAB  ?_116
            ADC5              ADC5  ?_117
            AE41              AE41  ?_118
            AE43              AE43  ?_119
            AE76              AE76  ?_120
            AEF7              AEF7  ?_121
            AEFB              AEFB  ?_122
            AF0A              AF0A  ?_123
            AF0E              AF0E  ?_124
            AF1C              AF1C  ?_125
            AF65              AF65  command_hlt
            B091              B091  launch_console
            B263              B263  set_cursor
            B2E9              B2E9  console_new_line
            B302              B302  ?_126
            B30B              B30B  ?_127
            B314              B314  ?_128
            B350              B350  ?_129
            B35D              B35D  ?_130
            B36F              B36F  ?_131
            B378              B378  ?_132
            B397              B397  ?_133
            B3A4              B3A4  ?_134
            B3E1              B3E1  ?_135
            B41D              B41D  strcmp
            B42F              B42F  ?_136
            B439              B439  ?_137
            B442              B442  ?_138
            B463              B463  ?_139
            B467              B467  ?_140
            B47C              B47C  ?_141
            B4A1              B4A1  ?_142
            B4C6              B4C6  ?_143
            B4CB              B4CB  ?_144
            B4CD              B4CD  c_console_putchar
            B571              B571  c_console_putstr
            B579              B579  ?_145
            B596              B596  ?_146
            B5A2              B5A2  kernel_api
            B5C6              B5C6  ?_147
            B5DF              B5DF  ?_148
            B5E1              B5E1  intHandlerException
            B63A              B63A  wait_KBC_sendready
            B640              B640  ?_149
            B655              B655  ?_150
            B657              B657  ?_151
            B659              B659  init_keyboard
            B693              B693  enable_mouse
            B6CD              B6CD  mouse_decode
            B6F1              B6F1  ?_152
            B6FB              B6FB  ?_153
            B724              B724  ?_154
            B72E              B72E  ?_155
            B754              B754  ?_156
            B7CB              B7CB  ?_157
            B7EE              B7EE  ?_158
            B805              B805  ?_159
            B80A              B80A  ?_160
            B80C              B80C  intHandlerKeyboard
            B85F              B85F  intHandlerMouse
            B8B2              B8B2  fifo8_init
            B8F8              B8F8  fifo8_put
            B914              B914  ?_161
            B939              B939  ?_162
            B97B              B97B  ?_163
            B9C0              B9C0  ?_164
            B9C5              B9C5  ?_165
            B9C7              B9C7  fifo8_get
            B9EE              B9EE  ?_166
            BA33              BA33  ?_167
            BA45              BA45  ?_168
            BA47              BA47  fifo8_status
            BA5C              BA5C  charToHexVal
            BA77              BA77  ?_169
            BA7E              BA7E  ?_170
            BA80              BA80  charToHexStr
            BAD3              BAD3  intToHexStr
            BAF7              BAF7  ?_171
            BB06              BB06  ?_172
            BB15              BB15  ?_173
            BB40              BB40  ?_174
            BB51              BB51  ?_175
            BB55              BB55  ?_176
            BB61              BB61  ?_177
            BB68              BB68  memman_init
            BB94              BB94  memman_total
            BBAA              BBAA  ?_178
            BBBE              BBBE  ?_179
            BBCD              BBCD  memman_alloc
            BBDF              BBDF  ?_180
            BC5B              BC5B  ?_181
            BC60              BC60  ?_182
            BC64              BC64  ?_183
            BC77              BC77  ?_184
            BC79              BC79  memman_free
            BC89              BC89  ?_185
            BC9C              BC9C  ?_186
            BCA0              BCA0  ?_187
            BCAA              BCAA  ?_188
            BD64              BD64  ?_189
            BD6E              BD6E  ?_190
            BDCA              BDCA  ?_191
            BDE4              BDE4  ?_192
            BE0C              BE0C  ?_193
            BE3B              BE3B  ?_194
            BE61              BE61  ?_195
            BE8A              BE8A  ?_196
            BE90              BE90  memman_alloc_4k
            BEC0              BEC0  memman_free_4k
            BEF7              BEF7  sheet_control_init
            BF3D              BF3D  ?_197
            BF6A              BF6A  ?_198
            BF85              BF85  ?_199
            BFD7              BFD7  ?_200
            BFDA              BFDA  ?_201
            BFDC              BFDC  sheet_alloc
            BFEB              BFEB  ?_202
            C042              C042  ?_203
            C046              C046  ?_204
            C054              C054  ?_205
            C056              C056  sheet_setbuf
            C07E              C07E  sheet_updown
            C0A9              C0A9  ?_206
            C0B6              C0B6  ?_207
            C0DD              C0DD  ?_208
            C111              C111  ?_209
            C1CC              C1CC  ?_210
            C1DF              C1DF  ?_211
            C213              C213  ?_212
            C21E              C21E  ?_213
            C2CC              C2CC  ?_214
            C2E6              C2E6  ?_215
            C31A              C31A  ?_216
            C334              C334  ?_217
            C33F              C33F  ?_218
            C379              C379  ?_219
            C3A0              C3A0  ?_220
            C438              C438  ?_221
            C43F              C43F  sheet_refresh
            C4A5              C4A5  ?_222
            C4B2              C4B2  sheet_slide
            C5EB              C5EB  ?_223
            C5F1              C5F1  sheet_refresh_local
            C615              C615  ?_224
            C622              C622  ?_225
            C636              C636  ?_226
            C64A              C64A  ?_227
            C655              C655  ?_228
            C68E              C68E  ?_229
            C6A8              C6A8  ?_230
            C744              C744  ?_231
            C748              C748  ?_232
            C75B              C75B  ?_233
            C76E              C76E  ?_234
            C77F              C77F  sheet_refresh_map
            C7A3              C7A3  ?_235
            C7B0              C7B0  ?_236
            C7C4              C7C4  ?_237
            C7D8              C7D8  ?_238
            C7E3              C7E3  ?_239
            C85D              C85D  ?_240
            C86A              C86A  ?_241
            C87E              C87E  ?_242
            C892              C892  ?_243
            C89A              C89A  ?_244
            C8B0              C8B0  ?_245
            C904              C904  ?_246
            C908              C908  ?_247
            C914              C914  ?_248
            C924              C924  ?_249
            C935              C935  init_time_port
            C98A              C98A  ?_250
            C9B2              C9B2  ?_251
            C9BD              C9BD  get_timer_control
            C9C7              C9C7  timer_alloc
            C9D6              C9D6  ?_252
            C9F8              C9F8  ?_253
            C9FC              C9FC  ?_254
            CA05              CA05  ?_255
            CA07              CA07  timer_free
            CA16              CA16  timer_init
            CA37              CA37  timer_settime
            CA4E              CA4E  intHandlerTimer
            CA85              CA85  ?_256
            CB26              CB26  ?_257
            CB31              CB31  ?_258
            CB35              CB35  ?_259
            CB44              CB44  segment_descriptor
            CB60              CB60  ?_260
            CBBE              CBBE  init_task_level
            CC09              CC09  ?_261
            CC2A              CC2A  ?_262
            CC32              CC32  task_init
            CC64              CC64  ?_263
            CCE9              CCE9  ?_264
            CCFC              CCFC  ?_265
            CD0B              CD0B  ?_266
            CD7C              CD7C  task_alloc
            CD8E              CD8E  ?_267
            CE80              CE80  ?_268
            CE84              CE84  ?_269
            CE93              CE93  ?_270
            CE95              CE95  task_run
            CEAA              CEAA  ?_271
            CEB9              CEB9  ?_272
            CEDA              CEDA  ?_273
            CEF9              CEF9  ?_274
            CF07              CF07  task_switch
            CF64              CF64  ?_275
            CF94              CF94  ?_276
            CFE0              CFE0  ?_277
            CFE2              CFE2  task_sleep
            D052              D052  ?_278
            D057              D057  task_now
            D08B              D08B  task_add
            D0D7              D0D7  task_remove
            D104              D104  ?_279
            D123              D123  ?_280
            D127              D127  ?_281
            D131              D131  ?_282
            D158              D158  ?_283
            D171              D171  ?_284
            D17D              D17D  ?_285
            D198              D198  ?_286
            D1A4              D1A4  task_switch_sub
            D1B3              D1B3  ?_287
            D1D3              D1D3  ?_288
            D1D7              D1D7  ?_289
            D1DD              D1DD  ?_290
            D1F5              D1F5  task_send_message
            D220              D220  file_load_content
            D253              D253  ?_291
            D25C              D25C  ?_292
            D286              D286  ?_293
            D288              D288  ?_294
            D28E              D28E  ?_295
            D2AD              D2AD  ?_296
            D2CB              D2CB  ?_297
            D353              D353  ?_298
            D36E              D36E  ?_299
            D378              D378  ?_300
            D37C              D37C  ?_301
            D38A              D38A  ?_302
            D3A8              D3A8  ?_303
            D3AF              D3AF  ?_304
            D3B7              D3B7  ?_305
            D3C4              D3C4  ?_306
            D3C6              D3C6  ?_307
            D3D0              D3D0  ?_308
            D3DC              D3DC  ?_309
            D3E8              D3E8  ?_310
            D3F4              D3F4  ?_311
            D401              D401  ?_312
            D408              D408  ?_313
            D40A              D40A  ?_314
            D40E              D40E  ?_315
            D412              D412  ?_316
            D416              D416  ?_317
            D41A              D41A  ?_318
            D420              D420  ?_319
            D424              D424  ?_320
            D426              D426  ?_321
            D42E              D42E  ?_322
            D436              D436  ?_323
            D43E              D43E  ?_324
            D45A              D45A  test
            D45E              D45E  memman
            D47A              D47A  keytable
            D4FA              D4FA  keytable_shift
            D57A              D57A  table_rgb.1814
            D5BA              D5BA  cursor.1882
            D6BA              D6BA  closebtn.1969
            D79A              D79A  keyval
            D79C              D79C  ?_325
            D79D              D79D  ?_326
            D79F              D79F  task_console_g
            D7A3              D7A3  task_main
            D7A7              D7A7  task_a
            D7AB              D7AB  sheet_control
            D7AF              D7AF  back_sheet
            D7B3              D7B3  mouse_sheet
            D7B7              D7B7  timerinfo1.1796
            D7D3              D7D3  timerbuf1.1799
            D7DB              D7DB  timerinfo2.1797
            D7F7              D7F7  timerbuf2.1800
            D7FF              D7FF  timerinfo3.1798
            D81B              D81B  timerbuf3.1801
            D83F              D83F  screen_info
            D843              D843  ?_327
            D845              D845  ?_328
            D847              D847  g_Console
            D84B              D84B  ?_329
            D84F              D84F  ?_330
            D853              D853  ?_331
            D857              D857  ?_332
            D858              D858  ?_333
            D85F              D85F  mouse_cursor_buf
            D95F              D95F  back_buf
            D963              D963  sheet_win
            D967              D967  mouse_x
            D96B              D96B  mouse_y
            D96F              D96F  key_shift
            D973              D973  caps_lock
            D977              D977  buffer
            D97B              D97B  ?_334
            D97F              D97F  mouse_send_info
            D99F              D99F  keyinfo
            D9BF              D9BF  keybuf
            D9DF              D9DF  mouseinfo
            D9FF              D9FF  mousebuf
            DA7F              DA7F  str.1386
            DA80              DA80  ?_335
            DA89              DA89  ?_336
            DA9F              DA9F  timer_control
            F9E3              F9E3  task_timer
            F9E7              F9E7  task_control
            F9ED              F9ED  _SpuriousHandler
            F9EE              F9EE  _ExceptionHandler
            FA12              FA12  _ExceptionHandler.kill
            FA1B              FA1B  _TimerHandler
            FA2D              FA2D  _KeyboardHandler
            FA3F              FA3F  _MouseHandler
            FA51              FA51  _AsmConsolePutCharHandler
            FA5D              FA5D  start_app
            FA94              FA94  io_hlt
            FA96              FA96  io_cli
            FA98              FA98  io_sti
            FA9A              FA9A  io_stihlt
            FA9D              FA9D  io_out8
            FAA7              FAA7  io_out16
            FAB3              FAB3  io_out32
            FABD              FABD  io_in8
            FAC8              FAC8  io_in16
            FAD4              FAD4  io_in32
            FADF              FADF  io_load_eflags
            FAE2              FAE2  io_store_eflags
            FAE9              FAE9  get_memory_block_count
            FAEF              FAEF  get_memory_address
            FAF5              FAF5  get_addr_gdt
            FAFB              FAFB  get_code32_addr
            FB01              FB01  load_tr
            FB07              FB07  taskswitch9
            FB0F              FB0F  taskswitch8
            FB17              FB17  taskswitch7
            FB1F              FB1F  taskswitch10
            FB27              FB27  farjmp

---- Section .data ------------------------------------------------------------

Real              Virtual           Name
            FB34              FB34  MemoryBuf
            FC34              FC34  MemoryNumber
            FC38              FC38  LABEL_SYSTEM_FONT
            FC38              FC38  systemFont
           10C38             10C38  LABEL_STACK

