
- NASM Map file ---------------------------------------------------------------

Source file:  kernel.asm
Output file:  kernel.bat

-- Symbols --------------------------------------------------------------------

---- No Section ---------------------------------------------------------------

Value     Name
00004000  DA_32
00000098  DA_C
0000009A  DA_CR
00000092  DA_DRW
00000093  DA_DRWA
0000008E  DA_386IGate
00008000  DA_LIMIT_4K
00000089  DA_386TSS
000A0000  VRAM_ADDRESS
00001000  SystemFontLength
000000A8  GdtLen
00000008  SelectorCode32
00000010  SelectorVideo
00000020  SelectorStack
00000018  SelectorVram
00000028  SelectorFont
00000170  IdtLen
00007AEF  SpuriousHandler
00007AF0  KeyBoardHandler
00007B0E  mouseHandler
00007B2C  timerHandler
00007B46  stackOverFlowHandler
00007B5F  exceptionHandler
00007C0F  AsmConsPutCharHandler
00007C71  SegCode32Len


---- Section .text ------------------------------------------------------------

Real              Virtual           Name
            8003              8003  LABEL_SYSTEM_FONT
            8003              8003  systemFont

---- Section .gdt -------------------------------------------------------------

Real              Virtual           Name
            9004              9004  LABEL_GDT
            900C              900C  LABEL_DESC_CODE32
            9014              9014  LABEL_DESC_VIDEO
            901C              901C  LABEL_DESC_VRAM
            9024              9024  LABEL_DESC_STACK
            902C              902C  LABEL_DESC_FONT
            9034              9034  LABEL_DESC_6
            903C              903C  LABEL_DESC_7
            9044              9044  LABEL_DESC_8
            904C              904C  LABEL_DESC_9
            9054              9054  LABEL_DESC_10
            90AC              90AC  GdtPtr
            90B2              90B2  LABEL_IDT
            9112              9112  LABEL_IDT.0Ch
            911A              911A  LABEL_IDT.0Dh
            91B2              91B2  LABEL_IDT.020h
            91BA              91BA  LABEL_IDT.021h
            9212              9212  LABEL_IDT.2CH
            921A              921A  LABEL_IDT.2DH
            9222              9222  IdtPtr

---- Section .s16 -------------------------------------------------------------

Real              Virtual           Name
            9228              9228  LABEL_BEGIN
            9233              9233  keystatus
            9233              9233  ComputeMemory
            923C              923C  ComputeMemory.loop
            9262              9262  LABEL_MEM_CHK_FAIL
            926B              926B  LABEL_MEM_CHK_OK
            92FA              92FA  init8259A
            933D              933D  io_delay

---- Section .s32 -------------------------------------------------------------

Real              Virtual           Name
            9344              9344  LABEL_SEG_CODE32
            935C              935C  CMain
            9766              9766  ?_001
            979E              979E  ?_002
            981E              981E  ?_003
            98C2              98C2  ?_004
            9933              9933  ?_005
            99C2              99C2  ?_006
            9AA2              9AA2  ?_007
            9AEB              9AEB  ?_008
            9B1C              9B1C  ?_009
            9B6E              9B6E  ?_010
            9B90              9B90  ?_011
            9BD8              9BD8  ?_012
            9C0B              9C0B  ?_013
            9C10              9C10  set_cursor
            9C96              9C96  isSpecialKey
            9CDA              9CDA  ?_014
            9CE1              9CE1  ?_015
            9CE6              9CE6  ?_016
            9CE8              9CE8  transferScanCode
            9D01              9D01  ?_017
            9D14              9D14  ?_018
            9D2A              9D2A  ?_019
            9D40              9D40  ?_020
            9D5B              9D5B  ?_021
            9D65              9D65  ?_022
            9D8F              9D8F  ?_023
            9D99              9D99  ?_024
            9DEA              9DEA  ?_025
            9DEC              9DEC  ?_026
            9E1A              9E1A  ?_027
            9E1E              9E1E  ?_028
            9E22              9E22  ?_029
            9E24              9E24  launch_console
            9FF6              9FF6  kill_process
            A032              A032  cmd_dir
            A066              A066  ?_030
            A06F              A06F  ?_031
            A099              A099  ?_032
            A09B              A09B  ?_033
            A0A1              A0A1  ?_034
            A0C0              A0C0  ?_035
            A0DE              A0DE  ?_036
            A18B              A18B  ?_037
            A1BB              A1BB  cmd_type
            A1FB              A1FB  ?_038
            A229              A229  ?_039
            A22B              A22B  ?_040
            A231              A231  ?_041
            A248              A248  ?_042
            A255              A255  ?_043
            A27F              A27F  ?_044
            A281              A281  ?_045
            A287              A287  ?_046
            A2A6              A2A6  ?_047
            A2C4              A2C4  ?_048
            A322              A322  ?_049
            A33C              A33C  ?_050
            A3B8              A3B8  ?_051
            A3BA              A3BA  ?_052
            A3ED              A3ED  ?_053
            A46E              A46E  ?_054
            A472              A472  ?_055
            A481              A481  ?_056
            A485              A485  ?_057
            A493              A493  ?_058
            A4DC              A4DC  cmd_mem
            A5CB              A5CB  cmd_cls
            A5E8              A5E8  ?_059
            A5F1              A5F1  ?_060
            A614              A614  ?_061
            A621              A621  ?_062
            A6A4              A6A4  cmd_hlt
            A7B3              A7B3  console_task
            A8DA              A8DA  ?_063
            A8FB              A8FB  ?_064
            A94E              A94E  ?_065
            A986              A986  ?_066
            A9AA              A9AA  ?_067
            A9C2              A9C2  ?_068
            AA04              AA04  ?_069
            AA63              AA63  ?_070
            AB03              AB03  ?_071
            AB25              AB25  ?_072
            AB51              AB51  ?_073
            AB73              AB73  ?_074
            ABC4              ABC4  ?_075
            AC43              AC43  ?_076
            ACB0              ACB0  ?_077
            ACEA              ACEA  ?_078
            ACEF              ACEF  cons_putstr
            ACF7              ACF7  ?_079
            AD14              AD14  ?_080
            AD21              AD21  api_linewin
            AD5C              AD5C  ?_081
            AD65              AD65  ?_082
            AD87              AD87  ?_083
            AD8E              AD8E  ?_084
            ADAF              ADAF  ?_085
            ADC8              ADC8  ?_086
            ADE2              ADE2  ?_087
            ADE9              ADE9  ?_088
            AE0A              AE0A  ?_089
            AE21              AE21  ?_090
            AE2A              AE2A  ?_091
            AE5F              AE5F  ?_092
            AE69              AE69  handle_keyboard
            AE77              AE77  ?_093
            AE94              AE94  ?_094
            AEAC              AEAC  ?_095
            AEF5              AEF5  ?_096
            AF07              AF07  ?_097
            AF19              AF19  ?_098
            AF1E              AF1E  ?_099
            AF20              AF20  kernel_api
            AF5A              AF5A  ?_100
            AF78              AF78  ?_101
            AFA6              AFA6  ?_102
            B06A              B06A  ?_103
            B0FA              B0FA  ?_104
            B17E              B17E  ?_105
            B1AC              B1AC  ?_106
            B1EA              B1EA  ?_107
            B226              B226  ?_108
            B248              B248  ?_109
            B267              B267  ?_110
            B26C              B26C  ?_111
            B273              B273  cons_putchar
            B317              B317  cons_newline
            B330              B330  ?_112
            B339              B339  ?_113
            B342              B342  ?_114
            B37E              B37E  ?_115
            B38B              B38B  ?_116
            B39D              B39D  ?_117
            B3A6              B3A6  ?_118
            B3C5              B3C5  ?_119
            B3D2              B3D2  ?_120
            B40F              B40F  ?_121
            B44B              B44B  init_screen8
            B7D2              B7D2  computeMousePosition
            B80C              B80C  ?_122
            B81F              B81F  ?_123
            B83D              B83D  ?_124
            B85B              B85B  ?_125
            B85D              B85D  show_mouse_info
            B912              B912  ?_126
            B914              B914  initBootInfo
            B934              B934  showString
            B950              B950  ?_127
            B99B              B99B  ?_128
            B9DC              B9DC  init_palette
            BA01              BA01  set_palette
            BA2F              BA2F  ?_129
            BA91              BA91  ?_130
            BAA7              BAA7  boxfill8
            BABB              BABB  ?_131
            BAC3              BAC3  ?_132
            BAE2              BAE2  ?_133
            BAEE              BAEE  ?_134
            BAF8              BAF8  showFont8
            BB10              BB10  ?_135
            BB44              BB44  ?_136
            BB70              BB70  ?_137
            BB9C              BB9C  ?_138
            BBC8              BBC8  ?_139
            BBF4              BBF4  ?_140
            BC20              BC20  ?_141
            BC4C              BC4C  ?_142
            BC78              BC78  ?_143
            BC7C              BC7C  ?_144
            BC88              BC88  init_mouse_cursor
            BCA0              BCA0  ?_145
            BCAC              BCAC  ?_146
            BCDC              BCDC  ?_147
            BD0C              BD0C  ?_148
            BD3F              BD3F  ?_149
            BD43              BD43  ?_150
            BD51              BD51  ?_151
            BD5D              BD5D  putblock
            BD6C              BD6C  ?_152
            BD75              BD75  ?_153
            BDB0              BDB0  ?_154
            BDBC              BDBC  ?_155
            BDC6              BDC6  intHandlerFromC
            BE28              BE28  charToHexVal
            BE43              BE43  ?_156
            BE4A              BE4A  ?_157
            BE4C              BE4C  charToHexStr
            BE9F              BE9F  intToHexStr
            BEC3              BEC3  ?_158
            BED2              BED2  ?_159
            BEE1              BEE1  ?_160
            BF0C              BF0C  ?_161
            BF1D              BF1D  ?_162
            BF21              BF21  ?_163
            BF2D              BF2D  ?_164
            BF34              BF34  wait_KBC_sendready
            BF3A              BF3A  ?_165
            BF4F              BF4F  ?_166
            BF51              BF51  ?_167
            BF53              BF53  init_keyboard
            BF8E              BF8E  enable_mouse
            BFD0              BFD0  intHandlerForMouse
            C023              C023  mouse_decode
            C047              C047  ?_168
            C051              C051  ?_169
            C07A              C07A  ?_170
            C084              C084  ?_171
            C0AA              C0AA  ?_172
            C121              C121  ?_173
            C144              C144  ?_174
            C15B              C15B  ?_175
            C160              C160  ?_176
            C162              C162  showMemoryInfo
            C37C              C37C  message_box
            C467              C467  make_window8
            C72C              C72C  make_wtitle8
            C749              C749  ?_177
            C751              C751  ?_178
            C7D5              C7D5  ?_179
            C7DE              C7DE  ?_180
            C802              C802  ?_181
            C80E              C80E  ?_182
            C81A              C81A  ?_183
            C81E              C81E  ?_184
            C84E              C84E  ?_185
            C858              C858  ?_186
            C868              C868  make_textbox8
            CB01              CB01  file_loadfile
            CB34              CB34  ?_187
            CB3D              CB3D  ?_188
            CB67              CB67  ?_189
            CB69              CB69  ?_190
            CB6F              CB6F  ?_191
            CB8E              CB8E  ?_192
            CBAC              CBAC  ?_193
            CC29              CC29  ?_194
            CC44              CC44  ?_195
            CC4E              CC4E  ?_196
            CC52              CC52  ?_197
            CC60              CC60  ?_198
            CC7E              CC7E  intHandlerForStackOverFlow
            CD25              CD25  intHandlerForException
            CD8B              CD8B  memman_init
            CDB7              CDB7  memman_total
            CDCD              CDCD  ?_199
            CDE1              CDE1  ?_200
            CDF0              CDF0  memman_alloc
            CE02              CE02  ?_201
            CE7E              CE7E  ?_202
            CE83              CE83  ?_203
            CE87              CE87  ?_204
            CE9A              CE9A  ?_205
            CE9C              CE9C  memman_free
            CEAC              CEAC  ?_206
            CEBF              CEBF  ?_207
            CEC3              CEC3  ?_208
            CECD              CECD  ?_209
            CF87              CF87  ?_210
            CF91              CF91  ?_211
            CFED              CFED  ?_212
            D007              D007  ?_213
            D02F              D02F  ?_214
            D05E              D05E  ?_215
            D084              D084  ?_216
            D0AD              D0AD  ?_217
            D0B3              D0B3  memman_alloc_4k
            D0E3              D0E3  memman_free_4k
            D11A              D11A  shtctl_init
            D146              D146  ?_218
            D18F              D18F  ?_219
            D1BC              D1BC  ?_220
            D1D7              D1D7  ?_221
            D1E3              D1E3  ?_222
            D1E5              D1E5  sheet_alloc
            D1F4              D1F4  ?_223
            D24B              D24B  ?_224
            D24F              D24F  ?_225
            D25D              D25D  ?_226
            D25F              D25F  sheet_setbuf
            D288              D288  sheet_updown
            D2B4              D2B4  ?_227
            D2C1              D2C1  ?_228
            D2E8              D2E8  ?_229
            D31C              D31C  ?_230
            D3DE              D3DE  ?_231
            D3F1              D3F1  ?_232
            D425              D425  ?_233
            D430              D430  ?_234
            D4E8              D4E8  ?_235
            D502              D502  ?_236
            D536              D536  ?_237
            D550              D550  ?_238
            D55B              D55B  ?_239
            D595              D595  ?_240
            D5BC              D5BC  ?_241
            D65B              D65B  ?_242
            D663              D663  sheet_refresh
            D6D7              D6D7  ?_243
            D6E4              D6E4  sheet_slide
            D835              D835  ?_244
            D83C              D83C  sheet_refreshsub
            D860              D860  ?_245
            D86D              D86D  ?_246
            D881              D881  ?_247
            D895              D895  ?_248
            D8A0              D8A0  ?_249
            D8D9              D8D9  ?_250
            D8F3              D8F3  ?_251
            D98F              D98F  ?_252
            D993              D993  ?_253
            D9A6              D9A6  ?_254
            D9B9              D9B9  ?_255
            D9C7              D9C7  sheet_refreshmap
            D9E3              D9E3  ?_256
            D9F0              D9F0  ?_257
            DA04              DA04  ?_258
            DA18              DA18  ?_259
            DA23              DA23  ?_260
            DA9D              DA9D  ?_261
            DAAA              DAAA  ?_262
            DABE              DABE  ?_263
            DAD2              DAD2  ?_264
            DADA              DADA  ?_265
            DAF0              DAF0  ?_266
            DB44              DB44  ?_267
            DB48              DB48  ?_268
            DB54              DB54  ?_269
            DB64              DB64  ?_270
            DB76              DB76  sheet_free
            DBA0              DBA0  ?_271
            DBAD              DBAD  init_pit
            DC02              DC02  ?_272
            DC2A              DC2A  ?_273
            DC35              DC35  timer_alloc
            DC44              DC44  ?_274
            DC78              DC78  ?_275
            DC7C              DC7C  ?_276
            DC8A              DC8A  ?_277
            DC8C              DC8C  timer_free
            DC9C              DC9C  timer_init
            DCBE              DCBE  timer_settime
            DCD6              DCD6  intHandlerForTimer
            DD0D              DD0D  ?_278
            DDAE              DDAE  ?_279
            DDB9              DDB9  ?_280
            DDBD              DDBD  ?_281
            DDCD              DDCD  getTimerController
            DDD7              DDD7  fifo8_init
            DE1E              DE1E  fifo8_put
            DE3A              DE3A  ?_282
            DE5F              DE5F  ?_283
            DE9B              DE9B  ?_284
            DEE0              DEE0  ?_285
            DEE5              DEE5  ?_286
            DEE7              DEE7  fifo8_get
            DF04              DF04  ?_287
            DF43              DF43  ?_288
            DF55              DF55  ?_289
            DF57              DF57  fifo8_status
            DF6C              DF6C  strcmp
            DF7E              DF7E  ?_290
            DF88              DF88  ?_291
            DF91              DF91  ?_292
            DFB2              DFB2  ?_293
            DFB6              DFB6  ?_294
            DFD4              DFD4  ?_295
            DFF9              DFF9  ?_296
            E01E              E01E  ?_297
            E023              E023  ?_298
            E025              E025  set_segmdesc
            E041              E041  ?_299
            E0A0              E0A0  get_taskctl
            E0AA              E0AA  init_task_level
            E0F5              E0F5  ?_300
            E116              E116  ?_301
            E11E              E11E  task_init
            E150              E150  ?_302
            E1D5              E1D5  ?_303
            E1E8              E1E8  ?_304
            E1F7              E1F7  ?_305
            E268              E268  task_alloc
            E27A              E27A  ?_306
            E376              E376  ?_307
            E37A              E37A  ?_308
            E389              E389  ?_309
            E38B              E38B  task_run
            E3A0              E3A0  ?_310
            E3AF              E3AF  ?_311
            E3D0              E3D0  ?_312
            E3EF              E3EF  ?_313
            E3FE              E3FE  task_switch
            E45B              E45B  ?_314
            E48B              E48B  ?_315
            E4D7              E4D7  ?_316
            E4DA              E4DA  task_sleep
            E54A              E54A  ?_317
            E54F              E54F  task_now
            E583              E583  task_add
            E5D0              E5D0  task_remove
            E5FD              E5FD  ?_318
            E61C              E61C  ?_319
            E620              E620  ?_320
            E62A              E62A  ?_321
            E651              E651  ?_322
            E66A              E66A  ?_323
            E676              E676  ?_324
            E691              E691  ?_325
            E69E              E69E  task_switchsub
            E6AD              E6AD  ?_326
            E6CD              E6CD  ?_327
            E6D1              E6D1  ?_328
            E6D7              E6D7  ?_329
            E6EF              E6EF  send_message
            E71A              E71A  ?_330
            E722              E722  ?_331
            E72F              E72F  ?_332
            E736              E736  ?_333
            E73E              E73E  ?_334
            E740              E740  ?_335
            E746              E746  ?_336
            E74A              E74A  ?_337
            E74C              E74C  ?_338
            E754              E754  ?_339
            E765              E765  ?_340
            E769              E769  ?_341
            E76D              E76D  ?_342
            E771              E771  ?_343
            E775              E775  ?_344
            E77F              E77F  ?_345
            E78B              E78B  ?_346
            E797              E797  ?_347
            E7A3              E7A3  ?_348
            E7AA              E7AA  ?_349
            E7BA              E7BA  ?_350
            E7C1              E7C1  ?_351
            E7C9              E7C9  ?_352
            E7E5              E7E5  memman
            E805              E805  keytable
            E865              E865  keytable1
            E8F5              E8F5  keyval
            E8F7              E8F7  ?_353
            E8F8              E8F8  ?_354
            E8FD              E8FD  KEY_CONTROL
            E905              E905  table_rgb.2040
            E945              E945  cursor.2087
            EA45              EA45  closebtn.2206
            EB25              EB25  g_hlt
            EB29              EB29  key_shift
            EB2D              EB2D  caps_lock
            EB31              EB31  g_Console
            EB35              EB35  ?_355
            EB39              EB39  ?_356
            EB3D              EB3D  ?_357
            EB41              EB41  ?_358
            EB42              EB42  ?_359
            EB45              EB45  ?_360
            EB49              EB49  bootInfo
            EB4D              EB4D  ?_361
            EB4F              EB4F  ?_362
            EB51              EB51  keyinfo
            EB69              EB69  ?_363
            EB6D              EB6D  mouseinfo
            EBA5              EBA5  keybuf
            EBC5              EBC5  mousebuf
            EC45              EC45  mdec
            EC51              EC51  ?_364
            EC55              EC55  timerinfo
            EC71              EC71  timerbuf
            EC79              EC79  mx
            EC7D              EC7D  my
            EC81              EC81  xsize
            EC85              EC85  ysize
            EC89              EC89  buf_back
            ECA5              ECA5  buf_mouse
            EDA5              EDA5  shtMsgBox
            EDA9              EDA9  shtctl
            EDAD              EDAD  sht_back
            EDB1              EDB1  sht_mouse
            EDB5              EDB5  task_cons
            EDB9              EDB9  task_main
            EDBD              EDBD  buffer
            EDC1              EDC1  ?_365
            EDC5              EDC5  ?_366
            EDC9              EDC9  task_a.1802
            EDE5              EDE5  tss_a.1801
            EE65              EE65  tss_b.1800
            EECD              EECD  task_b.1790
            EED9              EED9  str.2135
            EEDA              EEDA  ?_367
            EEE3              EEE3  ?_368
            EEE5              EEE5  timerctl
           10E29             10E29  task_timer
           10E2D             10E2D  taskctl
           10E33             10E33  _SpuriousHandler
           10E34             10E34  _KeyBoardHandler
           10E52             10E52  _mouseHandler
           10E70             10E70  _timerHandler
           10E8A             10E8A  _stackOverFlowHandler
           10EA3             10EA3  _exceptionHandler
           10EBC             10EBC  get_font_data
           10ED5             10ED5  io_hlt
           10ED7             10ED7  io_cli
           10ED9             10ED9  io_sti
           10EDB             10EDB  io_stihlt
           10EDE             10EDE  io_in8
           10EE9             10EE9  io_in16
           10EF5             10EF5  io_in32
           10EFB             10EFB  io_out8
           10F05             10F05  io_out16
           10F10             10F10  io_out32
           10F1A             10F1A  io_load_eflags
           10F1D             10F1D  io_store_eflags
           10F24             10F24  get_memory_block_count
           10F2A             10F2A  get_leds
           10F30             10F30  get_adr_buffer
           10F36             10F36  get_addr_gdt
           10F3C             10F3C  get_code32_addr
           10F42             10F42  load_tr
           10F48             10F48  farjmp
           10F53             10F53  asm_cons_putchar
           10F71             10F71  end_app
           10F75             10F75  get_esp
           10F78             10F78  get_ss
           10F7D             10F7D  start_app
           10FA6             10FA6  asm_end_app

---- Section .data ------------------------------------------------------------

Real              Virtual           Name
           10FC0             10FC0  MemChkBuf
           110C0             110C0  dwMCRNumber
           110C4             110C4  LEDS

