
- NASM Map file ---------------------------------------------------------------

Source file:  kernel.asm
Output file:  kernel.bat

-- Symbols --------------------------------------------------------------------

---- No Section ---------------------------------------------------------------

Value     Name
00004000  DA_32
00000098  DA_C
0000009A  DA_CR
00000092  DA_DRW
00000093  DA_DRWA
0000008E  DA_386IGate
00008000  DA_LIMIT_4K
00000089  DA_386TSS
000A0000  VRAM_ADDRESS
00001000  SystemFontLength
000000A8  GdtLen
00000008  SelectorCode32
00000010  SelectorVideo
00000020  SelectorStack
00000018  SelectorVram
00000028  SelectorFont
00000170  IdtLen
00007EF0  SpuriousHandler
00007EF1  KeyBoardHandler
00007F0F  mouseHandler
00007F2D  timerHandler
00007F47  stackOverFlowHandler
00007F60  exceptionHandler
00008010  AsmConsPutCharHandler
00008072  SegCode32Len


---- Section .text ------------------------------------------------------------

Real              Virtual           Name
            8003              8003  LABEL_SYSTEM_FONT
            8003              8003  systemFont

---- Section .gdt -------------------------------------------------------------

Real              Virtual           Name
            9004              9004  LABEL_GDT
            900C              900C  LABEL_DESC_CODE32
            9014              9014  LABEL_DESC_VIDEO
            901C              901C  LABEL_DESC_VRAM
            9024              9024  LABEL_DESC_STACK
            902C              902C  LABEL_DESC_FONT
            9034              9034  LABEL_DESC_6
            903C              903C  LABEL_DESC_7
            9044              9044  LABEL_DESC_8
            904C              904C  LABEL_DESC_9
            9054              9054  LABEL_DESC_10
            90AC              90AC  GdtPtr
            90B2              90B2  LABEL_IDT
            9112              9112  LABEL_IDT.0Ch
            911A              911A  LABEL_IDT.0Dh
            91B2              91B2  LABEL_IDT.020h
            91BA              91BA  LABEL_IDT.021h
            9212              9212  LABEL_IDT.2CH
            921A              921A  LABEL_IDT.2DH
            9222              9222  IdtPtr

---- Section .s16 -------------------------------------------------------------

Real              Virtual           Name
            9228              9228  LABEL_BEGIN
            9233              9233  keystatus
            9233              9233  ComputeMemory
            923C              923C  ComputeMemory.loop
            9262              9262  LABEL_MEM_CHK_FAIL
            926B              926B  LABEL_MEM_CHK_OK
            92FA              92FA  init8259A
            933D              933D  io_delay

---- Section .s32 -------------------------------------------------------------

Real              Virtual           Name
            9344              9344  LABEL_SEG_CODE32
            935C              935C  CMain
            9766              9766  ?_001
            979E              979E  ?_002
            981E              981E  ?_003
            984C              984C  ?_004
            98F0              98F0  ?_005
            9961              9961  ?_006
            99F0              99F0  ?_007
            9AD0              9AD0  ?_008
            9B19              9B19  ?_009
            9B4A              9B4A  ?_010
            9B9C              9B9C  ?_011
            9BBE              9BBE  ?_012
            9C06              9C06  ?_013
            9C39              9C39  ?_014
            9C3E              9C3E  set_cursor
            9CC4              9CC4  isSpecialKey
            9D08              9D08  ?_015
            9D0F              9D0F  ?_016
            9D14              9D14  ?_017
            9D16              9D16  transferScanCode
            9D2F              9D2F  ?_018
            9D42              9D42  ?_019
            9D58              9D58  ?_020
            9D6E              9D6E  ?_021
            9D89              9D89  ?_022
            9D93              9D93  ?_023
            9DBD              9DBD  ?_024
            9DC7              9DC7  ?_025
            9E18              9E18  ?_026
            9E1A              9E1A  ?_027
            9E48              9E48  ?_028
            9E4C              9E4C  ?_029
            9E50              9E50  ?_030
            9E52              9E52  launch_console
            A024              A024  kill_process
            A060              A060  cmd_dir
            A094              A094  ?_031
            A09D              A09D  ?_032
            A0C7              A0C7  ?_033
            A0C9              A0C9  ?_034
            A0CF              A0CF  ?_035
            A0EE              A0EE  ?_036
            A10C              A10C  ?_037
            A1B9              A1B9  ?_038
            A1E9              A1E9  cmd_type
            A229              A229  ?_039
            A257              A257  ?_040
            A259              A259  ?_041
            A25F              A25F  ?_042
            A276              A276  ?_043
            A283              A283  ?_044
            A2AD              A2AD  ?_045
            A2AF              A2AF  ?_046
            A2B5              A2B5  ?_047
            A2D4              A2D4  ?_048
            A2F2              A2F2  ?_049
            A350              A350  ?_050
            A36A              A36A  ?_051
            A3E6              A3E6  ?_052
            A3E8              A3E8  ?_053
            A41B              A41B  ?_054
            A49C              A49C  ?_055
            A4A0              A4A0  ?_056
            A4AF              A4AF  ?_057
            A4B3              A4B3  ?_058
            A4C1              A4C1  ?_059
            A50A              A50A  cmd_mem
            A5F9              A5F9  cmd_cls
            A616              A616  ?_060
            A61F              A61F  ?_061
            A642              A642  ?_062
            A64F              A64F  ?_063
            A6D2              A6D2  cmd_hlt
            A7E1              A7E1  console_task
            A908              A908  ?_064
            A929              A929  ?_065
            A97C              A97C  ?_066
            A9B4              A9B4  ?_067
            A9D8              A9D8  ?_068
            A9F0              A9F0  ?_069
            AA32              AA32  ?_070
            AA91              AA91  ?_071
            AB31              AB31  ?_072
            AB53              AB53  ?_073
            AB7F              AB7F  ?_074
            ABA1              ABA1  ?_075
            ABF2              ABF2  ?_076
            AC71              AC71  ?_077
            ACDE              ACDE  ?_078
            AD18              AD18  ?_079
            AD1D              AD1D  cons_putstr
            AD25              AD25  ?_080
            AD42              AD42  ?_081
            AD4F              AD4F  api_linewin
            AD8A              AD8A  ?_082
            AD93              AD93  ?_083
            ADB5              ADB5  ?_084
            ADBC              ADBC  ?_085
            ADDD              ADDD  ?_086
            ADF6              ADF6  ?_087
            AE10              AE10  ?_088
            AE17              AE17  ?_089
            AE38              AE38  ?_090
            AE4F              AE4F  ?_091
            AE58              AE58  ?_092
            AE8D              AE8D  ?_093
            AE97              AE97  handle_keyboard
            AEA5              AEA5  ?_094
            AEC2              AEC2  ?_095
            AEDA              AEDA  ?_096
            AF23              AF23  ?_097
            AF35              AF35  ?_098
            AF47              AF47  ?_099
            AF4C              AF4C  ?_100
            AF4E              AF4E  kernel_api
            AF8F              AF8F  ?_101
            AFAD              AFAD  ?_102
            AFDB              AFDB  ?_103
            B09F              B09F  ?_104
            B12F              B12F  ?_105
            B1B3              B1B3  ?_106
            B1E1              B1E1  ?_107
            B222              B222  ?_108
            B261              B261  ?_109
            B286              B286  ?_110
            B2A7              B2A7  ?_111
            B2BC              B2BC  ?_112
            B2E3              B2E3  ?_113
            B2FF              B2FF  ?_114
            B310              B310  ?_115
            B315              B315  ?_116
            B31C              B31C  cons_putchar
            B3C0              B3C0  cons_newline
            B3D9              B3D9  ?_117
            B3E2              B3E2  ?_118
            B3EB              B3EB  ?_119
            B427              B427  ?_120
            B434              B434  ?_121
            B446              B446  ?_122
            B44F              B44F  ?_123
            B46E              B46E  ?_124
            B47B              B47B  ?_125
            B4B8              B4B8  ?_126
            B4F4              B4F4  init_screen8
            B87B              B87B  computeMousePosition
            B8B5              B8B5  ?_127
            B8C8              B8C8  ?_128
            B8E6              B8E6  ?_129
            B904              B904  ?_130
            B906              B906  show_mouse_info
            B9BC              B9BC  ?_131
            BAAB              BAAB  ?_132
            BB14              BB14  ?_133
            BB16              BB16  ?_134
            BB1A              BB1A  ?_135
            BB26              BB26  ?_136
            BB28              BB28  ?_137
            BB99              BB99  ?_138
            BBA3              BBA3  ?_139
            BBA5              BBA5  initBootInfo
            BBC5              BBC5  showString
            BBE1              BBE1  ?_140
            BC2C              BC2C  ?_141
            BC6D              BC6D  init_palette
            BC9E              BC9E  ?_142
            BCAA              BCAA  ?_143
            BCB6              BCB6  ?_144
            BD71              BD71  ?_145
            BD7F              BD7F  ?_146
            BD8D              BD8D  ?_147
            BDB8              BDB8  set_palette
            BDE6              BDE6  ?_148
            BE48              BE48  ?_149
            BE5E              BE5E  boxfill8
            BE72              BE72  ?_150
            BE7A              BE7A  ?_151
            BE99              BE99  ?_152
            BEA5              BEA5  ?_153
            BEAF              BEAF  showFont8
            BEC7              BEC7  ?_154
            BEFB              BEFB  ?_155
            BF27              BF27  ?_156
            BF53              BF53  ?_157
            BF7F              BF7F  ?_158
            BFAB              BFAB  ?_159
            BFD7              BFD7  ?_160
            C003              C003  ?_161
            C02F              C02F  ?_162
            C033              C033  ?_163
            C03F              C03F  init_mouse_cursor
            C057              C057  ?_164
            C063              C063  ?_165
            C093              C093  ?_166
            C0C3              C0C3  ?_167
            C0F6              C0F6  ?_168
            C0FA              C0FA  ?_169
            C108              C108  ?_170
            C114              C114  putblock
            C123              C123  ?_171
            C12C              C12C  ?_172
            C167              C167  ?_173
            C173              C173  ?_174
            C17D              C17D  intHandlerFromC
            C1DF              C1DF  charToHexVal
            C1FA              C1FA  ?_175
            C201              C201  ?_176
            C203              C203  charToHexStr
            C256              C256  intToHexStr
            C27A              C27A  ?_177
            C289              C289  ?_178
            C298              C298  ?_179
            C2C3              C2C3  ?_180
            C2D4              C2D4  ?_181
            C2D8              C2D8  ?_182
            C2E4              C2E4  ?_183
            C2EB              C2EB  wait_KBC_sendready
            C2F1              C2F1  ?_184
            C306              C306  ?_185
            C308              C308  ?_186
            C30A              C30A  init_keyboard
            C345              C345  enable_mouse
            C387              C387  intHandlerForMouse
            C3DA              C3DA  mouse_decode
            C3FE              C3FE  ?_187
            C408              C408  ?_188
            C431              C431  ?_189
            C43B              C43B  ?_190
            C461              C461  ?_191
            C4D8              C4D8  ?_192
            C4FB              C4FB  ?_193
            C512              C512  ?_194
            C517              C517  ?_195
            C519              C519  showMemoryInfo
            C733              C733  message_box
            C81E              C81E  make_window8
            CAE3              CAE3  make_wtitle8
            CB00              CB00  ?_196
            CB08              CB08  ?_197
            CB8C              CB8C  ?_198
            CB95              CB95  ?_199
            CBB9              CBB9  ?_200
            CBC5              CBC5  ?_201
            CBD1              CBD1  ?_202
            CBD5              CBD5  ?_203
            CC05              CC05  ?_204
            CC0F              CC0F  ?_205
            CC1F              CC1F  make_textbox8
            CEB8              CEB8  file_loadfile
            CEEB              CEEB  ?_206
            CEF4              CEF4  ?_207
            CF1E              CF1E  ?_208
            CF20              CF20  ?_209
            CF26              CF26  ?_210
            CF45              CF45  ?_211
            CF63              CF63  ?_212
            CFE0              CFE0  ?_213
            CFFB              CFFB  ?_214
            D005              D005  ?_215
            D009              D009  ?_216
            D017              D017  ?_217
            D035              D035  intHandlerForStackOverFlow
            D0DC              D0DC  intHandlerForException
            D142              D142  memman_init
            D16E              D16E  memman_total
            D184              D184  ?_218
            D198              D198  ?_219
            D1A7              D1A7  memman_alloc
            D1B9              D1B9  ?_220
            D235              D235  ?_221
            D23A              D23A  ?_222
            D23E              D23E  ?_223
            D251              D251  ?_224
            D253              D253  memman_free
            D263              D263  ?_225
            D276              D276  ?_226
            D27A              D27A  ?_227
            D284              D284  ?_228
            D33E              D33E  ?_229
            D348              D348  ?_230
            D3A4              D3A4  ?_231
            D3BE              D3BE  ?_232
            D3E6              D3E6  ?_233
            D415              D415  ?_234
            D43B              D43B  ?_235
            D464              D464  ?_236
            D46A              D46A  memman_alloc_4k
            D49A              D49A  memman_free_4k
            D4D1              D4D1  shtctl_init
            D4FD              D4FD  ?_237
            D546              D546  ?_238
            D573              D573  ?_239
            D594              D594  ?_240
            D5A0              D5A0  ?_241
            D5A2              D5A2  sheet_alloc
            D5B1              D5B1  ?_242
            D620              D620  ?_243
            D624              D624  ?_244
            D632              D632  ?_245
            D634              D634  sheet_setbuf
            D65D              D65D  sheet_updown
            D689              D689  ?_246
            D696              D696  ?_247
            D6BD              D6BD  ?_248
            D6F1              D6F1  ?_249
            D7B3              D7B3  ?_250
            D7C6              D7C6  ?_251
            D7FA              D7FA  ?_252
            D805              D805  ?_253
            D8BD              D8BD  ?_254
            D8D7              D8D7  ?_255
            D90B              D90B  ?_256
            D925              D925  ?_257
            D930              D930  ?_258
            D96A              D96A  ?_259
            D991              D991  ?_260
            DA30              DA30  ?_261
            DA38              DA38  sheet_refresh
            DAAC              DAAC  ?_262
            DAB9              DAB9  sheet_slide
            DC0A              DC0A  ?_263
            DC11              DC11  sheet_refreshsub
            DC35              DC35  ?_264
            DC42              DC42  ?_265
            DC56              DC56  ?_266
            DC6A              DC6A  ?_267
            DC75              DC75  ?_268
            DCB4              DCB4  ?_269
            DCCE              DCCE  ?_270
            DD6A              DD6A  ?_271
            DD6E              DD6E  ?_272
            DD81              DD81  ?_273
            DD94              DD94  ?_274
            DDA2              DDA2  sheet_refreshmap
            DDBE              DDBE  ?_275
            DDCB              DDCB  ?_276
            DDDF              DDDF  ?_277
            DDF3              DDF3  ?_278
            DDFE              DDFE  ?_279
            DE7E              DE7E  ?_280
            DE8B              DE8B  ?_281
            DE9F              DE9F  ?_282
            DEB3              DEB3  ?_283
            DEBB              DEBB  ?_284
            DED1              DED1  ?_285
            DF25              DF25  ?_286
            DF29              DF29  ?_287
            DF35              DF35  ?_288
            DF45              DF45  ?_289
            DF57              DF57  sheet_free
            DF81              DF81  ?_290
            DF8E              DF8E  init_pit
            DFE3              DFE3  ?_291
            E00B              E00B  ?_292
            E016              E016  timer_alloc
            E025              E025  ?_293
            E059              E059  ?_294
            E05D              E05D  ?_295
            E06B              E06B  ?_296
            E06D              E06D  timer_free
            E07D              E07D  timer_init
            E09F              E09F  timer_settime
            E0B7              E0B7  intHandlerForTimer
            E0EE              E0EE  ?_297
            E18F              E18F  ?_298
            E19A              E19A  ?_299
            E19E              E19E  ?_300
            E1AE              E1AE  getTimerController
            E1B8              E1B8  fifo8_init
            E1FF              E1FF  fifo8_put
            E21B              E21B  ?_301
            E240              E240  ?_302
            E27C              E27C  ?_303
            E2C1              E2C1  ?_304
            E2C6              E2C6  ?_305
            E2C8              E2C8  fifo8_get
            E2E5              E2E5  ?_306
            E324              E324  ?_307
            E336              E336  ?_308
            E338              E338  fifo8_status
            E34D              E34D  strcmp
            E35F              E35F  ?_309
            E369              E369  ?_310
            E372              E372  ?_311
            E393              E393  ?_312
            E397              E397  ?_313
            E3B5              E3B5  ?_314
            E3DA              E3DA  ?_315
            E3FF              E3FF  ?_316
            E404              E404  ?_317
            E406              E406  set_segmdesc
            E422              E422  ?_318
            E481              E481  get_taskctl
            E48B              E48B  init_task_level
            E4D6              E4D6  ?_319
            E4F7              E4F7  ?_320
            E4FF              E4FF  task_init
            E531              E531  ?_321
            E5B6              E5B6  ?_322
            E5C9              E5C9  ?_323
            E5D8              E5D8  ?_324
            E649              E649  task_alloc
            E65B              E65B  ?_325
            E757              E757  ?_326
            E75B              E75B  ?_327
            E76A              E76A  ?_328
            E76C              E76C  task_run
            E781              E781  ?_329
            E790              E790  ?_330
            E7B1              E7B1  ?_331
            E7D0              E7D0  ?_332
            E7DF              E7DF  task_switch
            E83C              E83C  ?_333
            E86C              E86C  ?_334
            E8B8              E8B8  ?_335
            E8BB              E8BB  task_sleep
            E92B              E92B  ?_336
            E930              E930  task_now
            E964              E964  task_add
            E9B1              E9B1  task_remove
            E9DE              E9DE  ?_337
            E9FD              E9FD  ?_338
            EA01              EA01  ?_339
            EA0B              EA0B  ?_340
            EA32              EA32  ?_341
            EA4B              EA4B  ?_342
            EA57              EA57  ?_343
            EA72              EA72  ?_344
            EA7F              EA7F  task_switchsub
            EA8E              EA8E  ?_345
            EAAE              EAAE  ?_346
            EAB2              EAB2  ?_347
            EAB8              EAB8  ?_348
            EAD0              EAD0  send_message
            EAFB              EAFB  ?_349
            EB03              EB03  ?_350
            EB10              EB10  ?_351
            EB17              EB17  ?_352
            EB1F              EB1F  ?_353
            EB21              EB21  ?_354
            EB27              EB27  ?_355
            EB2B              EB2B  ?_356
            EB2D              EB2D  ?_357
            EB35              EB35  ?_358
            EB46              EB46  ?_359
            EB4A              EB4A  ?_360
            EB4E              EB4E  ?_361
            EB52              EB52  ?_362
            EB56              EB56  ?_363
            EB60              EB60  ?_364
            EB6C              EB6C  ?_365
            EB78              EB78  ?_366
            EB84              EB84  ?_367
            EB8B              EB8B  ?_368
            EB9B              EB9B  ?_369
            EBA2              EBA2  ?_370
            EBAA              EBAA  ?_371
            EBC6              EBC6  memman
            EBE6              EBE6  keytable
            EC46              EC46  keytable1
            ECD6              ECD6  keyval
            ECD8              ECD8  ?_372
            ECD9              ECD9  ?_373
            ECDE              ECDE  mmx
            ECE2              ECE2  mmy
            ECE6              ECE6  KEY_CONTROL
            ED06              ED06  table_rgb.2054
            ED46              ED46  cursor.2114
            EE46              EE46  closebtn.2233
            EF26              EF26  g_hlt
            EF2A              EF2A  key_shift
            EF2E              EF2E  caps_lock
            EF32              EF32  g_Console
            EF36              EF36  ?_374
            EF3A              EF3A  ?_375
            EF3E              EF3E  ?_376
            EF42              EF42  ?_377
            EF43              EF43  ?_378
            EF46              EF46  ?_379
            EF4A              EF4A  bootInfo
            EF4E              EF4E  ?_380
            EF50              EF50  ?_381
            EF52              EF52  keyinfo
            EF6A              EF6A  ?_382
            EF6E              EF6E  mouseinfo
            EFA6              EFA6  keybuf
            EFC6              EFC6  mousebuf
            F046              F046  mdec
            F052              F052  ?_383
            F056              F056  timerinfo
            F072              F072  timerbuf
            F07A              F07A  mx
            F07E              F07E  my
            F082              F082  xsize
            F086              F086  ysize
            F08A              F08A  buf_back
            F0A6              F0A6  buf_mouse
            F1A6              F1A6  shtMsgBox
            F1AA              F1AA  shtctl
            F1AE              F1AE  sht_back
            F1B2              F1B2  sht_mouse
            F1B6              F1B6  mouse_clicked_sht
            F1BA              F1BA  task_cons
            F1BE              F1BE  task_main
            F1C2              F1C2  buffer
            F1C6              F1C6  ?_384
            F1CA              F1CA  ?_385
            F1CE              F1CE  task_a.1806
            F1E6              F1E6  tss_a.1805
            F266              F266  tss_b.1804
            F2CE              F2CE  task_b.1794
            F2DA              F2DA  str.2162
            F2DB              F2DB  ?_386
            F2E4              F2E4  ?_387
            F2E6              F2E6  timerctl
           1122A             1122A  task_timer
           1122E             1122E  taskctl
           11234             11234  _SpuriousHandler
           11235             11235  _KeyBoardHandler
           11253             11253  _mouseHandler
           11271             11271  _timerHandler
           1128B             1128B  _stackOverFlowHandler
           112A4             112A4  _exceptionHandler
           112BD             112BD  get_font_data
           112D6             112D6  io_hlt
           112D8             112D8  io_cli
           112DA             112DA  io_sti
           112DC             112DC  io_stihlt
           112DF             112DF  io_in8
           112EA             112EA  io_in16
           112F6             112F6  io_in32
           112FC             112FC  io_out8
           11306             11306  io_out16
           11311             11311  io_out32
           1131B             1131B  io_load_eflags
           1131E             1131E  io_store_eflags
           11325             11325  get_memory_block_count
           1132B             1132B  get_leds
           11331             11331  get_adr_buffer
           11337             11337  get_addr_gdt
           1133D             1133D  get_code32_addr
           11343             11343  load_tr
           11349             11349  farjmp
           11354             11354  asm_cons_putchar
           11372             11372  end_app
           11376             11376  get_esp
           11379             11379  get_ss
           1137E             1137E  start_app
           113A7             113A7  asm_end_app

---- Section .data ------------------------------------------------------------

Real              Virtual           Name
           113C0             113C0  MemChkBuf
           114C0             114C0  dwMCRNumber
           114C4             114C4  LEDS

