
- NASM Map file ---------------------------------------------------------------

Source file:  kernel.asm
Output file:  kernel.bat

-- Symbols --------------------------------------------------------------------

---- No Section ---------------------------------------------------------------

Value     Name
00004000  DA_32
00000098  DA_C
0000009A  DA_CR
00000092  DA_DRW
00000093  DA_DRWA
0000008E  DA_386IGate
00008000  DA_LIMIT_4K
00000089  DA_386TSS
000A0000  VRAM_ADDRESS
00001000  SystemFontLength
000000A8  GdtLen
00000008  SelectorCode32
00000010  SelectorVideo
00000020  SelectorStack
00000018  SelectorVram
00000028  SelectorFont
00000170  IdtLen
0000774F  SpuriousHandler
00007750  KeyBoardHandler
0000776E  mouseHandler
0000778C  timerHandler
000077A6  stackOverFlowHandler
000077BF  exceptionHandler
0000786F  AsmConsPutCharHandler
000078D0  SegCode32Len


---- Section .text ------------------------------------------------------------

Real              Virtual           Name
            8003              8003  LABEL_SYSTEM_FONT
            8003              8003  systemFont

---- Section .gdt -------------------------------------------------------------

Real              Virtual           Name
            9004              9004  LABEL_GDT
            900C              900C  LABEL_DESC_CODE32
            9014              9014  LABEL_DESC_VIDEO
            901C              901C  LABEL_DESC_VRAM
            9024              9024  LABEL_DESC_STACK
            902C              902C  LABEL_DESC_FONT
            9034              9034  LABEL_DESC_6
            903C              903C  LABEL_DESC_7
            9044              9044  LABEL_DESC_8
            904C              904C  LABEL_DESC_9
            9054              9054  LABEL_DESC_10
            90AC              90AC  GdtPtr
            90B2              90B2  LABEL_IDT
            9112              9112  LABEL_IDT.0Ch
            911A              911A  LABEL_IDT.0Dh
            91B2              91B2  LABEL_IDT.020h
            91BA              91BA  LABEL_IDT.021h
            9212              9212  LABEL_IDT.2CH
            921A              921A  LABEL_IDT.2DH
            9222              9222  IdtPtr

---- Section .s16 -------------------------------------------------------------

Real              Virtual           Name
            9228              9228  LABEL_BEGIN
            9233              9233  keystatus
            9233              9233  ComputeMemory
            923C              923C  ComputeMemory.loop
            9262              9262  LABEL_MEM_CHK_FAIL
            926B              926B  LABEL_MEM_CHK_OK
            92FA              92FA  init8259A
            933D              933D  io_delay

---- Section .s32 -------------------------------------------------------------

Real              Virtual           Name
            9344              9344  LABEL_SEG_CODE32
            935C              935C  CMain
            9766              9766  ?_001
            979E              979E  ?_002
            981E              981E  ?_003
            98C2              98C2  ?_004
            9933              9933  ?_005
            99C2              99C2  ?_006
            9AA2              9AA2  ?_007
            9AEB              9AEB  ?_008
            9B1C              9B1C  ?_009
            9B6E              9B6E  ?_010
            9B90              9B90  ?_011
            9BD8              9BD8  ?_012
            9C0B              9C0B  ?_013
            9C10              9C10  set_cursor
            9C96              9C96  isSpecialKey
            9CDA              9CDA  ?_014
            9CE1              9CE1  ?_015
            9CE6              9CE6  ?_016
            9CE8              9CE8  transferScanCode
            9D01              9D01  ?_017
            9D14              9D14  ?_018
            9D2A              9D2A  ?_019
            9D40              9D40  ?_020
            9D5B              9D5B  ?_021
            9D65              9D65  ?_022
            9D8F              9D8F  ?_023
            9D99              9D99  ?_024
            9DEA              9DEA  ?_025
            9DEC              9DEC  ?_026
            9E1A              9E1A  ?_027
            9E1E              9E1E  ?_028
            9E22              9E22  ?_029
            9E24              9E24  launch_console
            9FF6              9FF6  kill_process
            A032              A032  cmd_dir
            A066              A066  ?_030
            A06F              A06F  ?_031
            A099              A099  ?_032
            A09B              A09B  ?_033
            A0A1              A0A1  ?_034
            A0C0              A0C0  ?_035
            A0DE              A0DE  ?_036
            A18B              A18B  ?_037
            A1BB              A1BB  cmd_type
            A1FB              A1FB  ?_038
            A229              A229  ?_039
            A22B              A22B  ?_040
            A231              A231  ?_041
            A248              A248  ?_042
            A255              A255  ?_043
            A27F              A27F  ?_044
            A281              A281  ?_045
            A287              A287  ?_046
            A2A6              A2A6  ?_047
            A2C4              A2C4  ?_048
            A322              A322  ?_049
            A33C              A33C  ?_050
            A3B8              A3B8  ?_051
            A3BA              A3BA  ?_052
            A3ED              A3ED  ?_053
            A46E              A46E  ?_054
            A472              A472  ?_055
            A481              A481  ?_056
            A485              A485  ?_057
            A493              A493  ?_058
            A4DC              A4DC  cmd_mem
            A5CB              A5CB  cmd_cls
            A5E8              A5E8  ?_059
            A5F1              A5F1  ?_060
            A614              A614  ?_061
            A621              A621  ?_062
            A6A4              A6A4  cmd_hlt
            A7B3              A7B3  console_task
            A8D2              A8D2  ?_063
            A8F3              A8F3  ?_064
            A941              A941  ?_065
            A965              A965  ?_066
            A97D              A97D  ?_067
            A9BF              A9BF  ?_068
            AA1E              AA1E  ?_069
            AABE              AABE  ?_070
            AAE0              AAE0  ?_071
            AB09              AB09  ?_072
            AB2B              AB2B  ?_073
            AB7C              AB7C  ?_074
            ABFB              ABFB  ?_075
            AC68              AC68  ?_076
            ACA2              ACA2  ?_077
            ACA7              ACA7  cons_putstr
            ACAF              ACAF  ?_078
            ACCC              ACCC  ?_079
            ACD9              ACD9  kernel_api
            AD13              AD13  ?_080
            AD31              AD31  ?_081
            AD5F              AD5F  ?_082
            AE23              AE23  ?_083
            AEB0              AEB0  ?_084
            AF2F              AF2F  ?_085
            AF34              AF34  ?_086
            AF3B              AF3B  cons_putchar
            AFDF              AFDF  cons_newline
            AFF8              AFF8  ?_087
            B001              B001  ?_088
            B00A              B00A  ?_089
            B046              B046  ?_090
            B053              B053  ?_091
            B065              B065  ?_092
            B06E              B06E  ?_093
            B08D              B08D  ?_094
            B09A              B09A  ?_095
            B0D7              B0D7  ?_096
            B113              B113  init_screen8
            B49A              B49A  computeMousePosition
            B4D4              B4D4  ?_097
            B4E7              B4E7  ?_098
            B505              B505  ?_099
            B523              B523  ?_100
            B525              B525  show_mouse_info
            B5DA              B5DA  ?_101
            B5DC              B5DC  initBootInfo
            B5FC              B5FC  showString
            B618              B618  ?_102
            B663              B663  ?_103
            B6A4              B6A4  init_palette
            B6C9              B6C9  set_palette
            B6F7              B6F7  ?_104
            B759              B759  ?_105
            B76F              B76F  boxfill8
            B783              B783  ?_106
            B78B              B78B  ?_107
            B7AA              B7AA  ?_108
            B7B6              B7B6  ?_109
            B7C0              B7C0  showFont8
            B7D8              B7D8  ?_110
            B80C              B80C  ?_111
            B838              B838  ?_112
            B864              B864  ?_113
            B890              B890  ?_114
            B8BC              B8BC  ?_115
            B8E8              B8E8  ?_116
            B914              B914  ?_117
            B940              B940  ?_118
            B944              B944  ?_119
            B950              B950  init_mouse_cursor
            B968              B968  ?_120
            B974              B974  ?_121
            B9A4              B9A4  ?_122
            B9D4              B9D4  ?_123
            BA07              BA07  ?_124
            BA0B              BA0B  ?_125
            BA19              BA19  ?_126
            BA25              BA25  putblock
            BA34              BA34  ?_127
            BA3D              BA3D  ?_128
            BA78              BA78  ?_129
            BA84              BA84  ?_130
            BA8E              BA8E  intHandlerFromC
            BAF0              BAF0  charToHexVal
            BB0B              BB0B  ?_131
            BB12              BB12  ?_132
            BB14              BB14  charToHexStr
            BB67              BB67  intToHexStr
            BB8B              BB8B  ?_133
            BB9A              BB9A  ?_134
            BBA9              BBA9  ?_135
            BBD4              BBD4  ?_136
            BBE5              BBE5  ?_137
            BBE9              BBE9  ?_138
            BBF5              BBF5  ?_139
            BBFC              BBFC  wait_KBC_sendready
            BC02              BC02  ?_140
            BC17              BC17  ?_141
            BC19              BC19  ?_142
            BC1B              BC1B  init_keyboard
            BC56              BC56  enable_mouse
            BC98              BC98  intHandlerForMouse
            BCEB              BCEB  mouse_decode
            BD0F              BD0F  ?_143
            BD19              BD19  ?_144
            BD42              BD42  ?_145
            BD4C              BD4C  ?_146
            BD72              BD72  ?_147
            BDE9              BDE9  ?_148
            BE0C              BE0C  ?_149
            BE23              BE23  ?_150
            BE28              BE28  ?_151
            BE2A              BE2A  showMemoryInfo
            C044              C044  message_box
            C12F              C12F  make_window8
            C3F4              C3F4  make_wtitle8
            C411              C411  ?_152
            C419              C419  ?_153
            C49D              C49D  ?_154
            C4A6              C4A6  ?_155
            C4CA              C4CA  ?_156
            C4D6              C4D6  ?_157
            C4E2              C4E2  ?_158
            C4E6              C4E6  ?_159
            C516              C516  ?_160
            C520              C520  ?_161
            C530              C530  make_textbox8
            C7C9              C7C9  file_loadfile
            C7FC              C7FC  ?_162
            C805              C805  ?_163
            C82F              C82F  ?_164
            C831              C831  ?_165
            C837              C837  ?_166
            C856              C856  ?_167
            C874              C874  ?_168
            C8F1              C8F1  ?_169
            C90C              C90C  ?_170
            C916              C916  ?_171
            C91A              C91A  ?_172
            C928              C928  ?_173
            C946              C946  intHandlerForStackOverFlow
            C9ED              C9ED  intHandlerForException
            CA53              CA53  memman_init
            CA7F              CA7F  memman_total
            CA95              CA95  ?_174
            CAA9              CAA9  ?_175
            CAB8              CAB8  memman_alloc
            CACA              CACA  ?_176
            CB46              CB46  ?_177
            CB4B              CB4B  ?_178
            CB4F              CB4F  ?_179
            CB62              CB62  ?_180
            CB64              CB64  memman_free
            CB74              CB74  ?_181
            CB87              CB87  ?_182
            CB8B              CB8B  ?_183
            CB95              CB95  ?_184
            CC4F              CC4F  ?_185
            CC59              CC59  ?_186
            CCB5              CCB5  ?_187
            CCCF              CCCF  ?_188
            CCF7              CCF7  ?_189
            CD26              CD26  ?_190
            CD4C              CD4C  ?_191
            CD75              CD75  ?_192
            CD7B              CD7B  memman_alloc_4k
            CDAB              CDAB  memman_free_4k
            CDE2              CDE2  shtctl_init
            CE0E              CE0E  ?_193
            CE57              CE57  ?_194
            CE84              CE84  ?_195
            CE9F              CE9F  ?_196
            CEAB              CEAB  ?_197
            CEAD              CEAD  sheet_alloc
            CEBC              CEBC  ?_198
            CF13              CF13  ?_199
            CF17              CF17  ?_200
            CF25              CF25  ?_201
            CF27              CF27  sheet_setbuf
            CF50              CF50  sheet_updown
            CF7C              CF7C  ?_202
            CF89              CF89  ?_203
            CFB0              CFB0  ?_204
            CFE4              CFE4  ?_205
            D0A6              D0A6  ?_206
            D0B9              D0B9  ?_207
            D0ED              D0ED  ?_208
            D0F8              D0F8  ?_209
            D1B0              D1B0  ?_210
            D1CA              D1CA  ?_211
            D1FE              D1FE  ?_212
            D218              D218  ?_213
            D223              D223  ?_214
            D25D              D25D  ?_215
            D284              D284  ?_216
            D323              D323  ?_217
            D32B              D32B  sheet_refresh
            D39F              D39F  ?_218
            D3AC              D3AC  sheet_slide
            D4FD              D4FD  ?_219
            D504              D504  sheet_refreshsub
            D528              D528  ?_220
            D535              D535  ?_221
            D549              D549  ?_222
            D55D              D55D  ?_223
            D568              D568  ?_224
            D5A1              D5A1  ?_225
            D5BB              D5BB  ?_226
            D657              D657  ?_227
            D65B              D65B  ?_228
            D66E              D66E  ?_229
            D681              D681  ?_230
            D68F              D68F  sheet_refreshmap
            D6AB              D6AB  ?_231
            D6B8              D6B8  ?_232
            D6CC              D6CC  ?_233
            D6E0              D6E0  ?_234
            D6EB              D6EB  ?_235
            D765              D765  ?_236
            D772              D772  ?_237
            D786              D786  ?_238
            D79A              D79A  ?_239
            D7A2              D7A2  ?_240
            D7B8              D7B8  ?_241
            D80C              D80C  ?_242
            D810              D810  ?_243
            D81C              D81C  ?_244
            D82C              D82C  ?_245
            D83E              D83E  init_pit
            D893              D893  ?_246
            D8BB              D8BB  ?_247
            D8C6              D8C6  timer_alloc
            D8D5              D8D5  ?_248
            D909              D909  ?_249
            D90D              D90D  ?_250
            D91B              D91B  ?_251
            D91D              D91D  timer_free
            D92D              D92D  timer_init
            D94F              D94F  timer_settime
            D967              D967  intHandlerForTimer
            D99E              D99E  ?_252
            DA3F              DA3F  ?_253
            DA4A              DA4A  ?_254
            DA4E              DA4E  ?_255
            DA5E              DA5E  getTimerController
            DA68              DA68  fifo8_init
            DAAF              DAAF  fifo8_put
            DACB              DACB  ?_256
            DAF0              DAF0  ?_257
            DB2C              DB2C  ?_258
            DB71              DB71  ?_259
            DB76              DB76  ?_260
            DB78              DB78  fifo8_get
            DB95              DB95  ?_261
            DBD4              DBD4  ?_262
            DBE6              DBE6  ?_263
            DBE8              DBE8  fifo8_status
            DBFD              DBFD  strcmp
            DC0F              DC0F  ?_264
            DC19              DC19  ?_265
            DC22              DC22  ?_266
            DC43              DC43  ?_267
            DC47              DC47  ?_268
            DC65              DC65  ?_269
            DC8A              DC8A  ?_270
            DCAF              DCAF  ?_271
            DCB4              DCB4  ?_272
            DCB6              DCB6  set_segmdesc
            DCD2              DCD2  ?_273
            DD31              DD31  get_taskctl
            DD3B              DD3B  init_task_level
            DD86              DD86  ?_274
            DDA7              DDA7  ?_275
            DDAF              DDAF  task_init
            DDE1              DDE1  ?_276
            DE66              DE66  ?_277
            DE79              DE79  ?_278
            DE88              DE88  ?_279
            DEF9              DEF9  task_alloc
            DF0B              DF0B  ?_280
            E007              E007  ?_281
            E00B              E00B  ?_282
            E01A              E01A  ?_283
            E01C              E01C  task_run
            E031              E031  ?_284
            E040              E040  ?_285
            E061              E061  ?_286
            E080              E080  ?_287
            E08F              E08F  task_switch
            E0EC              E0EC  ?_288
            E11C              E11C  ?_289
            E168              E168  ?_290
            E16B              E16B  task_sleep
            E1DB              E1DB  ?_291
            E1E0              E1E0  task_now
            E214              E214  task_add
            E261              E261  task_remove
            E28E              E28E  ?_292
            E2AD              E2AD  ?_293
            E2B1              E2B1  ?_294
            E2BB              E2BB  ?_295
            E2E2              E2E2  ?_296
            E2FB              E2FB  ?_297
            E307              E307  ?_298
            E322              E322  ?_299
            E32F              E32F  task_switchsub
            E33E              E33E  ?_300
            E35E              E35E  ?_301
            E362              E362  ?_302
            E368              E368  ?_303
            E380              E380  send_message
            E3AB              E3AB  ?_304
            E3B3              E3B3  ?_305
            E3C0              E3C0  ?_306
            E3C7              E3C7  ?_307
            E3CF              E3CF  ?_308
            E3D1              E3D1  ?_309
            E3D7              E3D7  ?_310
            E3DB              E3DB  ?_311
            E3DD              E3DD  ?_312
            E3E5              E3E5  ?_313
            E3E9              E3E9  ?_314
            E3ED              E3ED  ?_315
            E3F1              E3F1  ?_316
            E3F5              E3F5  ?_317
            E3FF              E3FF  ?_318
            E40B              E40B  ?_319
            E417              E417  ?_320
            E423              E423  ?_321
            E42A              E42A  ?_322
            E43A              E43A  ?_323
            E441              E441  ?_324
            E449              E449  ?_325
            E465              E465  memman
            E485              E485  keytable
            E4E5              E4E5  keytable1
            E575              E575  keyval
            E577              E577  ?_326
            E578              E578  ?_327
            E57D              E57D  KEY_CONTROL
            E585              E585  table_rgb.2009
            E5C5              E5C5  cursor.2056
            E6C5              E6C5  closebtn.2175
            E7A5              E7A5  key_shift
            E7A9              E7A9  caps_lock
            E7AD              E7AD  g_Console
            E7B1              E7B1  ?_328
            E7B5              E7B5  ?_329
            E7B9              E7B9  ?_330
            E7BD              E7BD  ?_331
            E7BE              E7BE  ?_332
            E7C1              E7C1  bootInfo
            E7C5              E7C5  ?_333
            E7C7              E7C7  ?_334
            E7C9              E7C9  keyinfo
            E7E1              E7E1  ?_335
            E7E5              E7E5  mouseinfo
            E805              E805  keybuf
            E825              E825  mousebuf
            E8A5              E8A5  mdec
            E8B1              E8B1  ?_336
            E8B5              E8B5  timerinfo
            E8D1              E8D1  timerbuf
            E8D9              E8D9  mx
            E8DD              E8DD  my
            E8E1              E8E1  xsize
            E8E5              E8E5  ysize
            E8E9              E8E9  buf_back
            E905              E905  buf_mouse
            EA05              EA05  shtMsgBox
            EA09              EA09  shtctl
            EA0D              EA0D  sht_back
            EA11              EA11  sht_mouse
            EA15              EA15  task_cons
            EA19              EA19  task_main
            EA1D              EA1D  buffer
            EA21              EA21  ?_337
            EA25              EA25  ?_338
            EA29              EA29  task_a.1797
            EA45              EA45  tss_a.1796
            EAC5              EAC5  tss_b.1795
            EB2D              EB2D  task_b.1785
            EB39              EB39  str.2104
            EB3A              EB3A  ?_339
            EB43              EB43  ?_340
            EB45              EB45  timerctl
           10A89             10A89  task_timer
           10A8D             10A8D  taskctl
           10A93             10A93  _SpuriousHandler
           10A94             10A94  _KeyBoardHandler
           10AB2             10AB2  _mouseHandler
           10AD0             10AD0  _timerHandler
           10AEA             10AEA  _stackOverFlowHandler
           10B03             10B03  _exceptionHandler
           10B1C             10B1C  get_font_data
           10B35             10B35  io_hlt
           10B37             10B37  io_cli
           10B39             10B39  io_sti
           10B3B             10B3B  io_stihlt
           10B3E             10B3E  io_in8
           10B49             10B49  io_in16
           10B55             10B55  io_in32
           10B5B             10B5B  io_out8
           10B65             10B65  io_out16
           10B70             10B70  io_out32
           10B7A             10B7A  io_load_eflags
           10B7D             10B7D  io_store_eflags
           10B84             10B84  get_memory_block_count
           10B8A             10B8A  get_leds
           10B90             10B90  get_adr_buffer
           10B96             10B96  get_addr_gdt
           10B9C             10B9C  get_code32_addr
           10BA2             10BA2  load_tr
           10BA8             10BA8  farjmp
           10BB3             10BB3  asm_cons_putchar
           10BD0             10BD0  end_app
           10BD4             10BD4  get_esp
           10BD7             10BD7  get_ss
           10BDC             10BDC  start_app
           10C05             10C05  asm_end_app

---- Section .data ------------------------------------------------------------

Real              Virtual           Name
           10C20             10C20  MemChkBuf
           10D20             10D20  dwMCRNumber
           10D24             10D24  LEDS

