
- NASM Map file ---------------------------------------------------------------

Source file:  kernel.asm
Output file:  kernel.bat

-- Symbols --------------------------------------------------------------------

---- No Section ---------------------------------------------------------------

Value     Name
00004000  DA_32
00000098  DA_C
0000009A  DA_CR
00000092  DA_DRW
00000093  DA_DRWA
0000008E  DA_386IGate
00008000  DA_LIMIT_4K
00000089  DA_386TSS
000A0000  VRAM_ADDRESS
00001000  SystemFontLength
00000148  GdtLen
00000008  SelectorCode32
00000010  SelectorVideo
00000020  SelectorStack
00000018  SelectorVram
00000028  SelectorFont
00000170  IdtLen
000088D1  SpuriousHandler
000088D2  KeyBoardHandler
000088F0  mouseHandler
0000890E  timerHandler
00008928  stackOverFlowHandler
00008941  exceptionHandler
000089F1  AsmConsPutCharHandler
00008A53  SegCode32Len


---- Section .text ------------------------------------------------------------

Real              Virtual           Name
            8003              8003  LABEL_SYSTEM_FONT
            8003              8003  systemFont

---- Section .gdt -------------------------------------------------------------

Real              Virtual           Name
            9004              9004  LABEL_GDT
            900C              900C  LABEL_DESC_CODE32
            9014              9014  LABEL_DESC_VIDEO
            901C              901C  LABEL_DESC_VRAM
            9024              9024  LABEL_DESC_STACK
            902C              902C  LABEL_DESC_FONT
            9034              9034  LABEL_DESC_6
            903C              903C  LABEL_DESC_7
            9044              9044  LABEL_DESC_8
            904C              904C  LABEL_DESC_9
            9054              9054  LABEL_DESC_10
            914C              914C  GdtPtr
            9152              9152  LABEL_IDT
            91B2              91B2  LABEL_IDT.0Ch
            91BA              91BA  LABEL_IDT.0Dh
            9252              9252  LABEL_IDT.020h
            925A              925A  LABEL_IDT.021h
            92B2              92B2  LABEL_IDT.2CH
            92BA              92BA  LABEL_IDT.2DH
            92C2              92C2  IdtPtr

---- Section .s16 -------------------------------------------------------------

Real              Virtual           Name
            92C8              92C8  LABEL_BEGIN
            92D3              92D3  keystatus
            92D3              92D3  ComputeMemory
            92DC              92DC  ComputeMemory.loop
            9302              9302  LABEL_MEM_CHK_FAIL
            930B              930B  LABEL_MEM_CHK_OK
            939A              939A  init8259A
            93DD              93DD  io_delay

---- Section .s32 -------------------------------------------------------------

Real              Virtual           Name
            93E4              93E4  LABEL_SEG_CODE32
            93FC              93FC  CMain
            9861              9861  ?_001
            9899              9899  ?_002
            992D              992D  ?_003
            9951              9951  ?_004
            998A              998A  ?_005
            99C2              99C2  ?_006
            99CC              99CC  ?_007
            9A28              9A28  ?_008
            9A58              9A58  ?_009
            9ABB              9ABB  ?_010
            9B45              9B45  ?_011
            9C28              9C28  ?_012
            9C7A              9C7A  ?_013
            9CAB              9CAB  ?_014
            9CFD              9CFD  ?_015
            9D1F              9D1F  ?_016
            9D67              9D67  ?_017
            9D9A              9D9A  ?_018
            9D9F              9D9F  set_cursor
            9DAF              9DAF  ?_019
            9E26              9E26  ?_020
            9E2D              9E2D  isSpecialKey
            9E71              9E71  ?_021
            9E78              9E78  ?_022
            9E7D              9E7D  ?_023
            9E7F              9E7F  transferScanCode
            9E98              9E98  ?_024
            9EAB              9EAB  ?_025
            9EC1              9EC1  ?_026
            9ED7              9ED7  ?_027
            9EF2              9EF2  ?_028
            9EFC              9EFC  ?_029
            9F26              9F26  ?_030
            9F30              9F30  ?_031
            9F81              9F81  ?_032
            9F83              9F83  ?_033
            9FB1              9FB1  ?_034
            9FB5              9FB5  ?_035
            9FB9              9FB9  ?_036
            9FBB              9FBB  launch_console
            A054              A054  ?_037
            A078              A078  ?_038
            A0E3              A0E3  ?_039
            A106              A106  ?_040
            A195              A195  ?_041
            A2D6              A2D6  ?_042
            A2DF              A2DF  kill_process
            A330              A330  cmd_dir
            A36C              A36C  ?_043
            A375              A375  ?_044
            A39F              A39F  ?_045
            A3A1              A3A1  ?_046
            A3A7              A3A7  ?_047
            A3C6              A3C6  ?_048
            A3E4              A3E4  ?_049
            A4A8              A4A8  ?_050
            A4D8              A4D8  cmd_type
            A4FA              A4FA  ?_051
            A532              A532  ?_052
            A560              A560  ?_053
            A562              A562  ?_054
            A568              A568  ?_055
            A57F              A57F  ?_056
            A58C              A58C  ?_057
            A5B6              A5B6  ?_058
            A5B8              A5B8  ?_059
            A5BE              A5BE  ?_060
            A5DD              A5DD  ?_061
            A5FB              A5FB  ?_062
            A65C              A65C  ?_063
            A67A              A67A  ?_064
            A71C              A71C  ?_065
            A721              A721  ?_066
            A762              A762  ?_067
            A80A              A80A  ?_068
            A80E              A80E  ?_069
            A81D              A81D  ?_070
            A821              A821  ?_071
            A82F              A82F  ?_072
            A87F              A87F  ?_073
            A886              A886  cmd_mem
            A8A7              A8A7  ?_074
            A9A6              A9A6  ?_075
            A9AC              A9AC  cmd_cls
            A9CC              A9CC  ?_076
            A9E3              A9E3  ?_077
            A9EC              A9EC  ?_078
            AA17              AA17  ?_079
            AA24              AA24  ?_080
            AAAE              AAAE  ?_081
            AAB0              AAB0  cmd_hlt
            AC79              AC79  cmd_start
            ACF8              ACF8  ?_082
            AD1C              AD1C  ?_083
            AD4C              AD4C  cmd_ncst
            AD9B              AD9B  ?_084
            ADBF              ADBF  ?_085
            ADEF              ADEF  console_task
            AEF8              AEF8  ?_086
            AF21              AF21  ?_087
            AF6A              AF6A  ?_088
            AF8E              AF8E  ?_089
            AFA6              AFA6  ?_090
            AFE8              AFE8  ?_091
            B058              B058  ?_092
            B11C              B11C  ?_093
            B13E              B13E  ?_094
            B160              B160  ?_095
            B182              B182  ?_096
            B1AA              B1AA  ?_097
            B1E8              B1E8  ?_098
            B20D              B20D  ?_099
            B230              B230  ?_100
            B242              B242  ?_101
            B2E4              B2E4  ?_102
            B37B              B37B  ?_103
            B3C9              B3C9  ?_104
            B3D3              B3D3  cons_putstr
            B3DB              B3DB  ?_105
            B3F8              B3F8  ?_106
            B405              B405  api_linewin
            B440              B440  ?_107
            B449              B449  ?_108
            B46B              B46B  ?_109
            B472              B472  ?_110
            B493              B493  ?_111
            B4AC              B4AC  ?_112
            B4C6              B4C6  ?_113
            B4CD              B4CD  ?_114
            B4EE              B4EE  ?_115
            B505              B505  ?_116
            B50E              B50E  ?_117
            B543              B543  ?_118
            B54D              B54D  handle_keyboard
            B553              B553  ?_119
            B57A              B57A  ?_120
            B595              B595  ?_121
            B5EB              B5EB  ?_122
            B62F              B62F  ?_123
            B644              B644  ?_124
            B656              B656  ?_125
            B65B              B65B  ?_126
            B65D              B65D  close_constask
            B6ED              B6ED  close_console
            B751              B751  ?_127
            B75E              B75E  cmd_exit
            B784              B784  kernel_api
            B7C5              B7C5  ?_128
            B7E8              B7E8  ?_129
            B803              B803  ?_130
            B914              B914  ?_131
            B9AA              B9AA  ?_132
            BA2E              BA2E  ?_133
            BA5C              BA5C  ?_134
            BA9D              BA9D  ?_135
            BADC              BADC  ?_136
            BAFB              BAFB  ?_137
            BB1C              BB1C  ?_138
            BB31              BB31  ?_139
            BB58              BB58  ?_140
            BB74              BB74  ?_141
            BB85              BB85  ?_142
            BB8A              BB8A  ?_143
            BB91              BB91  cons_putchar
            BC65              BC65  cons_newline
            BC78              BC78  ?_144
            BC8A              BC8A  ?_145
            BC93              BC93  ?_146
            BC9C              BC9C  ?_147
            BCD8              BCD8  ?_148
            BCE5              BCE5  ?_149
            BCF7              BCF7  ?_150
            BD00              BD00  ?_151
            BD1F              BD1F  ?_152
            BD2C              BD2C  ?_153
            BD69              BD69  ?_154
            BD9F              BD9F  ?_155
            BDA5              BDA5  init_screen8
            C12C              C12C  computeMousePosition
            C166              C166  ?_156
            C179              C179  ?_157
            C197              C197  ?_158
            C1B5              C1B5  ?_159
            C1B7              C1B7  show_mouse_info
            C26D              C26D  ?_160
            C378              C378  ?_161
            C3C4              C3C4  ?_162
            C433              C433  ?_163
            C48E              C48E  ?_164
            C4D0              C4D0  ?_165
            C4D2              C4D2  ?_166
            C4D6              C4D6  ?_167
            C4E2              C4E2  ?_168
            C4E4              C4E4  ?_169
            C555              C555  ?_170
            C55F              C55F  ?_171
            C561              C561  initBootInfo
            C581              C581  showString
            C59D              C59D  ?_172
            C5E8              C5E8  ?_173
            C629              C629  init_palette
            C65A              C65A  ?_174
            C666              C666  ?_175
            C672              C672  ?_176
            C72D              C72D  ?_177
            C73B              C73B  ?_178
            C749              C749  ?_179
            C774              C774  set_palette
            C7A2              C7A2  ?_180
            C804              C804  ?_181
            C81A              C81A  boxfill8
            C82E              C82E  ?_182
            C836              C836  ?_183
            C855              C855  ?_184
            C861              C861  ?_185
            C86B              C86B  showFont8
            C883              C883  ?_186
            C8B7              C8B7  ?_187
            C8E3              C8E3  ?_188
            C90F              C90F  ?_189
            C93B              C93B  ?_190
            C967              C967  ?_191
            C993              C993  ?_192
            C9BF              C9BF  ?_193
            C9EB              C9EB  ?_194
            C9EF              C9EF  ?_195
            C9FB              C9FB  init_mouse_cursor
            CA13              CA13  ?_196
            CA1F              CA1F  ?_197
            CA4F              CA4F  ?_198
            CA7F              CA7F  ?_199
            CAB2              CAB2  ?_200
            CAB6              CAB6  ?_201
            CAC4              CAC4  ?_202
            CAD0              CAD0  putblock
            CADF              CADF  ?_203
            CAE8              CAE8  ?_204
            CB23              CB23  ?_205
            CB2F              CB2F  ?_206
            CB39              CB39  intHandlerFromC
            CB9B              CB9B  charToHexVal
            CBB6              CBB6  ?_207
            CBBD              CBBD  ?_208
            CBBF              CBBF  charToHexStr
            CC12              CC12  intToHexStr
            CC36              CC36  ?_209
            CC45              CC45  ?_210
            CC54              CC54  ?_211
            CC7F              CC7F  ?_212
            CC90              CC90  ?_213
            CC94              CC94  ?_214
            CCA0              CCA0  ?_215
            CCA7              CCA7  wait_KBC_sendready
            CCAD              CCAD  ?_216
            CCC2              CCC2  ?_217
            CCC4              CCC4  ?_218
            CCC6              CCC6  init_keyboard
            CD01              CD01  enable_mouse
            CD43              CD43  intHandlerForMouse
            CD96              CD96  mouse_decode
            CDBA              CDBA  ?_219
            CDC4              CDC4  ?_220
            CDED              CDED  ?_221
            CDF7              CDF7  ?_222
            CE1D              CE1D  ?_223
            CE94              CE94  ?_224
            CEB7              CEB7  ?_225
            CECE              CECE  ?_226
            CED3              CED3  ?_227
            CED5              CED5  showMemoryInfo
            D0EF              D0EF  message_box
            D1DA              D1DA  make_window8
            D49F              D49F  make_wtitle8
            D4BC              D4BC  ?_228
            D4C4              D4C4  ?_229
            D548              D548  ?_230
            D551              D551  ?_231
            D575              D575  ?_232
            D581              D581  ?_233
            D58D              D58D  ?_234
            D591              D591  ?_235
            D5C1              D5C1  ?_236
            D5CB              D5CB  ?_237
            D5DB              D5DB  make_textbox8
            D874              D874  file_loadfile
            D8A7              D8A7  ?_238
            D8B0              D8B0  ?_239
            D8DA              D8DA  ?_240
            D8DC              D8DC  ?_241
            D8E2              D8E2  ?_242
            D901              D901  ?_243
            D91F              D91F  ?_244
            D99C              D99C  ?_245
            D9B7              D9B7  ?_246
            D9C1              D9C1  ?_247
            D9C5              D9C5  ?_248
            D9D3              D9D3  ?_249
            D9F1              D9F1  intHandlerForStackOverFlow
            DABC              DABC  intHandlerForException
            DB3B              DB3B  memman_init
            DB67              DB67  memman_total
            DB7D              DB7D  ?_250
            DB91              DB91  ?_251
            DBA0              DBA0  memman_alloc
            DBB3              DBB3  ?_252
            DC35              DC35  ?_253
            DC5D              DC5D  ?_254
            DC67              DC67  ?_255
            DC6C              DC6C  ?_256
            DC70              DC70  ?_257
            DC83              DC83  ?_258
            DC89              DC89  memman_free
            DC99              DC99  ?_259
            DCAC              DCAC  ?_260
            DCB0              DCB0  ?_261
            DCBA              DCBA  ?_262
            DD7A              DD7A  ?_263
            DDA2              DDA2  ?_264
            DDAC              DDAC  ?_265
            DDB6              DDB6  ?_266
            DE12              DE12  ?_267
            DE2C              DE2C  ?_268
            DE54              DE54  ?_269
            DE83              DE83  ?_270
            DEA9              DEA9  ?_271
            DED2              DED2  ?_272
            DED8              DED8  memman_alloc_4k
            DF08              DF08  memman_free_4k
            DF3F              DF3F  shtctl_init
            DF6B              DF6B  ?_273
            DFB4              DFB4  ?_274
            DFE1              DFE1  ?_275
            E01F              E01F  ?_276
            E02B              E02B  ?_277
            E02D              E02D  sheet_alloc
            E03C              E03C  ?_278
            E09B              E09B  ?_279
            E09F              E09F  ?_280
            E0AD              E0AD  ?_281
            E0AF              E0AF  sheet_setbuf
            E0D8              E0D8  sheet_updown
            E104              E104  ?_282
            E111              E111  ?_283
            E138              E138  ?_284
            E16C              E16C  ?_285
            E22E              E22E  ?_286
            E241              E241  ?_287
            E275              E275  ?_288
            E280              E280  ?_289
            E338              E338  ?_290
            E352              E352  ?_291
            E386              E386  ?_292
            E3A0              E3A0  ?_293
            E3AB              E3AB  ?_294
            E3E5              E3E5  ?_295
            E40C              E40C  ?_296
            E4AB              E4AB  ?_297
            E4B3              E4B3  sheet_refresh
            E527              E527  ?_298
            E534              E534  sheet_slide
            E685              E685  ?_299
            E68C              E68C  sheet_refreshsub
            E6B0              E6B0  ?_300
            E6BD              E6BD  ?_301
            E6D1              E6D1  ?_302
            E6E5              E6E5  ?_303
            E6F0              E6F0  ?_304
            E770              E770  ?_305
            E77D              E77D  ?_306
            E791              E791  ?_307
            E7A5              E7A5  ?_308
            E7B1              E7B1  ?_309
            E7C8              E7C8  ?_310
            E82B              E82B  ?_311
            E82F              E82F  ?_312
            E83B              E83B  ?_313
            E84B              E84B  ?_314
            E859              E859  sheet_refreshmap
            E875              E875  ?_315
            E882              E882  ?_316
            E896              E896  ?_317
            E8AA              E8AA  ?_318
            E8B5              E8B5  ?_319
            E935              E935  ?_320
            E942              E942  ?_321
            E956              E956  ?_322
            E96A              E96A  ?_323
            E972              E972  ?_324
            E988              E988  ?_325
            E9DC              E9DC  ?_326
            E9E0              E9E0  ?_327
            E9EC              E9EC  ?_328
            E9FC              E9FC  ?_329
            EA0E              EA0E  sheet_free
            EA38              EA38  ?_330
            EA45              EA45  init_pit
            EA9A              EA9A  ?_331
            EAC2              EAC2  ?_332
            EACD              EACD  timer_alloc
            EADC              EADC  ?_333
            EB10              EB10  ?_334
            EB14              EB14  ?_335
            EB22              EB22  ?_336
            EB24              EB24  timer_free
            EB34              EB34  timer_init
            EB56              EB56  timer_settime
            EB6E              EB6E  intHandlerForTimer
            EBA5              EBA5  ?_337
            EC46              EC46  ?_338
            EC51              EC51  ?_339
            EC55              EC55  ?_340
            EC65              EC65  getTimerController
            EC6F              EC6F  fifo8_init
            ECB6              ECB6  fifo8_put
            ECD2              ECD2  ?_341
            ECF7              ECF7  ?_342
            ED33              ED33  ?_343
            ED7F              ED7F  ?_344
            ED84              ED84  ?_345
            ED86              ED86  fifo8_get
            EDA3              EDA3  ?_346
            EDE2              EDE2  ?_347
            EDF4              EDF4  ?_348
            EDF6              EDF6  fifo8_status
            EE0B              EE0B  strcmp
            EE1D              EE1D  ?_349
            EE27              EE27  ?_350
            EE30              EE30  ?_351
            EE51              EE51  ?_352
            EE55              EE55  ?_353
            EE73              EE73  ?_354
            EE98              EE98  ?_355
            EEBD              EEBD  ?_356
            EEC2              EEC2  ?_357
            EEC4              EEC4  set_segmdesc
            EEE0              EEE0  ?_358
            EF3F              EF3F  get_taskctl
            EF49              EF49  init_task_level
            EF92              EF92  ?_359
            EFAD              EFAD  ?_360
            EFB5              EFB5  task_init
            EFE7              EFE7  ?_361
            F073              F073  ?_362
            F086              F086  ?_363
            F095              F095  ?_364
            F106              F106  task_alloc
            F118              F118  ?_365
            F219              F219  ?_366
            F21D              F21D  ?_367
            F22C              F22C  ?_368
            F22E              F22E  task_run
            F243              F243  ?_369
            F252              F252  ?_370
            F273              F273  ?_371
            F292              F292  ?_372
            F2A1              F2A1  task_switch
            F2FD              F2FD  ?_373
            F32C              F32C  ?_374
            F378              F378  ?_375
            F37B              F37B  task_sleep
            F3EB              F3EB  ?_376
            F3F0              F3F0  task_now
            F423              F423  task_add
            F46F              F46F  task_remove
            F49B              F49B  ?_377
            F4BA              F4BA  ?_378
            F4BE              F4BE  ?_379
            F4C8              F4C8  ?_380
            F4EF              F4EF  ?_381
            F508              F508  ?_382
            F514              F514  ?_383
            F52F              F52F  ?_384
            F53C              F53C  task_switchsub
            F54B              F54B  ?_385
            F56A              F56A  ?_386
            F56E              F56E  ?_387
            F574              F574  ?_388
            F58C              F58C  send_message
            F5B7              F5B7  ?_389
            F5BF              F5BF  ?_390
            F5C6              F5C6  ?_391
            F5CE              F5CE  ?_392
            F5D0              F5D0  ?_393
            F5D6              F5D6  ?_394
            F5DA              F5DA  ?_395
            F5DC              F5DC  ?_396
            F5E4              F5E4  ?_397
            F5E8              F5E8  ?_398
            F5EC              F5EC  ?_399
            F5F0              F5F0  ?_400
            F5F4              F5F4  ?_401
            F5F9              F5F9  ?_402
            F5FF              F5FF  ?_403
            F604              F604  ?_404
            F60D              F60D  ?_405
            F617              F617  ?_406
            F621              F621  ?_407
            F62D              F62D  ?_408
            F639              F639  ?_409
            F645              F645  ?_410
            F64C              F64C  ?_411
            F65C              F65C  ?_412
            F663              F663  ?_413
            F66B              F66B  ?_414
            F687              F687  memman
            F6A7              F6A7  keytable
            F707              F707  keytable1
            F797              F797  keyval
            F799              F799  ?_415
            F79A              F79A  ?_416
            F79F              F79F  mmx
            F7A3              F7A3  mmy
            F7A7              F7A7  KEY_CONTROL
            F7AB              F7AB  show_console_window
            F7C7              F7C7  table_rgb.2101
            F807              F807  cursor.2161
            F907              F907  closebtn.2280
            F9E7              F9E7  key_shift
            F9EB              F9EB  caps_lock
            F9EF              F9EF  first_task_cons_selector
            F9F3              F9F3  current_console
            F9F7              F9F7  console_count
            F9FB              F9FB  bootInfo
            F9FF              F9FF  ?_417
            FA01              FA01  ?_418
            FA03              FA03  keyinfo
            FA1B              FA1B  ?_419
            FA1F              FA1F  mouseinfo
            FA47              FA47  keybuf
            FA67              FA67  mousebuf
            FAE7              FAE7  mdec
            FAF3              FAF3  ?_420
            FAF7              FAF7  timerinfo
            FB13              FB13  timerbuf
            FB1B              FB1B  mx
            FB1F              FB1F  my
            FB23              FB23  xsize
            FB27              FB27  ysize
            FB2B              FB2B  buf_back
            FB47              FB47  buf_mouse
            FC47              FC47  shtMsgBox
            FC4B              FC4B  shtctl
            FC4F              FC4F  sht_back
            FC53              FC53  sht_mouse
            FC57              FC57  mouse_clicked_sht
            FC5B              FC5B  task_main
            FC5F              FC5F  current_console_task
            FC63              FC63  task_a.1819
            FC67              FC67  tss_a.1818
            FCE7              FCE7  tss_b.1817
            FD4F              FD4F  task_b.1807
            FD5B              FD5B  str.2209
            FD5C              FD5C  ?_421
            FD65              FD65  ?_422
            FD67              FD67  timerctl
           11CAB             11CAB  task_timer
           11CAF             11CAF  taskctl
           11CB5             11CB5  _SpuriousHandler
           11CB6             11CB6  _KeyBoardHandler
           11CD4             11CD4  _mouseHandler
           11CF2             11CF2  _timerHandler
           11D0C             11D0C  _stackOverFlowHandler
           11D25             11D25  _exceptionHandler
           11D3E             11D3E  get_font_data
           11D57             11D57  io_hlt
           11D59             11D59  io_cli
           11D5B             11D5B  io_sti
           11D5D             11D5D  io_stihlt
           11D60             11D60  io_in8
           11D6B             11D6B  io_in16
           11D77             11D77  io_in32
           11D7D             11D7D  io_out8
           11D87             11D87  io_out16
           11D92             11D92  io_out32
           11D9C             11D9C  io_load_eflags
           11D9F             11D9F  io_store_eflags
           11DA6             11DA6  get_memory_block_count
           11DAC             11DAC  get_leds
           11DB2             11DB2  get_adr_buffer
           11DB8             11DB8  get_addr_gdt
           11DBE             11DBE  get_code32_addr
           11DC4             11DC4  load_tr
           11DCA             11DCA  farjmp
           11DD5             11DD5  asm_cons_putchar
           11DF3             11DF3  end_app
           11DF7             11DF7  get_esp
           11DFA             11DFA  get_ss
           11DFF             11DFF  start_app
           11E28             11E28  asm_end_app

---- Section .data ------------------------------------------------------------

Real              Virtual           Name
           11E40             11E40  MemChkBuf
           11F40             11F40  dwMCRNumber
           11F44             11F44  LEDS

