
- NASM Map file ---------------------------------------------------------------

Source file:  kernel.asm
Output file:  kernel.bat

-- Symbols --------------------------------------------------------------------

---- No Section ---------------------------------------------------------------

Value     Name
00004000  DA_32
00000098  DA_C
0000009A  DA_CR
00000092  DA_DRW
00000093  DA_DRWA
0000008E  DA_386IGate
00008000  DA_LIMIT_4K
00000089  DA_386TSS
000A0000  VRAM_ADDRESS
00001000  SystemFontLength
000000F8  GdtLen
00000008  SelectorCode32
00000010  SelectorVideo
00000020  SelectorStack
00000018  SelectorVram
00000028  SelectorFont
00000170  IdtLen
00008348  SpuriousHandler
00008349  KeyBoardHandler
00008367  mouseHandler
00008385  timerHandler
0000839F  stackOverFlowHandler
000083B8  exceptionHandler
00008468  AsmConsPutCharHandler
000084CA  SegCode32Len


---- Section .text ------------------------------------------------------------

Real              Virtual           Name
            8003              8003  LABEL_SYSTEM_FONT
            8003              8003  systemFont

---- Section .gdt -------------------------------------------------------------

Real              Virtual           Name
            9004              9004  LABEL_GDT
            900C              900C  LABEL_DESC_CODE32
            9014              9014  LABEL_DESC_VIDEO
            901C              901C  LABEL_DESC_VRAM
            9024              9024  LABEL_DESC_STACK
            902C              902C  LABEL_DESC_FONT
            9034              9034  LABEL_DESC_6
            903C              903C  LABEL_DESC_7
            9044              9044  LABEL_DESC_8
            904C              904C  LABEL_DESC_9
            9054              9054  LABEL_DESC_10
            90FC              90FC  GdtPtr
            9102              9102  LABEL_IDT
            9162              9162  LABEL_IDT.0Ch
            916A              916A  LABEL_IDT.0Dh
            9202              9202  LABEL_IDT.020h
            920A              920A  LABEL_IDT.021h
            9262              9262  LABEL_IDT.2CH
            926A              926A  LABEL_IDT.2DH
            9272              9272  IdtPtr

---- Section .s16 -------------------------------------------------------------

Real              Virtual           Name
            9278              9278  LABEL_BEGIN
            9283              9283  keystatus
            9283              9283  ComputeMemory
            928C              928C  ComputeMemory.loop
            92B2              92B2  LABEL_MEM_CHK_FAIL
            92BB              92BB  LABEL_MEM_CHK_OK
            934A              934A  init8259A
            938D              938D  io_delay

---- Section .s32 -------------------------------------------------------------

Real              Virtual           Name
            9394              9394  LABEL_SEG_CODE32
            93AC              93AC  CMain
            978D              978D  ?_001
            97A3              97A3  ?_002
            9861              9861  ?_003
            9899              9899  ?_004
            9927              9927  ?_005
            9955              9955  ?_006
            998D              998D  ?_007
            9997              9997  ?_008
            9A1F              9A1F  ?_009
            9A7E              9A7E  ?_010
            9AFB              9AFB  ?_011
            9BDE              9BDE  ?_012
            9C2E              9C2E  ?_013
            9C5F              9C5F  ?_014
            9CB1              9CB1  ?_015
            9CD3              9CD3  ?_016
            9D1B              9D1B  ?_017
            9D4E              9D4E  ?_018
            9D53              9D53  set_cursor
            9DD9              9DD9  isSpecialKey
            9E1D              9E1D  ?_019
            9E24              9E24  ?_020
            9E29              9E29  ?_021
            9E2B              9E2B  transferScanCode
            9E44              9E44  ?_022
            9E57              9E57  ?_023
            9E6D              9E6D  ?_024
            9E83              9E83  ?_025
            9E9E              9E9E  ?_026
            9EA8              9EA8  ?_027
            9ED2              9ED2  ?_028
            9EDC              9EDC  ?_029
            9F2D              9F2D  ?_030
            9F2F              9F2F  ?_031
            9F5D              9F5D  ?_032
            9F61              9F61  ?_033
            9F65              9F65  ?_034
            9F67              9F67  launch_console
            A150              A150  kill_process
            A1A1              A1A1  cmd_dir
            A1DD              A1DD  ?_035
            A1E6              A1E6  ?_036
            A210              A210  ?_037
            A212              A212  ?_038
            A218              A218  ?_039
            A237              A237  ?_040
            A255              A255  ?_041
            A319              A319  ?_042
            A349              A349  cmd_type
            A391              A391  ?_043
            A3BF              A3BF  ?_044
            A3C1              A3C1  ?_045
            A3C7              A3C7  ?_046
            A3DE              A3DE  ?_047
            A3EB              A3EB  ?_048
            A415              A415  ?_049
            A417              A417  ?_050
            A41D              A41D  ?_051
            A43C              A43C  ?_052
            A45A              A45A  ?_053
            A4BB              A4BB  ?_054
            A4D9              A4D9  ?_055
            A57B              A57B  ?_056
            A580              A580  ?_057
            A5C1              A5C1  ?_058
            A669              A669  ?_059
            A66D              A66D  ?_060
            A67C              A67C  ?_061
            A680              A680  ?_062
            A68E              A68E  ?_063
            A6E5              A6E5  cmd_mem
            A7F9              A7F9  cmd_cls
            A81E              A81E  ?_064
            A827              A827  ?_065
            A852              A852  ?_066
            A85F              A85F  ?_067
            A8EB              A8EB  cmd_hlt
            A963              A963  ?_068
            AA9C              AA9C  console_task
            ABD5              ABD5  ?_069
            ABFE              ABFE  ?_070
            AC47              AC47  ?_071
            AC6B              AC6B  ?_072
            AC83              AC83  ?_073
            ACC5              ACC5  ?_074
            AD70              AD70  ?_075
            AE18              AE18  ?_076
            AE37              AE37  ?_077
            AE56              AE56  ?_078
            AE75              AE75  ?_079
            AEB1              AEB1  ?_080
            AEC3              AEC3  ?_081
            AF62              AF62  ?_082
            AFDB              AFDB  ?_083
            B01C              B01C  ?_084
            B026              B026  cons_putstr
            B02E              B02E  ?_085
            B04B              B04B  ?_086
            B058              B058  api_linewin
            B093              B093  ?_087
            B09C              B09C  ?_088
            B0BE              B0BE  ?_089
            B0C5              B0C5  ?_090
            B0E6              B0E6  ?_091
            B0FF              B0FF  ?_092
            B119              B119  ?_093
            B120              B120  ?_094
            B141              B141  ?_095
            B158              B158  ?_096
            B161              B161  ?_097
            B196              B196  ?_098
            B1A0              B1A0  handle_keyboard
            B1A6              B1A6  ?_099
            B1CD              B1CD  ?_100
            B1E8              B1E8  ?_101
            B23E              B23E  ?_102
            B282              B282  ?_103
            B297              B297  ?_104
            B2A9              B2A9  ?_105
            B2AE              B2AE  ?_106
            B2B0              B2B0  kernel_api
            B2F1              B2F1  ?_107
            B314              B314  ?_108
            B32F              B32F  ?_109
            B440              B440  ?_110
            B4D6              B4D6  ?_111
            B55A              B55A  ?_112
            B588              B588  ?_113
            B5C9              B5C9  ?_114
            B608              B608  ?_115
            B627              B627  ?_116
            B648              B648  ?_117
            B65D              B65D  ?_118
            B684              B684  ?_119
            B6A0              B6A0  ?_120
            B6B1              B6B1  ?_121
            B6B6              B6B6  ?_122
            B6BD              B6BD  cons_putchar
            B791              B791  cons_newline
            B7AA              B7AA  ?_123
            B7B3              B7B3  ?_124
            B7BC              B7BC  ?_125
            B7F8              B7F8  ?_126
            B805              B805  ?_127
            B817              B817  ?_128
            B820              B820  ?_129
            B83F              B83F  ?_130
            B84C              B84C  ?_131
            B889              B889  ?_132
            B8C5              B8C5  init_screen8
            BC4C              BC4C  computeMousePosition
            BC86              BC86  ?_133
            BC99              BC99  ?_134
            BCB7              BCB7  ?_135
            BCD5              BCD5  ?_136
            BCD7              BCD7  show_mouse_info
            BD8D              BD8D  ?_137
            BE7C              BE7C  ?_138
            BEE5              BEE5  ?_139
            BEE7              BEE7  ?_140
            BEEB              BEEB  ?_141
            BEF7              BEF7  ?_142
            BEF9              BEF9  ?_143
            BF6A              BF6A  ?_144
            BF74              BF74  ?_145
            BF76              BF76  initBootInfo
            BF96              BF96  showString
            BFB2              BFB2  ?_146
            BFFD              BFFD  ?_147
            C03E              C03E  init_palette
            C06F              C06F  ?_148
            C07B              C07B  ?_149
            C087              C087  ?_150
            C142              C142  ?_151
            C150              C150  ?_152
            C15E              C15E  ?_153
            C189              C189  set_palette
            C1B7              C1B7  ?_154
            C219              C219  ?_155
            C22F              C22F  boxfill8
            C243              C243  ?_156
            C24B              C24B  ?_157
            C26A              C26A  ?_158
            C276              C276  ?_159
            C280              C280  showFont8
            C298              C298  ?_160
            C2CC              C2CC  ?_161
            C2F8              C2F8  ?_162
            C324              C324  ?_163
            C350              C350  ?_164
            C37C              C37C  ?_165
            C3A8              C3A8  ?_166
            C3D4              C3D4  ?_167
            C400              C400  ?_168
            C404              C404  ?_169
            C410              C410  init_mouse_cursor
            C428              C428  ?_170
            C434              C434  ?_171
            C464              C464  ?_172
            C494              C494  ?_173
            C4C7              C4C7  ?_174
            C4CB              C4CB  ?_175
            C4D9              C4D9  ?_176
            C4E5              C4E5  putblock
            C4F4              C4F4  ?_177
            C4FD              C4FD  ?_178
            C538              C538  ?_179
            C544              C544  ?_180
            C54E              C54E  intHandlerFromC
            C5B0              C5B0  charToHexVal
            C5CB              C5CB  ?_181
            C5D2              C5D2  ?_182
            C5D4              C5D4  charToHexStr
            C627              C627  intToHexStr
            C64B              C64B  ?_183
            C65A              C65A  ?_184
            C669              C669  ?_185
            C694              C694  ?_186
            C6A5              C6A5  ?_187
            C6A9              C6A9  ?_188
            C6B5              C6B5  ?_189
            C6BC              C6BC  wait_KBC_sendready
            C6C2              C6C2  ?_190
            C6D7              C6D7  ?_191
            C6D9              C6D9  ?_192
            C6DB              C6DB  init_keyboard
            C716              C716  enable_mouse
            C758              C758  intHandlerForMouse
            C7AB              C7AB  mouse_decode
            C7CF              C7CF  ?_193
            C7D9              C7D9  ?_194
            C802              C802  ?_195
            C80C              C80C  ?_196
            C832              C832  ?_197
            C8A9              C8A9  ?_198
            C8CC              C8CC  ?_199
            C8E3              C8E3  ?_200
            C8E8              C8E8  ?_201
            C8EA              C8EA  showMemoryInfo
            CB04              CB04  message_box
            CBEF              CBEF  make_window8
            CEB4              CEB4  make_wtitle8
            CED1              CED1  ?_202
            CED9              CED9  ?_203
            CF5D              CF5D  ?_204
            CF66              CF66  ?_205
            CF8A              CF8A  ?_206
            CF96              CF96  ?_207
            CFA2              CFA2  ?_208
            CFA6              CFA6  ?_209
            CFD6              CFD6  ?_210
            CFE0              CFE0  ?_211
            CFF0              CFF0  make_textbox8
            D289              D289  file_loadfile
            D2BC              D2BC  ?_212
            D2C5              D2C5  ?_213
            D2EF              D2EF  ?_214
            D2F1              D2F1  ?_215
            D2F7              D2F7  ?_216
            D316              D316  ?_217
            D334              D334  ?_218
            D3B1              D3B1  ?_219
            D3CC              D3CC  ?_220
            D3D6              D3D6  ?_221
            D3DA              D3DA  ?_222
            D3E8              D3E8  ?_223
            D406              D406  intHandlerForStackOverFlow
            D4D1              D4D1  intHandlerForException
            D550              D550  memman_init
            D57C              D57C  memman_total
            D592              D592  ?_224
            D5A6              D5A6  ?_225
            D5B5              D5B5  memman_alloc
            D5C8              D5C8  ?_226
            D64A              D64A  ?_227
            D672              D672  ?_228
            D67C              D67C  ?_229
            D681              D681  ?_230
            D685              D685  ?_231
            D698              D698  ?_232
            D69E              D69E  memman_free
            D6AE              D6AE  ?_233
            D6C1              D6C1  ?_234
            D6C5              D6C5  ?_235
            D6CF              D6CF  ?_236
            D78F              D78F  ?_237
            D7B7              D7B7  ?_238
            D7C1              D7C1  ?_239
            D7CB              D7CB  ?_240
            D827              D827  ?_241
            D841              D841  ?_242
            D869              D869  ?_243
            D898              D898  ?_244
            D8BE              D8BE  ?_245
            D8E7              D8E7  ?_246
            D8ED              D8ED  memman_alloc_4k
            D91D              D91D  memman_free_4k
            D954              D954  shtctl_init
            D980              D980  ?_247
            D9C9              D9C9  ?_248
            D9F6              D9F6  ?_249
            DA34              DA34  ?_250
            DA40              DA40  ?_251
            DA42              DA42  sheet_alloc
            DA51              DA51  ?_252
            DAB0              DAB0  ?_253
            DAB4              DAB4  ?_254
            DAC2              DAC2  ?_255
            DAC4              DAC4  sheet_setbuf
            DAED              DAED  sheet_updown
            DB19              DB19  ?_256
            DB26              DB26  ?_257
            DB4D              DB4D  ?_258
            DB81              DB81  ?_259
            DC43              DC43  ?_260
            DC56              DC56  ?_261
            DC8A              DC8A  ?_262
            DC95              DC95  ?_263
            DD4D              DD4D  ?_264
            DD67              DD67  ?_265
            DD9B              DD9B  ?_266
            DDB5              DDB5  ?_267
            DDC0              DDC0  ?_268
            DDFA              DDFA  ?_269
            DE21              DE21  ?_270
            DEC0              DEC0  ?_271
            DEC8              DEC8  sheet_refresh
            DF3C              DF3C  ?_272
            DF49              DF49  sheet_slide
            E09A              E09A  ?_273
            E0A1              E0A1  sheet_refreshsub
            E0C5              E0C5  ?_274
            E0D2              E0D2  ?_275
            E0E6              E0E6  ?_276
            E0FA              E0FA  ?_277
            E105              E105  ?_278
            E185              E185  ?_279
            E192              E192  ?_280
            E1A6              E1A6  ?_281
            E1BA              E1BA  ?_282
            E1C6              E1C6  ?_283
            E1DD              E1DD  ?_284
            E240              E240  ?_285
            E244              E244  ?_286
            E250              E250  ?_287
            E260              E260  ?_288
            E26E              E26E  sheet_refreshmap
            E28A              E28A  ?_289
            E297              E297  ?_290
            E2AB              E2AB  ?_291
            E2BF              E2BF  ?_292
            E2CA              E2CA  ?_293
            E34A              E34A  ?_294
            E357              E357  ?_295
            E36B              E36B  ?_296
            E37F              E37F  ?_297
            E387              E387  ?_298
            E39D              E39D  ?_299
            E3F1              E3F1  ?_300
            E3F5              E3F5  ?_301
            E401              E401  ?_302
            E411              E411  ?_303
            E423              E423  sheet_free
            E44D              E44D  ?_304
            E45A              E45A  init_pit
            E4AF              E4AF  ?_305
            E4D7              E4D7  ?_306
            E4E2              E4E2  timer_alloc
            E4F1              E4F1  ?_307
            E525              E525  ?_308
            E529              E529  ?_309
            E537              E537  ?_310
            E539              E539  timer_free
            E549              E549  timer_init
            E56B              E56B  timer_settime
            E583              E583  intHandlerForTimer
            E5BA              E5BA  ?_311
            E65B              E65B  ?_312
            E666              E666  ?_313
            E66A              E66A  ?_314
            E67A              E67A  getTimerController
            E684              E684  fifo8_init
            E6CB              E6CB  fifo8_put
            E6E7              E6E7  ?_315
            E70C              E70C  ?_316
            E748              E748  ?_317
            E78D              E78D  ?_318
            E792              E792  ?_319
            E794              E794  fifo8_get
            E7B1              E7B1  ?_320
            E7F0              E7F0  ?_321
            E802              E802  ?_322
            E804              E804  fifo8_status
            E819              E819  strcmp
            E82B              E82B  ?_323
            E835              E835  ?_324
            E83E              E83E  ?_325
            E85F              E85F  ?_326
            E863              E863  ?_327
            E881              E881  ?_328
            E8A6              E8A6  ?_329
            E8CB              E8CB  ?_330
            E8D0              E8D0  ?_331
            E8D2              E8D2  set_segmdesc
            E8EE              E8EE  ?_332
            E94D              E94D  get_taskctl
            E957              E957  init_task_level
            E9A0              E9A0  ?_333
            E9BB              E9BB  ?_334
            E9C3              E9C3  task_init
            E9F5              E9F5  ?_335
            EA81              EA81  ?_336
            EA94              EA94  ?_337
            EAA3              EAA3  ?_338
            EB14              EB14  task_alloc
            EB26              EB26  ?_339
            EC27              EC27  ?_340
            EC2B              EC2B  ?_341
            EC3A              EC3A  ?_342
            EC3C              EC3C  task_run
            EC51              EC51  ?_343
            EC60              EC60  ?_344
            EC81              EC81  ?_345
            ECA0              ECA0  ?_346
            ECAF              ECAF  task_switch
            ED0B              ED0B  ?_347
            ED3A              ED3A  ?_348
            ED86              ED86  ?_349
            ED89              ED89  task_sleep
            EDF9              EDF9  ?_350
            EDFE              EDFE  task_now
            EE31              EE31  task_add
            EE7D              EE7D  task_remove
            EEA9              EEA9  ?_351
            EEC8              EEC8  ?_352
            EECC              EECC  ?_353
            EED6              EED6  ?_354
            EEFD              EEFD  ?_355
            EF16              EF16  ?_356
            EF22              EF22  ?_357
            EF3D              EF3D  ?_358
            EF4A              EF4A  task_switchsub
            EF59              EF59  ?_359
            EF78              EF78  ?_360
            EF7C              EF7C  ?_361
            EF82              EF82  ?_362
            EF9A              EF9A  send_message
            EFC5              EFC5  ?_363
            EFCD              EFCD  ?_364
            EFDA              EFDA  ?_365
            EFE1              EFE1  ?_366
            EFE9              EFE9  ?_367
            EFEB              EFEB  ?_368
            EFF1              EFF1  ?_369
            EFF5              EFF5  ?_370
            EFF7              EFF7  ?_371
            EFFF              EFFF  ?_372
            F005              F005  ?_373
            F009              F009  ?_374
            F00D              F00D  ?_375
            F011              F011  ?_376
            F015              F015  ?_377
            F01E              F01E  ?_378
            F028              F028  ?_379
            F034              F034  ?_380
            F040              F040  ?_381
            F04C              F04C  ?_382
            F053              F053  ?_383
            F063              F063  ?_384
            F06A              F06A  ?_385
            F072              F072  ?_386
            F08E              F08E  memman
            F0AE              F0AE  keytable
            F10E              F10E  keytable1
            F19E              F19E  keyval
            F1A0              F1A0  ?_387
            F1A1              F1A1  ?_388
            F1A6              F1A6  mmx
            F1AA              F1AA  mmy
            F1AE              F1AE  KEY_CONTROL
            F1CE              F1CE  table_rgb.2069
            F20E              F20E  cursor.2129
            F30E              F30E  closebtn.2248
            F3EE              F3EE  g_hlt
            F3F2              F3F2  key_shift
            F3F6              F3F6  caps_lock
            F3FA              F3FA  current_console
            F3FE              F3FE  bootInfo
            F402              F402  ?_389
            F404              F404  ?_390
            F406              F406  keyinfo
            F41E              F41E  ?_391
            F422              F422  mouseinfo
            F44E              F44E  keybuf
            F46E              F46E  mousebuf
            F4EE              F4EE  mdec
            F4FA              F4FA  ?_392
            F4FE              F4FE  timerinfo
            F51A              F51A  timerbuf
            F522              F522  mx
            F526              F526  my
            F52A              F52A  xsize
            F52E              F52E  ysize
            F532              F532  buf_back
            F54E              F54E  buf_mouse
            F64E              F64E  shtMsgBox
            F652              F652  shtctl
            F656              F656  sht_back
            F65A              F65A  sht_mouse
            F65E              F65E  mouse_clicked_sht
            F662              F662  task_cons
            F66A              F66A  task_main
            F66E              F66E  task_a.1809
            F68E              F68E  tss_a.1808
            F70E              F70E  tss_b.1807
            F776              F776  task_b.1797
            F782              F782  str.2177
            F783              F783  ?_393
            F78C              F78C  ?_394
            F78E              F78E  timerctl
           116D2             116D2  task_timer
           116D6             116D6  taskctl
           116DC             116DC  _SpuriousHandler
           116DD             116DD  _KeyBoardHandler
           116FB             116FB  _mouseHandler
           11719             11719  _timerHandler
           11733             11733  _stackOverFlowHandler
           1174C             1174C  _exceptionHandler
           11765             11765  get_font_data
           1177E             1177E  io_hlt
           11780             11780  io_cli
           11782             11782  io_sti
           11784             11784  io_stihlt
           11787             11787  io_in8
           11792             11792  io_in16
           1179E             1179E  io_in32
           117A4             117A4  io_out8
           117AE             117AE  io_out16
           117B9             117B9  io_out32
           117C3             117C3  io_load_eflags
           117C6             117C6  io_store_eflags
           117CD             117CD  get_memory_block_count
           117D3             117D3  get_leds
           117D9             117D9  get_adr_buffer
           117DF             117DF  get_addr_gdt
           117E5             117E5  get_code32_addr
           117EB             117EB  load_tr
           117F1             117F1  farjmp
           117FC             117FC  asm_cons_putchar
           1181A             1181A  end_app
           1181E             1181E  get_esp
           11821             11821  get_ss
           11826             11826  start_app
           1184F             1184F  asm_end_app

---- Section .data ------------------------------------------------------------

Real              Virtual           Name
           11860             11860  MemChkBuf
           11960             11960  dwMCRNumber
           11964             11964  LEDS

