
- NASM Map file ---------------------------------------------------------------

Source file:  kernel.asm
Output file:  kernel.bat

-- Symbols --------------------------------------------------------------------

---- No Section ---------------------------------------------------------------

Value     Name
00004000  DA_32
00000098  DA_C
0000009A  DA_CR
00000092  DA_DRW
00000093  DA_DRWA
0000008E  DA_386IGate
00008000  DA_LIMIT_4K
00000089  DA_386TSS
000A0000  VRAM_ADDRESS
00001000  SystemFontLength
00000148  GdtLen
00000008  SelectorCode32
00000010  SelectorVideo
00000020  SelectorStack
00000018  SelectorVram
00000028  SelectorFont
00000170  IdtLen
00008D1F  SpuriousHandler
00008D20  KeyBoardHandler
00008D3E  mouseHandler
00008D5C  timerHandler
00008D76  stackOverFlowHandler
00008D8F  exceptionHandler
00008E3F  AsmConsPutCharHandler
00008EA9  SegCode32Len


---- Section .text ------------------------------------------------------------

Real              Virtual           Name
            8003              8003  LABEL_SYSTEM_FONT
            8003              8003  systemFont

---- Section .gdt -------------------------------------------------------------

Real              Virtual           Name
            9004              9004  LABEL_GDT
            900C              900C  LABEL_DESC_CODE32
            9014              9014  LABEL_DESC_VIDEO
            901C              901C  LABEL_DESC_VRAM
            9024              9024  LABEL_DESC_STACK
            902C              902C  LABEL_DESC_FONT
            9034              9034  LABEL_DESC_6
            903C              903C  LABEL_DESC_7
            9044              9044  LABEL_DESC_8
            904C              904C  LABEL_DESC_9
            9054              9054  LABEL_DESC_10
            914C              914C  GdtPtr
            9152              9152  LABEL_IDT
            91B2              91B2  LABEL_IDT.0Ch
            91BA              91BA  LABEL_IDT.0Dh
            9252              9252  LABEL_IDT.020h
            925A              925A  LABEL_IDT.021h
            92B2              92B2  LABEL_IDT.2CH
            92BA              92BA  LABEL_IDT.2DH
            92C2              92C2  IdtPtr

---- Section .s16 -------------------------------------------------------------

Real              Virtual           Name
            92C8              92C8  LABEL_BEGIN
            92D3              92D3  keystatus
            92D3              92D3  ComputeMemory
            92DC              92DC  ComputeMemory.loop
            9302              9302  LABEL_MEM_CHK_FAIL
            930B              930B  LABEL_MEM_CHK_OK
            939A              939A  init8259A
            93DD              93DD  io_delay

---- Section .s32 -------------------------------------------------------------

Real              Virtual           Name
            93E4              93E4  LABEL_SEG_CODE32
            93FC              93FC  CMain
            9861              9861  ?_001
            9899              9899  ?_002
            992D              992D  ?_003
            9951              9951  ?_004
            998A              998A  ?_005
            99C2              99C2  ?_006
            99CC              99CC  ?_007
            9A28              9A28  ?_008
            9A58              9A58  ?_009
            9ABB              9ABB  ?_010
            9B45              9B45  ?_011
            9C28              9C28  ?_012
            9C7A              9C7A  ?_013
            9CAB              9CAB  ?_014
            9CFD              9CFD  ?_015
            9D1F              9D1F  ?_016
            9D67              9D67  ?_017
            9D9A              9D9A  ?_018
            9D9F              9D9F  set_cursor
            9DAF              9DAF  ?_019
            9E26              9E26  ?_020
            9E2D              9E2D  isSpecialKey
            9E71              9E71  ?_021
            9E78              9E78  ?_022
            9E7D              9E7D  ?_023
            9E7F              9E7F  transferScanCode
            9E98              9E98  ?_024
            9EAB              9EAB  ?_025
            9EC1              9EC1  ?_026
            9ED7              9ED7  ?_027
            9EF2              9EF2  ?_028
            9EFC              9EFC  ?_029
            9F26              9F26  ?_030
            9F30              9F30  ?_031
            9F81              9F81  ?_032
            9F83              9F83  ?_033
            9FB1              9FB1  ?_034
            9FB5              9FB5  ?_035
            9FB9              9FB9  ?_036
            9FBB              9FBB  launch_console
            A04B              A04B  ?_037
            A06F              A06F  ?_038
            A17C              A17C  ?_039
            A281              A281  ?_040
            A29F              A29F  ?_041
            A2DC              A2DC  ?_042
            A2E9              A2E9  kill_process
            A33A              A33A  cmd_dir
            A376              A376  ?_043
            A37F              A37F  ?_044
            A3A9              A3A9  ?_045
            A3AB              A3AB  ?_046
            A3B1              A3B1  ?_047
            A3D0              A3D0  ?_048
            A3EE              A3EE  ?_049
            A4B2              A4B2  ?_050
            A4E2              A4E2  cmd_type
            A504              A504  ?_051
            A53C              A53C  ?_052
            A56A              A56A  ?_053
            A56C              A56C  ?_054
            A572              A572  ?_055
            A589              A589  ?_056
            A596              A596  ?_057
            A5C0              A5C0  ?_058
            A5C2              A5C2  ?_059
            A5C8              A5C8  ?_060
            A5E7              A5E7  ?_061
            A605              A605  ?_062
            A666              A666  ?_063
            A684              A684  ?_064
            A726              A726  ?_065
            A72B              A72B  ?_066
            A76C              A76C  ?_067
            A814              A814  ?_068
            A818              A818  ?_069
            A827              A827  ?_070
            A82B              A82B  ?_071
            A839              A839  ?_072
            A889              A889  ?_073
            A890              A890  cmd_mem
            A8B1              A8B1  ?_074
            A9B0              A9B0  ?_075
            A9B6              A9B6  cmd_cls
            A9D6              A9D6  ?_076
            A9ED              A9ED  ?_077
            A9F6              A9F6  ?_078
            AA21              AA21  ?_079
            AA2E              AA2E  ?_080
            AAB8              AAB8  ?_081
            AABA              AABA  cmd_execute_program
            AC12              AC12  ?_082
            AC98              AC98  ?_083
            AC9C              AC9C  ?_084
            AD1A              AD1A  cmd_start
            AD99              AD99  ?_085
            ADBD              ADBD  ?_086
            ADED              ADED  cmd_ncst
            AE2F              AE2F  ?_087
            AE53              AE53  ?_088
            AE83              AE83  console_task
            AF93              AF93  ?_089
            AFBC              AFBC  ?_090
            B005              B005  ?_091
            B029              B029  ?_092
            B041              B041  ?_093
            B083              B083  ?_094
            B0F3              B0F3  ?_095
            B1B7              B1B7  ?_096
            B1D9              B1D9  ?_097
            B202              B202  ?_098
            B224              B224  ?_099
            B24C              B24C  ?_100
            B28A              B28A  ?_101
            B2AF              B2AF  ?_102
            B2D4              B2D4  ?_103
            B2F8              B2F8  ?_104
            B30A              B30A  ?_105
            B3AC              B3AC  ?_106
            B467              B467  ?_107
            B4B5              B4B5  ?_108
            B4BF              B4BF  cons_putstr
            B4C7              B4C7  ?_109
            B4E4              B4E4  ?_110
            B4F1              B4F1  api_linewin
            B52C              B52C  ?_111
            B535              B535  ?_112
            B557              B557  ?_113
            B55E              B55E  ?_114
            B57F              B57F  ?_115
            B598              B598  ?_116
            B5B2              B5B2  ?_117
            B5B9              B5B9  ?_118
            B5DA              B5DA  ?_119
            B5F1              B5F1  ?_120
            B5FA              B5FA  ?_121
            B62F              B62F  ?_122
            B639              B639  handle_keyboard
            B63F              B63F  ?_123
            B666              B666  ?_124
            B681              B681  ?_125
            B6D7              B6D7  ?_126
            B71B              B71B  ?_127
            B730              B730  ?_128
            B742              B742  ?_129
            B747              B747  ?_130
            B749              B749  close_constask
            B7D9              B7D9  close_console
            B83D              B83D  ?_131
            B84A              B84A  cmd_exit
            B870              B870  kernel_api
            B8BF              B8BF  ?_132
            B8E2              B8E2  ?_133
            B8FD              B8FD  ?_134
            BA0E              BA0E  ?_135
            BAA4              BAA4  ?_136
            BB28              BB28  ?_137
            BB56              BB56  ?_138
            BB97              BB97  ?_139
            BBD6              BBD6  ?_140
            BC0E              BC0E  ?_141
            BC32              BC32  ?_142
            BC4A              BC4A  ?_143
            BC74              BC74  ?_144
            BC93              BC93  ?_145
            BCA9              BCA9  ?_146
            BCBC              BCBC  ?_147
            BCDB              BCDB  ?_148
            BCDF              BCDF  ?_149
            BCE5              BCE5  ?_150
            BD73              BD73  ?_151
            BD78              BD78  ?_152
            BDB6              BDB6  ?_153
            BDD7              BDD7  ?_154
            BDF0              BDF0  ?_155
            BE07              BE07  ?_156
            BE1B              BE1B  ?_157
            BE40              BE40  ?_158
            BE65              BE65  ?_159
            BE7E              BE7E  ?_160
            BEA2              BEA2  ?_161
            BEB7              BEB7  ?_162
            BEC9              BEC9  ?_163
            BF04              BF04  ?_164
            BF0C              BF0C  ?_165
            BF17              BF17  ?_166
            BF1C              BF1C  ?_167
            BF23              BF23  cons_putchar
            BFF7              BFF7  cons_newline
            C00A              C00A  ?_168
            C01C              C01C  ?_169
            C025              C025  ?_170
            C02E              C02E  ?_171
            C06A              C06A  ?_172
            C077              C077  ?_173
            C089              C089  ?_174
            C092              C092  ?_175
            C0B1              C0B1  ?_176
            C0BE              C0BE  ?_177
            C0FB              C0FB  ?_178
            C131              C131  ?_179
            C137              C137  init_screen8
            C4BE              C4BE  computeMousePosition
            C4F8              C4F8  ?_180
            C50B              C50B  ?_181
            C529              C529  ?_182
            C547              C547  ?_183
            C549              C549  showString
            C562              C562  ?_184
            C567              C567  ?_185
            C576              C576  ?_186
            C5C1              C5C1  ?_187
            C5FC              C5FC  ?_188
            C602              C602  show_mouse_info
            C6B8              C6B8  ?_189
            C7C3              C7C3  ?_190
            C80F              C80F  ?_191
            C87E              C87E  ?_192
            C8D9              C8D9  ?_193
            C942              C942  ?_194
            C944              C944  ?_195
            C948              C948  ?_196
            C954              C954  ?_197
            C956              C956  ?_198
            C9C7              C9C7  ?_199
            C9D1              C9D1  ?_200
            C9D3              C9D3  initBootInfo
            C9F3              C9F3  init_palette
            CA24              CA24  ?_201
            CA30              CA30  ?_202
            CA3C              CA3C  ?_203
            CAF7              CAF7  ?_204
            CB05              CB05  ?_205
            CB13              CB13  ?_206
            CB3E              CB3E  set_palette
            CB6C              CB6C  ?_207
            CBCE              CBCE  ?_208
            CBE4              CBE4  boxfill8
            CBF8              CBF8  ?_209
            CC00              CC00  ?_210
            CC1F              CC1F  ?_211
            CC2B              CC2B  ?_212
            CC35              CC35  showFont8
            CC4D              CC4D  ?_213
            CC81              CC81  ?_214
            CCAD              CCAD  ?_215
            CCD9              CCD9  ?_216
            CD05              CD05  ?_217
            CD31              CD31  ?_218
            CD5D              CD5D  ?_219
            CD89              CD89  ?_220
            CDB5              CDB5  ?_221
            CDB9              CDB9  ?_222
            CDC5              CDC5  init_mouse_cursor
            CDDD              CDDD  ?_223
            CDE9              CDE9  ?_224
            CE19              CE19  ?_225
            CE49              CE49  ?_226
            CE7C              CE7C  ?_227
            CE80              CE80  ?_228
            CE8E              CE8E  ?_229
            CE9A              CE9A  putblock
            CEA9              CEA9  ?_230
            CEB2              CEB2  ?_231
            CEED              CEED  ?_232
            CEF9              CEF9  ?_233
            CF03              CF03  intHandlerFromC
            CF65              CF65  charToHexVal
            CF80              CF80  ?_234
            CF87              CF87  ?_235
            CF89              CF89  charToHexStr
            CFDC              CFDC  intToHexStr
            D000              D000  ?_236
            D00F              D00F  ?_237
            D01E              D01E  ?_238
            D049              D049  ?_239
            D05A              D05A  ?_240
            D05E              D05E  ?_241
            D06A              D06A  ?_242
            D071              D071  wait_KBC_sendready
            D077              D077  ?_243
            D08C              D08C  ?_244
            D08E              D08E  ?_245
            D090              D090  init_keyboard
            D0CB              D0CB  enable_mouse
            D10D              D10D  intHandlerForMouse
            D160              D160  mouse_decode
            D184              D184  ?_246
            D18E              D18E  ?_247
            D1B7              D1B7  ?_248
            D1C1              D1C1  ?_249
            D1E7              D1E7  ?_250
            D25E              D25E  ?_251
            D281              D281  ?_252
            D298              D298  ?_253
            D29D              D29D  ?_254
            D29F              D29F  showMemoryInfo
            D4B9              D4B9  message_box
            D5A4              D5A4  make_window8
            D869              D869  make_wtitle8
            D886              D886  ?_255
            D88E              D88E  ?_256
            D912              D912  ?_257
            D91B              D91B  ?_258
            D93F              D93F  ?_259
            D94B              D94B  ?_260
            D957              D957  ?_261
            D95B              D95B  ?_262
            D98B              D98B  ?_263
            D995              D995  ?_264
            D9A5              D9A5  make_textbox8
            DC3E              DC3E  file_loadfile
            DC68              DC68  ?_265
            DC71              DC71  ?_266
            DC80              DC80  ?_267
            DC8F              DC8F  ?_268
            DCB9              DCB9  ?_269
            DCBB              DCBB  ?_270
            DCC1              DCC1  ?_271
            DCE0              DCE0  ?_272
            DCFE              DCFE  ?_273
            DD7B              DD7B  ?_274
            DD96              DD96  ?_275
            DDA0              DDA0  ?_276
            DDA4              DDA4  ?_277
            DDB2              DDB2  ?_278
            DDD0              DDD0  intHandlerForStackOverFlow
            DE9B              DE9B  intHandlerForException
            DF1A              DF1A  memman_init
            DF46              DF46  memman_total
            DF5C              DF5C  ?_279
            DF70              DF70  ?_280
            DF7F              DF7F  memman_alloc
            DF92              DF92  ?_281
            E014              E014  ?_282
            E03C              E03C  ?_283
            E046              E046  ?_284
            E04B              E04B  ?_285
            E04F              E04F  ?_286
            E062              E062  ?_287
            E068              E068  memman_free
            E078              E078  ?_288
            E08B              E08B  ?_289
            E08F              E08F  ?_290
            E099              E099  ?_291
            E159              E159  ?_292
            E181              E181  ?_293
            E18B              E18B  ?_294
            E195              E195  ?_295
            E1F1              E1F1  ?_296
            E20B              E20B  ?_297
            E233              E233  ?_298
            E262              E262  ?_299
            E288              E288  ?_300
            E2B1              E2B1  ?_301
            E2B7              E2B7  memman_alloc_4k
            E2E7              E2E7  memman_free_4k
            E31E              E31E  shtctl_init
            E34A              E34A  ?_302
            E393              E393  ?_303
            E3C0              E3C0  ?_304
            E3FE              E3FE  ?_305
            E40A              E40A  ?_306
            E40C              E40C  sheet_alloc
            E41B              E41B  ?_307
            E47A              E47A  ?_308
            E47E              E47E  ?_309
            E48C              E48C  ?_310
            E48E              E48E  sheet_setbuf
            E4B7              E4B7  sheet_updown
            E4E3              E4E3  ?_311
            E4F0              E4F0  ?_312
            E517              E517  ?_313
            E54B              E54B  ?_314
            E60D              E60D  ?_315
            E620              E620  ?_316
            E654              E654  ?_317
            E65F              E65F  ?_318
            E717              E717  ?_319
            E731              E731  ?_320
            E765              E765  ?_321
            E77F              E77F  ?_322
            E78A              E78A  ?_323
            E7C4              E7C4  ?_324
            E7EB              E7EB  ?_325
            E88A              E88A  ?_326
            E892              E892  sheet_refresh
            E906              E906  ?_327
            E913              E913  sheet_slide
            EA64              EA64  ?_328
            EA6B              EA6B  sheet_refreshsub
            EA8F              EA8F  ?_329
            EA9C              EA9C  ?_330
            EAB0              EAB0  ?_331
            EAC4              EAC4  ?_332
            EACF              EACF  ?_333
            EB4F              EB4F  ?_334
            EB5C              EB5C  ?_335
            EB70              EB70  ?_336
            EB84              EB84  ?_337
            EB90              EB90  ?_338
            EBA7              EBA7  ?_339
            EC0A              EC0A  ?_340
            EC0E              EC0E  ?_341
            EC1A              EC1A  ?_342
            EC2A              EC2A  ?_343
            EC38              EC38  sheet_refreshmap
            EC54              EC54  ?_344
            EC61              EC61  ?_345
            EC75              EC75  ?_346
            EC89              EC89  ?_347
            EC94              EC94  ?_348
            ED14              ED14  ?_349
            ED21              ED21  ?_350
            ED35              ED35  ?_351
            ED49              ED49  ?_352
            ED51              ED51  ?_353
            ED67              ED67  ?_354
            EDBB              EDBB  ?_355
            EDBF              EDBF  ?_356
            EDCB              EDCB  ?_357
            EDDB              EDDB  ?_358
            EDED              EDED  sheet_free
            EE17              EE17  ?_359
            EE24              EE24  init_pit
            EE79              EE79  ?_360
            EEA1              EEA1  ?_361
            EEAC              EEAC  timer_alloc
            EEBB              EEBB  ?_362
            EEEF              EEEF  ?_363
            EEF3              EEF3  ?_364
            EF01              EF01  ?_365
            EF03              EF03  timer_free
            EF13              EF13  timer_init
            EF35              EF35  timer_settime
            EF4D              EF4D  intHandlerForTimer
            EF84              EF84  ?_366
            F025              F025  ?_367
            F030              F030  ?_368
            F034              F034  ?_369
            F044              F044  getTimerController
            F04E              F04E  fifo8_init
            F095              F095  fifo8_put
            F0B1              F0B1  ?_370
            F0D6              F0D6  ?_371
            F112              F112  ?_372
            F15E              F15E  ?_373
            F163              F163  ?_374
            F165              F165  fifo8_get
            F182              F182  ?_375
            F1C1              F1C1  ?_376
            F1D3              F1D3  ?_377
            F1D5              F1D5  fifo8_status
            F1EA              F1EA  strcmp
            F1FC              F1FC  ?_378
            F206              F206  ?_379
            F20F              F20F  ?_380
            F230              F230  ?_381
            F234              F234  ?_382
            F252              F252  ?_383
            F277              F277  ?_384
            F29C              F29C  ?_385
            F2A1              F2A1  ?_386
            F2A3              F2A3  set_segmdesc
            F2BF              F2BF  ?_387
            F31E              F31E  get_taskctl
            F328              F328  init_task_level
            F371              F371  ?_388
            F38C              F38C  ?_389
            F394              F394  task_init
            F3C6              F3C6  ?_390
            F4BE              F4BE  ?_391
            F4D1              F4D1  ?_392
            F4E0              F4E0  ?_393
            F551              F551  task_alloc
            F563              F563  ?_394
            F657              F657  ?_395
            F65B              F65B  ?_396
            F66A              F66A  ?_397
            F66C              F66C  task_run
            F681              F681  ?_398
            F690              F690  ?_399
            F6B1              F6B1  ?_400
            F6D0              F6D0  ?_401
            F6DF              F6DF  task_switch
            F73B              F73B  ?_402
            F76A              F76A  ?_403
            F7B6              F7B6  ?_404
            F7B9              F7B9  task_sleep
            F829              F829  ?_405
            F82E              F82E  task_now
            F861              F861  task_add
            F8AD              F8AD  task_remove
            F8D9              F8D9  ?_406
            F8F8              F8F8  ?_407
            F8FC              F8FC  ?_408
            F906              F906  ?_409
            F92D              F92D  ?_410
            F946              F946  ?_411
            F952              F952  ?_412
            F96D              F96D  ?_413
            F97A              F97A  task_switchsub
            F989              F989  ?_414
            F9A8              F9A8  ?_415
            F9AC              F9AC  ?_416
            F9B2              F9B2  ?_417
            F9CA              F9CA  send_message
            F9F5              F9F5  ?_418
            F9FD              F9FD  ?_419
            FA04              FA04  ?_420
            FA0C              FA0C  ?_421
            FA0E              FA0E  ?_422
            FA14              FA14  ?_423
            FA18              FA18  ?_424
            FA1A              FA1A  ?_425
            FA1E              FA1E  ?_426
            FA22              FA22  ?_427
            FA26              FA26  ?_428
            FA2E              FA2E  ?_429
            FA32              FA32  ?_430
            FA37              FA37  ?_431
            FA3D              FA3D  ?_432
            FA42              FA42  ?_433
            FA48              FA48  ?_434
            FA52              FA52  ?_435
            FA5B              FA5B  ?_436
            FA65              FA65  ?_437
            FA6F              FA6F  ?_438
            FA7B              FA7B  ?_439
            FA87              FA87  ?_440
            FA93              FA93  ?_441
            FA9A              FA9A  ?_442
            FAAA              FAAA  ?_443
            FAB1              FAB1  ?_444
            FAB9              FAB9  ?_445
            FAD5              FAD5  memman
            FAF5              FAF5  keytable
            FB55              FB55  keytable1
            FBE5              FBE5  keyval
            FBE7              FBE7  ?_446
            FBE8              FBE8  ?_447
            FBED              FBED  mmx
            FBF1              FBF1  mmy
            FBF5              FBF5  KEY_CONTROL
            FBF9              FBF9  show_console_window
            FBFD              FBFD  console_pos
            FC15              FC15  table_rgb.2131
            FC55              FC55  cursor.2191
            FD55              FD55  closebtn.2310
            FE35              FE35  key_shift
            FE39              FE39  caps_lock
            FE3D              FE3D  first_task_cons_selector
            FE41              FE41  current_console
            FE45              FE45  console_count
            FE49              FE49  bootInfo
            FE4D              FE4D  ?_448
            FE4F              FE4F  ?_449
            FE51              FE51  keyinfo
            FE69              FE69  ?_450
            FE6D              FE6D  mouseinfo
            FE95              FE95  keybuf
            FEB5              FEB5  mousebuf
            FF35              FF35  mdec
            FF41              FF41  ?_451
            FF45              FF45  timerinfo
            FF61              FF61  timerbuf
            FF69              FF69  mx
            FF6D              FF6D  my
            FF71              FF71  xsize
            FF75              FF75  ysize
            FF79              FF79  buf_back
            FF95              FF95  buf_mouse
           10095             10095  shtMsgBox
           10099             10099  shtctl
           1009D             1009D  sht_back
           100A1             100A1  sht_mouse
           100A5             100A5  mouse_clicked_sht
           100A9             100A9  task_main
           100AD             100AD  current_console_task
           100B1             100B1  task_a.1827
           100B5             100B5  tss_a.1826
           10135             10135  tss_b.1825
           1019D             1019D  task_b.1815
           101A9             101A9  str.2239
           101AA             101AA  ?_452
           101B3             101B3  ?_453
           101B5             101B5  timerctl
           120F9             120F9  task_timer
           120FD             120FD  taskctl
           12103             12103  _SpuriousHandler
           12104             12104  _KeyBoardHandler
           12122             12122  _mouseHandler
           12140             12140  _timerHandler
           1215A             1215A  _stackOverFlowHandler
           12173             12173  _exceptionHandler
           1218C             1218C  get_font_data
           121A5             121A5  io_hlt
           121A7             121A7  io_cli
           121A9             121A9  io_sti
           121AB             121AB  io_stihlt
           121AE             121AE  io_in8
           121B9             121B9  io_in16
           121C5             121C5  io_in32
           121CB             121CB  io_out8
           121D5             121D5  io_out16
           121E0             121E0  io_out32
           121EA             121EA  io_load_eflags
           121ED             121ED  io_store_eflags
           121F4             121F4  get_memory_block_count
           121FA             121FA  get_leds
           12200             12200  get_adr_buffer
           12206             12206  get_addr_gdt
           1220C             1220C  get_code32_addr
           12212             12212  load_tr
           12218             12218  farjmp
           12223             12223  asm_cons_putchar
           12241             12241  end_app
           12245             12245  get_esp
           12248             12248  get_ss
           1224D             1224D  start_app
           12276             12276  asm_end_app
           12285             12285  load_ldt

---- Section .data ------------------------------------------------------------

Real              Virtual           Name
           122A0             122A0  MemChkBuf
           123A0             123A0  dwMCRNumber
           123A4             123A4  LEDS

