
- NASM Map file ---------------------------------------------------------------

Source file:  kernel.asm
Output file:  kernel.bat

-- Symbols --------------------------------------------------------------------

---- No Section ---------------------------------------------------------------

Value     Name
00004000  DA_32
00000098  DA_C
0000009A  DA_CR
00000092  DA_DRW
00000093  DA_DRWA
0000008E  DA_386IGate
00008000  DA_LIMIT_4K
00000089  DA_386TSS
000A0000  VRAM_ADDRESS
00001000  SystemFontLength
00000148  GdtLen
00000008  SelectorCode32
00000010  SelectorVideo
00000020  SelectorStack
00000018  SelectorVram
00000028  SelectorFont
00000170  IdtLen
00008602  SpuriousHandler
00008603  KeyBoardHandler
00008621  mouseHandler
0000863F  timerHandler
00008659  stackOverFlowHandler
00008672  exceptionHandler
00008722  AsmConsPutCharHandler
00008784  SegCode32Len


---- Section .text ------------------------------------------------------------

Real              Virtual           Name
            8003              8003  LABEL_SYSTEM_FONT
            8003              8003  systemFont

---- Section .gdt -------------------------------------------------------------

Real              Virtual           Name
            9004              9004  LABEL_GDT
            900C              900C  LABEL_DESC_CODE32
            9014              9014  LABEL_DESC_VIDEO
            901C              901C  LABEL_DESC_VRAM
            9024              9024  LABEL_DESC_STACK
            902C              902C  LABEL_DESC_FONT
            9034              9034  LABEL_DESC_6
            903C              903C  LABEL_DESC_7
            9044              9044  LABEL_DESC_8
            904C              904C  LABEL_DESC_9
            9054              9054  LABEL_DESC_10
            914C              914C  GdtPtr
            9152              9152  LABEL_IDT
            91B2              91B2  LABEL_IDT.0Ch
            91BA              91BA  LABEL_IDT.0Dh
            9252              9252  LABEL_IDT.020h
            925A              925A  LABEL_IDT.021h
            92B2              92B2  LABEL_IDT.2CH
            92BA              92BA  LABEL_IDT.2DH
            92C2              92C2  IdtPtr

---- Section .s16 -------------------------------------------------------------

Real              Virtual           Name
            92C8              92C8  LABEL_BEGIN
            92D3              92D3  keystatus
            92D3              92D3  ComputeMemory
            92DC              92DC  ComputeMemory.loop
            9302              9302  LABEL_MEM_CHK_FAIL
            930B              930B  LABEL_MEM_CHK_OK
            939A              939A  init8259A
            93DD              93DD  io_delay

---- Section .s32 -------------------------------------------------------------

Real              Virtual           Name
            93E4              93E4  LABEL_SEG_CODE32
            93FC              93FC  CMain
            985F              985F  ?_001
            9897              9897  ?_002
            9920              9920  ?_003
            994A              994A  ?_004
            9983              9983  ?_005
            99BB              99BB  ?_006
            99C5              99C5  ?_007
            9A21              9A21  ?_008
            9A51              9A51  ?_009
            9AB4              9AB4  ?_010
            9B3E              9B3E  ?_011
            9C21              9C21  ?_012
            9C73              9C73  ?_013
            9CA4              9CA4  ?_014
            9CF6              9CF6  ?_015
            9D18              9D18  ?_016
            9D60              9D60  ?_017
            9D93              9D93  ?_018
            9D98              9D98  set_cursor
            9E1E              9E1E  isSpecialKey
            9E62              9E62  ?_019
            9E69              9E69  ?_020
            9E6E              9E6E  ?_021
            9E70              9E70  transferScanCode
            9E89              9E89  ?_022
            9E9C              9E9C  ?_023
            9EB2              9EB2  ?_024
            9EC8              9EC8  ?_025
            9EE3              9EE3  ?_026
            9EED              9EED  ?_027
            9F17              9F17  ?_028
            9F21              9F21  ?_029
            9F72              9F72  ?_030
            9F74              9F74  ?_031
            9FA2              9FA2  ?_032
            9FA6              9FA6  ?_033
            9FAA              9FAA  ?_034
            9FAC              9FAC  launch_console
            A031              A031  ?_035
            A055              A055  ?_036
            A162              A162  ?_037
            A267              A267  ?_038
            A270              A270  kill_process
            A2C1              A2C1  cmd_dir
            A2FD              A2FD  ?_039
            A306              A306  ?_040
            A330              A330  ?_041
            A332              A332  ?_042
            A338              A338  ?_043
            A357              A357  ?_044
            A375              A375  ?_045
            A439              A439  ?_046
            A469              A469  cmd_type
            A4B1              A4B1  ?_047
            A4DF              A4DF  ?_048
            A4E1              A4E1  ?_049
            A4E7              A4E7  ?_050
            A4FE              A4FE  ?_051
            A50B              A50B  ?_052
            A535              A535  ?_053
            A537              A537  ?_054
            A53D              A53D  ?_055
            A55C              A55C  ?_056
            A57A              A57A  ?_057
            A5DB              A5DB  ?_058
            A5F9              A5F9  ?_059
            A69B              A69B  ?_060
            A6A0              A6A0  ?_061
            A6E1              A6E1  ?_062
            A789              A789  ?_063
            A78D              A78D  ?_064
            A79C              A79C  ?_065
            A7A0              A7A0  ?_066
            A7AE              A7AE  ?_067
            A805              A805  cmd_mem
            A919              A919  cmd_cls
            A93E              A93E  ?_068
            A947              A947  ?_069
            A972              A972  ?_070
            A97F              A97F  ?_071
            AA0B              AA0B  cmd_hlt
            ABD4              ABD4  console_task
            AD19              AD19  ?_072
            AD42              AD42  ?_073
            AD8B              AD8B  ?_074
            ADAF              ADAF  ?_075
            ADC7              ADC7  ?_076
            AE09              AE09  ?_077
            AEB4              AEB4  ?_078
            AF5C              AF5C  ?_079
            AF7E              AF7E  ?_080
            AFA0              AFA0  ?_081
            AFBF              AFBF  ?_082
            AFE4              AFE4  ?_083
            B020              B020  ?_084
            B032              B032  ?_085
            B0D1              B0D1  ?_086
            B14A              B14A  ?_087
            B18B              B18B  ?_088
            B195              B195  cons_putstr
            B19D              B19D  ?_089
            B1BA              B1BA  ?_090
            B1C7              B1C7  api_linewin
            B202              B202  ?_091
            B20B              B20B  ?_092
            B22D              B22D  ?_093
            B234              B234  ?_094
            B255              B255  ?_095
            B26E              B26E  ?_096
            B288              B288  ?_097
            B28F              B28F  ?_098
            B2B0              B2B0  ?_099
            B2C7              B2C7  ?_100
            B2D0              B2D0  ?_101
            B305              B305  ?_102
            B30F              B30F  handle_keyboard
            B315              B315  ?_103
            B33C              B33C  ?_104
            B357              B357  ?_105
            B3AD              B3AD  ?_106
            B3F1              B3F1  ?_107
            B406              B406  ?_108
            B418              B418  ?_109
            B41D              B41D  ?_110
            B41F              B41F  close_constask
            B4AF              B4AF  close_console
            B510              B510  cmd_exit
            B536              B536  kernel_api
            B577              B577  ?_111
            B59A              B59A  ?_112
            B5B5              B5B5  ?_113
            B6C6              B6C6  ?_114
            B75C              B75C  ?_115
            B7E0              B7E0  ?_116
            B80E              B80E  ?_117
            B84F              B84F  ?_118
            B88E              B88E  ?_119
            B8AD              B8AD  ?_120
            B8CE              B8CE  ?_121
            B8E3              B8E3  ?_122
            B90A              B90A  ?_123
            B926              B926  ?_124
            B937              B937  ?_125
            B93C              B93C  ?_126
            B943              B943  cons_putchar
            BA17              BA17  cons_newline
            BA30              BA30  ?_127
            BA39              BA39  ?_128
            BA42              BA42  ?_129
            BA7E              BA7E  ?_130
            BA8B              BA8B  ?_131
            BA9D              BA9D  ?_132
            BAA6              BAA6  ?_133
            BAC5              BAC5  ?_134
            BAD2              BAD2  ?_135
            BB0F              BB0F  ?_136
            BB4B              BB4B  init_screen8
            BED2              BED2  computeMousePosition
            BF0C              BF0C  ?_137
            BF1F              BF1F  ?_138
            BF3D              BF3D  ?_139
            BF5B              BF5B  ?_140
            BF5D              BF5D  show_mouse_info
            C013              C013  ?_141
            C1D5              C1D5  ?_142
            C217              C217  ?_143
            C219              C219  ?_144
            C21D              C21D  ?_145
            C229              C229  ?_146
            C22B              C22B  ?_147
            C29C              C29C  ?_148
            C2A6              C2A6  ?_149
            C2A8              C2A8  initBootInfo
            C2C8              C2C8  showString
            C2E4              C2E4  ?_150
            C32F              C32F  ?_151
            C370              C370  init_palette
            C3A1              C3A1  ?_152
            C3AD              C3AD  ?_153
            C3B9              C3B9  ?_154
            C474              C474  ?_155
            C482              C482  ?_156
            C490              C490  ?_157
            C4BB              C4BB  set_palette
            C4E9              C4E9  ?_158
            C54B              C54B  ?_159
            C561              C561  boxfill8
            C575              C575  ?_160
            C57D              C57D  ?_161
            C59C              C59C  ?_162
            C5A8              C5A8  ?_163
            C5B2              C5B2  showFont8
            C5CA              C5CA  ?_164
            C5FE              C5FE  ?_165
            C62A              C62A  ?_166
            C656              C656  ?_167
            C682              C682  ?_168
            C6AE              C6AE  ?_169
            C6DA              C6DA  ?_170
            C706              C706  ?_171
            C732              C732  ?_172
            C736              C736  ?_173
            C742              C742  init_mouse_cursor
            C75A              C75A  ?_174
            C766              C766  ?_175
            C796              C796  ?_176
            C7C6              C7C6  ?_177
            C7F9              C7F9  ?_178
            C7FD              C7FD  ?_179
            C80B              C80B  ?_180
            C817              C817  putblock
            C826              C826  ?_181
            C82F              C82F  ?_182
            C86A              C86A  ?_183
            C876              C876  ?_184
            C880              C880  intHandlerFromC
            C8E2              C8E2  charToHexVal
            C8FD              C8FD  ?_185
            C904              C904  ?_186
            C906              C906  charToHexStr
            C959              C959  intToHexStr
            C97D              C97D  ?_187
            C98C              C98C  ?_188
            C99B              C99B  ?_189
            C9C6              C9C6  ?_190
            C9D7              C9D7  ?_191
            C9DB              C9DB  ?_192
            C9E7              C9E7  ?_193
            C9EE              C9EE  wait_KBC_sendready
            C9F4              C9F4  ?_194
            CA09              CA09  ?_195
            CA0B              CA0B  ?_196
            CA0D              CA0D  init_keyboard
            CA48              CA48  enable_mouse
            CA8A              CA8A  intHandlerForMouse
            CADD              CADD  mouse_decode
            CB01              CB01  ?_197
            CB0B              CB0B  ?_198
            CB34              CB34  ?_199
            CB3E              CB3E  ?_200
            CB64              CB64  ?_201
            CBDB              CBDB  ?_202
            CBFE              CBFE  ?_203
            CC15              CC15  ?_204
            CC1A              CC1A  ?_205
            CC1C              CC1C  showMemoryInfo
            CE36              CE36  message_box
            CF21              CF21  make_window8
            D1E6              D1E6  make_wtitle8
            D203              D203  ?_206
            D20B              D20B  ?_207
            D28F              D28F  ?_208
            D298              D298  ?_209
            D2BC              D2BC  ?_210
            D2C8              D2C8  ?_211
            D2D4              D2D4  ?_212
            D2D8              D2D8  ?_213
            D308              D308  ?_214
            D312              D312  ?_215
            D322              D322  make_textbox8
            D5BB              D5BB  file_loadfile
            D5EE              D5EE  ?_216
            D5F7              D5F7  ?_217
            D621              D621  ?_218
            D623              D623  ?_219
            D629              D629  ?_220
            D648              D648  ?_221
            D666              D666  ?_222
            D6E3              D6E3  ?_223
            D6FE              D6FE  ?_224
            D708              D708  ?_225
            D70C              D70C  ?_226
            D71A              D71A  ?_227
            D738              D738  intHandlerForStackOverFlow
            D803              D803  intHandlerForException
            D882              D882  memman_init
            D8AE              D8AE  memman_total
            D8C4              D8C4  ?_228
            D8D8              D8D8  ?_229
            D8E7              D8E7  memman_alloc
            D8FA              D8FA  ?_230
            D97C              D97C  ?_231
            D9A4              D9A4  ?_232
            D9AE              D9AE  ?_233
            D9B3              D9B3  ?_234
            D9B7              D9B7  ?_235
            D9CA              D9CA  ?_236
            D9D0              D9D0  memman_free
            D9E0              D9E0  ?_237
            D9F3              D9F3  ?_238
            D9F7              D9F7  ?_239
            DA01              DA01  ?_240
            DAC1              DAC1  ?_241
            DAE9              DAE9  ?_242
            DAF3              DAF3  ?_243
            DAFD              DAFD  ?_244
            DB59              DB59  ?_245
            DB73              DB73  ?_246
            DB9B              DB9B  ?_247
            DBCA              DBCA  ?_248
            DBF0              DBF0  ?_249
            DC19              DC19  ?_250
            DC1F              DC1F  memman_alloc_4k
            DC4F              DC4F  memman_free_4k
            DC86              DC86  shtctl_init
            DCB2              DCB2  ?_251
            DCFB              DCFB  ?_252
            DD28              DD28  ?_253
            DD66              DD66  ?_254
            DD72              DD72  ?_255
            DD74              DD74  sheet_alloc
            DD83              DD83  ?_256
            DDE2              DDE2  ?_257
            DDE6              DDE6  ?_258
            DDF4              DDF4  ?_259
            DDF6              DDF6  sheet_setbuf
            DE1F              DE1F  sheet_updown
            DE4B              DE4B  ?_260
            DE58              DE58  ?_261
            DE7F              DE7F  ?_262
            DEB3              DEB3  ?_263
            DF75              DF75  ?_264
            DF88              DF88  ?_265
            DFBC              DFBC  ?_266
            DFC7              DFC7  ?_267
            E07F              E07F  ?_268
            E099              E099  ?_269
            E0CD              E0CD  ?_270
            E0E7              E0E7  ?_271
            E0F2              E0F2  ?_272
            E12C              E12C  ?_273
            E153              E153  ?_274
            E1F2              E1F2  ?_275
            E1FA              E1FA  sheet_refresh
            E26E              E26E  ?_276
            E27B              E27B  sheet_slide
            E3CC              E3CC  ?_277
            E3D3              E3D3  sheet_refreshsub
            E3F7              E3F7  ?_278
            E404              E404  ?_279
            E418              E418  ?_280
            E42C              E42C  ?_281
            E437              E437  ?_282
            E4B7              E4B7  ?_283
            E4C4              E4C4  ?_284
            E4D8              E4D8  ?_285
            E4EC              E4EC  ?_286
            E4F8              E4F8  ?_287
            E50F              E50F  ?_288
            E572              E572  ?_289
            E576              E576  ?_290
            E582              E582  ?_291
            E592              E592  ?_292
            E5A0              E5A0  sheet_refreshmap
            E5BC              E5BC  ?_293
            E5C9              E5C9  ?_294
            E5DD              E5DD  ?_295
            E5F1              E5F1  ?_296
            E5FC              E5FC  ?_297
            E67C              E67C  ?_298
            E689              E689  ?_299
            E69D              E69D  ?_300
            E6B1              E6B1  ?_301
            E6B9              E6B9  ?_302
            E6CF              E6CF  ?_303
            E723              E723  ?_304
            E727              E727  ?_305
            E733              E733  ?_306
            E743              E743  ?_307
            E755              E755  sheet_free
            E77F              E77F  ?_308
            E78C              E78C  init_pit
            E7E1              E7E1  ?_309
            E809              E809  ?_310
            E814              E814  timer_alloc
            E823              E823  ?_311
            E857              E857  ?_312
            E85B              E85B  ?_313
            E869              E869  ?_314
            E86B              E86B  timer_free
            E87B              E87B  timer_init
            E89D              E89D  timer_settime
            E8B5              E8B5  intHandlerForTimer
            E8EC              E8EC  ?_315
            E98D              E98D  ?_316
            E998              E998  ?_317
            E99C              E99C  ?_318
            E9AC              E9AC  getTimerController
            E9B6              E9B6  fifo8_init
            E9FD              E9FD  fifo8_put
            EA19              EA19  ?_319
            EA3E              EA3E  ?_320
            EA7A              EA7A  ?_321
            EABF              EABF  ?_322
            EAC4              EAC4  ?_323
            EAC6              EAC6  fifo8_get
            EAE3              EAE3  ?_324
            EB22              EB22  ?_325
            EB34              EB34  ?_326
            EB36              EB36  fifo8_status
            EB4B              EB4B  strcmp
            EB5D              EB5D  ?_327
            EB67              EB67  ?_328
            EB70              EB70  ?_329
            EB91              EB91  ?_330
            EB95              EB95  ?_331
            EBB3              EBB3  ?_332
            EBD8              EBD8  ?_333
            EBFD              EBFD  ?_334
            EC02              EC02  ?_335
            EC04              EC04  set_segmdesc
            EC20              EC20  ?_336
            EC7F              EC7F  get_taskctl
            EC89              EC89  init_task_level
            ECD2              ECD2  ?_337
            ECED              ECED  ?_338
            ECF5              ECF5  task_init
            ED27              ED27  ?_339
            EDB3              EDB3  ?_340
            EDC6              EDC6  ?_341
            EDD5              EDD5  ?_342
            EE46              EE46  task_alloc
            EE58              EE58  ?_343
            EF59              EF59  ?_344
            EF5D              EF5D  ?_345
            EF6C              EF6C  ?_346
            EF6E              EF6E  task_run
            EF83              EF83  ?_347
            EF92              EF92  ?_348
            EFB3              EFB3  ?_349
            EFD2              EFD2  ?_350
            EFE1              EFE1  task_switch
            F03D              F03D  ?_351
            F06C              F06C  ?_352
            F0B8              F0B8  ?_353
            F0BB              F0BB  task_sleep
            F12B              F12B  ?_354
            F130              F130  task_now
            F163              F163  task_add
            F1AF              F1AF  task_remove
            F1DB              F1DB  ?_355
            F1FA              F1FA  ?_356
            F1FE              F1FE  ?_357
            F208              F208  ?_358
            F22F              F22F  ?_359
            F248              F248  ?_360
            F254              F254  ?_361
            F26F              F26F  ?_362
            F27C              F27C  task_switchsub
            F28B              F28B  ?_363
            F2AA              F2AA  ?_364
            F2AE              F2AE  ?_365
            F2B4              F2B4  ?_366
            F2CC              F2CC  send_message
            F2F7              F2F7  ?_367
            F2FF              F2FF  ?_368
            F306              F306  ?_369
            F30E              F30E  ?_370
            F310              F310  ?_371
            F316              F316  ?_372
            F31A              F31A  ?_373
            F31C              F31C  ?_374
            F324              F324  ?_375
            F32A              F32A  ?_376
            F32E              F32E  ?_377
            F332              F332  ?_378
            F336              F336  ?_379
            F33A              F33A  ?_380
            F33F              F33F  ?_381
            F348              F348  ?_382
            F352              F352  ?_383
            F35E              F35E  ?_384
            F36A              F36A  ?_385
            F376              F376  ?_386
            F37D              F37D  ?_387
            F38D              F38D  ?_388
            F394              F394  ?_389
            F39C              F39C  ?_390
            F3B8              F3B8  memman
            F3D8              F3D8  keytable
            F438              F438  keytable1
            F4C8              F4C8  keyval
            F4CA              F4CA  ?_391
            F4CB              F4CB  ?_392
            F4D0              F4D0  mmx
            F4D4              F4D4  mmy
            F4D8              F4D8  KEY_CONTROL
            F4F8              F4F8  table_rgb.2082
            F538              F538  cursor.2142
            F638              F638  closebtn.2261
            F718              F718  g_hlt
            F71C              F71C  key_shift
            F720              F720  caps_lock
            F724              F724  first_task_cons_selector
            F728              F728  current_console
            F72C              F72C  bootInfo
            F730              F730  ?_393
            F732              F732  ?_394
            F734              F734  keyinfo
            F74C              F74C  ?_395
            F750              F750  mouseinfo
            F778              F778  keybuf
            F798              F798  mousebuf
            F818              F818  mdec
            F824              F824  ?_396
            F828              F828  timerinfo
            F844              F844  timerbuf
            F84C              F84C  mx
            F850              F850  my
            F854              F854  xsize
            F858              F858  ysize
            F85C              F85C  buf_back
            F878              F878  buf_mouse
            F978              F978  shtMsgBox
            F97C              F97C  shtctl
            F980              F980  sht_back
            F984              F984  sht_mouse
            F988              F988  mouse_clicked_sht
            F98C              F98C  task_main
            F990              F990  current_console_task
            F994              F994  task_a.1818
            F998              F998  tss_a.1817
            FA18              FA18  tss_b.1816
            FA80              FA80  task_b.1806
            FA8C              FA8C  str.2190
            FA8D              FA8D  ?_397
            FA96              FA96  ?_398
            FA98              FA98  timerctl
           119DC             119DC  task_timer
           119E0             119E0  taskctl
           119E6             119E6  _SpuriousHandler
           119E7             119E7  _KeyBoardHandler
           11A05             11A05  _mouseHandler
           11A23             11A23  _timerHandler
           11A3D             11A3D  _stackOverFlowHandler
           11A56             11A56  _exceptionHandler
           11A6F             11A6F  get_font_data
           11A88             11A88  io_hlt
           11A8A             11A8A  io_cli
           11A8C             11A8C  io_sti
           11A8E             11A8E  io_stihlt
           11A91             11A91  io_in8
           11A9C             11A9C  io_in16
           11AA8             11AA8  io_in32
           11AAE             11AAE  io_out8
           11AB8             11AB8  io_out16
           11AC3             11AC3  io_out32
           11ACD             11ACD  io_load_eflags
           11AD0             11AD0  io_store_eflags
           11AD7             11AD7  get_memory_block_count
           11ADD             11ADD  get_leds
           11AE3             11AE3  get_adr_buffer
           11AE9             11AE9  get_addr_gdt
           11AEF             11AEF  get_code32_addr
           11AF5             11AF5  load_tr
           11AFB             11AFB  farjmp
           11B06             11B06  asm_cons_putchar
           11B24             11B24  end_app
           11B28             11B28  get_esp
           11B2B             11B2B  get_ss
           11B30             11B30  start_app
           11B59             11B59  asm_end_app

---- Section .data ------------------------------------------------------------

Real              Virtual           Name
           11B80             11B80  MemChkBuf
           11C80             11C80  dwMCRNumber
           11C84             11C84  LEDS

