
- NASM Map file ---------------------------------------------------------------

Source file:  kernel.asm
Output file:  kernel.bat

-- Symbols --------------------------------------------------------------------

---- No Section ---------------------------------------------------------------

Value     Name
00004000  DA_32
00000098  DA_C
0000009A  DA_CR
00000092  DA_DRW
00000093  DA_DRWA
0000008E  DA_386IGate
00008000  DA_LIMIT_4K
00000089  DA_386TSS
000A0000  VRAM_ADDRESS
00001000  SystemFontLength
00000148  GdtLen
00000008  SelectorCode32
00000010  SelectorVideo
00000020  SelectorStack
00000018  SelectorVram
00000028  SelectorFont
00000170  IdtLen
00008997  SpuriousHandler
00008998  KeyBoardHandler
000089B6  mouseHandler
000089D4  timerHandler
000089EE  stackOverFlowHandler
00008A07  exceptionHandler
00008AB7  AsmConsPutCharHandler
00008B21  SegCode32Len


---- Section .text ------------------------------------------------------------

Real              Virtual           Name
            8003              8003  LABEL_SYSTEM_FONT
            8003              8003  systemFont

---- Section .gdt -------------------------------------------------------------

Real              Virtual           Name
            9004              9004  LABEL_GDT
            900C              900C  LABEL_DESC_CODE32
            9014              9014  LABEL_DESC_VIDEO
            901C              901C  LABEL_DESC_VRAM
            9024              9024  LABEL_DESC_STACK
            902C              902C  LABEL_DESC_FONT
            9034              9034  LABEL_DESC_6
            903C              903C  LABEL_DESC_7
            9044              9044  LABEL_DESC_8
            904C              904C  LABEL_DESC_9
            9054              9054  LABEL_DESC_10
            914C              914C  GdtPtr
            9152              9152  LABEL_IDT
            91B2              91B2  LABEL_IDT.0Ch
            91BA              91BA  LABEL_IDT.0Dh
            9252              9252  LABEL_IDT.020h
            925A              925A  LABEL_IDT.021h
            92B2              92B2  LABEL_IDT.2CH
            92BA              92BA  LABEL_IDT.2DH
            92C2              92C2  IdtPtr

---- Section .s16 -------------------------------------------------------------

Real              Virtual           Name
            92C8              92C8  LABEL_BEGIN
            92D3              92D3  keystatus
            92D3              92D3  ComputeMemory
            92DC              92DC  ComputeMemory.loop
            9302              9302  LABEL_MEM_CHK_FAIL
            930B              930B  LABEL_MEM_CHK_OK
            939A              939A  init8259A
            93DD              93DD  io_delay

---- Section .s32 -------------------------------------------------------------

Real              Virtual           Name
            93E4              93E4  LABEL_SEG_CODE32
            93FC              93FC  CMain
            9861              9861  ?_001
            9899              9899  ?_002
            992D              992D  ?_003
            9951              9951  ?_004
            998A              998A  ?_005
            99C2              99C2  ?_006
            99CC              99CC  ?_007
            9A28              9A28  ?_008
            9A58              9A58  ?_009
            9ABB              9ABB  ?_010
            9B45              9B45  ?_011
            9C28              9C28  ?_012
            9C7A              9C7A  ?_013
            9CAB              9CAB  ?_014
            9CFD              9CFD  ?_015
            9D1F              9D1F  ?_016
            9D67              9D67  ?_017
            9D9A              9D9A  ?_018
            9D9F              9D9F  set_cursor
            9DAF              9DAF  ?_019
            9E26              9E26  ?_020
            9E2D              9E2D  isSpecialKey
            9E71              9E71  ?_021
            9E78              9E78  ?_022
            9E7D              9E7D  ?_023
            9E7F              9E7F  transferScanCode
            9E98              9E98  ?_024
            9EAB              9EAB  ?_025
            9EC1              9EC1  ?_026
            9ED7              9ED7  ?_027
            9EF2              9EF2  ?_028
            9EFC              9EFC  ?_029
            9F26              9F26  ?_030
            9F30              9F30  ?_031
            9F81              9F81  ?_032
            9F83              9F83  ?_033
            9FB1              9FB1  ?_034
            9FB5              9FB5  ?_035
            9FB9              9FB9  ?_036
            9FBB              9FBB  launch_console
            A047              A047  ?_037
            A06B              A06B  ?_038
            A178              A178  ?_039
            A29F              A29F  ?_040
            A2A8              A2A8  kill_process
            A2F9              A2F9  cmd_dir
            A335              A335  ?_041
            A33E              A33E  ?_042
            A368              A368  ?_043
            A36A              A36A  ?_044
            A370              A370  ?_045
            A38F              A38F  ?_046
            A3AD              A3AD  ?_047
            A471              A471  ?_048
            A4A1              A4A1  cmd_type
            A4C3              A4C3  ?_049
            A4FB              A4FB  ?_050
            A529              A529  ?_051
            A52B              A52B  ?_052
            A531              A531  ?_053
            A548              A548  ?_054
            A555              A555  ?_055
            A57F              A57F  ?_056
            A581              A581  ?_057
            A587              A587  ?_058
            A5A6              A5A6  ?_059
            A5C4              A5C4  ?_060
            A625              A625  ?_061
            A643              A643  ?_062
            A6E5              A6E5  ?_063
            A6EA              A6EA  ?_064
            A72B              A72B  ?_065
            A7D3              A7D3  ?_066
            A7D7              A7D7  ?_067
            A7E6              A7E6  ?_068
            A7EA              A7EA  ?_069
            A7F8              A7F8  ?_070
            A848              A848  ?_071
            A84F              A84F  cmd_mem
            A870              A870  ?_072
            A96F              A96F  ?_073
            A975              A975  cmd_cls
            A995              A995  ?_074
            A9AC              A9AC  ?_075
            A9B5              A9B5  ?_076
            A9E0              A9E0  ?_077
            A9ED              A9ED  ?_078
            AA77              AA77  ?_079
            AA79              AA79  cmd_execute_program
            AC2D              AC2D  cmd_start
            ACAC              ACAC  ?_080
            ACD0              ACD0  ?_081
            AD00              AD00  cmd_ncst
            AD42              AD42  ?_082
            AD66              AD66  ?_083
            AD96              AD96  console_task
            AEA6              AEA6  ?_084
            AECF              AECF  ?_085
            AF18              AF18  ?_086
            AF3C              AF3C  ?_087
            AF54              AF54  ?_088
            AF96              AF96  ?_089
            B006              B006  ?_090
            B0CA              B0CA  ?_091
            B0EC              B0EC  ?_092
            B115              B115  ?_093
            B137              B137  ?_094
            B15F              B15F  ?_095
            B19D              B19D  ?_096
            B1C2              B1C2  ?_097
            B1E7              B1E7  ?_098
            B20B              B20B  ?_099
            B21D              B21D  ?_100
            B2BF              B2BF  ?_101
            B37A              B37A  ?_102
            B3C8              B3C8  ?_103
            B3D2              B3D2  cons_putstr
            B3DA              B3DA  ?_104
            B3F7              B3F7  ?_105
            B404              B404  api_linewin
            B43F              B43F  ?_106
            B448              B448  ?_107
            B46A              B46A  ?_108
            B471              B471  ?_109
            B492              B492  ?_110
            B4AB              B4AB  ?_111
            B4C5              B4C5  ?_112
            B4CC              B4CC  ?_113
            B4ED              B4ED  ?_114
            B504              B504  ?_115
            B50D              B50D  ?_116
            B542              B542  ?_117
            B54C              B54C  handle_keyboard
            B552              B552  ?_118
            B579              B579  ?_119
            B594              B594  ?_120
            B5EA              B5EA  ?_121
            B62E              B62E  ?_122
            B643              B643  ?_123
            B655              B655  ?_124
            B65A              B65A  ?_125
            B65C              B65C  close_constask
            B6EC              B6EC  close_console
            B750              B750  ?_126
            B75D              B75D  cmd_exit
            B783              B783  kernel_api
            B7CB              B7CB  ?_127
            B7EE              B7EE  ?_128
            B809              B809  ?_129
            B91A              B91A  ?_130
            B9B0              B9B0  ?_131
            BA34              BA34  ?_132
            BA62              BA62  ?_133
            BAA3              BAA3  ?_134
            BAE2              BAE2  ?_135
            BB1A              BB1A  ?_136
            BB3B              BB3B  ?_137
            BB50              BB50  ?_138
            BB77              BB77  ?_139
            BB93              BB93  ?_140
            BBA4              BBA4  ?_141
            BBA9              BBA9  ?_142
            BBB0              BBB0  cons_putchar
            BC84              BC84  cons_newline
            BC97              BC97  ?_143
            BCA9              BCA9  ?_144
            BCB2              BCB2  ?_145
            BCBB              BCBB  ?_146
            BCF7              BCF7  ?_147
            BD04              BD04  ?_148
            BD16              BD16  ?_149
            BD1F              BD1F  ?_150
            BD3E              BD3E  ?_151
            BD4B              BD4B  ?_152
            BD88              BD88  ?_153
            BDBE              BDBE  ?_154
            BDC4              BDC4  init_screen8
            C14B              C14B  computeMousePosition
            C185              C185  ?_155
            C198              C198  ?_156
            C1B6              C1B6  ?_157
            C1D4              C1D4  ?_158
            C1D6              C1D6  showString
            C1EF              C1EF  ?_159
            C1F4              C1F4  ?_160
            C203              C203  ?_161
            C24E              C24E  ?_162
            C289              C289  ?_163
            C28F              C28F  show_mouse_info
            C345              C345  ?_164
            C450              C450  ?_165
            C49C              C49C  ?_166
            C50B              C50B  ?_167
            C566              C566  ?_168
            C5CF              C5CF  ?_169
            C5D1              C5D1  ?_170
            C5D5              C5D5  ?_171
            C5E1              C5E1  ?_172
            C5E3              C5E3  ?_173
            C654              C654  ?_174
            C65E              C65E  ?_175
            C660              C660  initBootInfo
            C680              C680  init_palette
            C6B1              C6B1  ?_176
            C6BD              C6BD  ?_177
            C6C9              C6C9  ?_178
            C784              C784  ?_179
            C792              C792  ?_180
            C7A0              C7A0  ?_181
            C7CB              C7CB  set_palette
            C7F9              C7F9  ?_182
            C85B              C85B  ?_183
            C871              C871  boxfill8
            C885              C885  ?_184
            C88D              C88D  ?_185
            C8AC              C8AC  ?_186
            C8B8              C8B8  ?_187
            C8C2              C8C2  showFont8
            C8DA              C8DA  ?_188
            C90E              C90E  ?_189
            C93A              C93A  ?_190
            C966              C966  ?_191
            C992              C992  ?_192
            C9BE              C9BE  ?_193
            C9EA              C9EA  ?_194
            CA16              CA16  ?_195
            CA42              CA42  ?_196
            CA46              CA46  ?_197
            CA52              CA52  init_mouse_cursor
            CA6A              CA6A  ?_198
            CA76              CA76  ?_199
            CAA6              CAA6  ?_200
            CAD6              CAD6  ?_201
            CB09              CB09  ?_202
            CB0D              CB0D  ?_203
            CB1B              CB1B  ?_204
            CB27              CB27  putblock
            CB36              CB36  ?_205
            CB3F              CB3F  ?_206
            CB7A              CB7A  ?_207
            CB86              CB86  ?_208
            CB90              CB90  intHandlerFromC
            CBF2              CBF2  charToHexVal
            CC0D              CC0D  ?_209
            CC14              CC14  ?_210
            CC16              CC16  charToHexStr
            CC69              CC69  intToHexStr
            CC8D              CC8D  ?_211
            CC9C              CC9C  ?_212
            CCAB              CCAB  ?_213
            CCD6              CCD6  ?_214
            CCE7              CCE7  ?_215
            CCEB              CCEB  ?_216
            CCF7              CCF7  ?_217
            CCFE              CCFE  wait_KBC_sendready
            CD04              CD04  ?_218
            CD19              CD19  ?_219
            CD1B              CD1B  ?_220
            CD1D              CD1D  init_keyboard
            CD58              CD58  enable_mouse
            CD9A              CD9A  intHandlerForMouse
            CDED              CDED  mouse_decode
            CE11              CE11  ?_221
            CE1B              CE1B  ?_222
            CE44              CE44  ?_223
            CE4E              CE4E  ?_224
            CE74              CE74  ?_225
            CEEB              CEEB  ?_226
            CF0E              CF0E  ?_227
            CF25              CF25  ?_228
            CF2A              CF2A  ?_229
            CF2C              CF2C  showMemoryInfo
            D146              D146  message_box
            D231              D231  make_window8
            D4F6              D4F6  make_wtitle8
            D513              D513  ?_230
            D51B              D51B  ?_231
            D59F              D59F  ?_232
            D5A8              D5A8  ?_233
            D5CC              D5CC  ?_234
            D5D8              D5D8  ?_235
            D5E4              D5E4  ?_236
            D5E8              D5E8  ?_237
            D618              D618  ?_238
            D622              D622  ?_239
            D632              D632  make_textbox8
            D8CB              D8CB  file_loadfile
            D8FE              D8FE  ?_240
            D907              D907  ?_241
            D931              D931  ?_242
            D933              D933  ?_243
            D939              D939  ?_244
            D958              D958  ?_245
            D976              D976  ?_246
            D9F3              D9F3  ?_247
            DA0E              DA0E  ?_248
            DA18              DA18  ?_249
            DA1C              DA1C  ?_250
            DA2A              DA2A  ?_251
            DA48              DA48  intHandlerForStackOverFlow
            DB13              DB13  intHandlerForException
            DB92              DB92  memman_init
            DBBE              DBBE  memman_total
            DBD4              DBD4  ?_252
            DBE8              DBE8  ?_253
            DBF7              DBF7  memman_alloc
            DC0A              DC0A  ?_254
            DC8C              DC8C  ?_255
            DCB4              DCB4  ?_256
            DCBE              DCBE  ?_257
            DCC3              DCC3  ?_258
            DCC7              DCC7  ?_259
            DCDA              DCDA  ?_260
            DCE0              DCE0  memman_free
            DCF0              DCF0  ?_261
            DD03              DD03  ?_262
            DD07              DD07  ?_263
            DD11              DD11  ?_264
            DDD1              DDD1  ?_265
            DDF9              DDF9  ?_266
            DE03              DE03  ?_267
            DE0D              DE0D  ?_268
            DE69              DE69  ?_269
            DE83              DE83  ?_270
            DEAB              DEAB  ?_271
            DEDA              DEDA  ?_272
            DF00              DF00  ?_273
            DF29              DF29  ?_274
            DF2F              DF2F  memman_alloc_4k
            DF5F              DF5F  memman_free_4k
            DF96              DF96  shtctl_init
            DFC2              DFC2  ?_275
            E00B              E00B  ?_276
            E038              E038  ?_277
            E076              E076  ?_278
            E082              E082  ?_279
            E084              E084  sheet_alloc
            E093              E093  ?_280
            E0F2              E0F2  ?_281
            E0F6              E0F6  ?_282
            E104              E104  ?_283
            E106              E106  sheet_setbuf
            E12F              E12F  sheet_updown
            E15B              E15B  ?_284
            E168              E168  ?_285
            E18F              E18F  ?_286
            E1C3              E1C3  ?_287
            E285              E285  ?_288
            E298              E298  ?_289
            E2CC              E2CC  ?_290
            E2D7              E2D7  ?_291
            E38F              E38F  ?_292
            E3A9              E3A9  ?_293
            E3DD              E3DD  ?_294
            E3F7              E3F7  ?_295
            E402              E402  ?_296
            E43C              E43C  ?_297
            E463              E463  ?_298
            E502              E502  ?_299
            E50A              E50A  sheet_refresh
            E57E              E57E  ?_300
            E58B              E58B  sheet_slide
            E6DC              E6DC  ?_301
            E6E3              E6E3  sheet_refreshsub
            E707              E707  ?_302
            E714              E714  ?_303
            E728              E728  ?_304
            E73C              E73C  ?_305
            E747              E747  ?_306
            E7C7              E7C7  ?_307
            E7D4              E7D4  ?_308
            E7E8              E7E8  ?_309
            E7FC              E7FC  ?_310
            E808              E808  ?_311
            E81F              E81F  ?_312
            E882              E882  ?_313
            E886              E886  ?_314
            E892              E892  ?_315
            E8A2              E8A2  ?_316
            E8B0              E8B0  sheet_refreshmap
            E8CC              E8CC  ?_317
            E8D9              E8D9  ?_318
            E8ED              E8ED  ?_319
            E901              E901  ?_320
            E90C              E90C  ?_321
            E98C              E98C  ?_322
            E999              E999  ?_323
            E9AD              E9AD  ?_324
            E9C1              E9C1  ?_325
            E9C9              E9C9  ?_326
            E9DF              E9DF  ?_327
            EA33              EA33  ?_328
            EA37              EA37  ?_329
            EA43              EA43  ?_330
            EA53              EA53  ?_331
            EA65              EA65  sheet_free
            EA8F              EA8F  ?_332
            EA9C              EA9C  init_pit
            EAF1              EAF1  ?_333
            EB19              EB19  ?_334
            EB24              EB24  timer_alloc
            EB33              EB33  ?_335
            EB67              EB67  ?_336
            EB6B              EB6B  ?_337
            EB79              EB79  ?_338
            EB7B              EB7B  timer_free
            EB8B              EB8B  timer_init
            EBAD              EBAD  timer_settime
            EBC5              EBC5  intHandlerForTimer
            EBFC              EBFC  ?_339
            EC9D              EC9D  ?_340
            ECA8              ECA8  ?_341
            ECAC              ECAC  ?_342
            ECBC              ECBC  getTimerController
            ECC6              ECC6  fifo8_init
            ED0D              ED0D  fifo8_put
            ED29              ED29  ?_343
            ED4E              ED4E  ?_344
            ED8A              ED8A  ?_345
            EDD6              EDD6  ?_346
            EDDB              EDDB  ?_347
            EDDD              EDDD  fifo8_get
            EDFA              EDFA  ?_348
            EE39              EE39  ?_349
            EE4B              EE4B  ?_350
            EE4D              EE4D  fifo8_status
            EE62              EE62  strcmp
            EE74              EE74  ?_351
            EE7E              EE7E  ?_352
            EE87              EE87  ?_353
            EEA8              EEA8  ?_354
            EEAC              EEAC  ?_355
            EECA              EECA  ?_356
            EEEF              EEEF  ?_357
            EF14              EF14  ?_358
            EF19              EF19  ?_359
            EF1B              EF1B  set_segmdesc
            EF37              EF37  ?_360
            EF96              EF96  get_taskctl
            EFA0              EFA0  init_task_level
            EFE9              EFE9  ?_361
            F004              F004  ?_362
            F00C              F00C  task_init
            F03E              F03E  ?_363
            F136              F136  ?_364
            F149              F149  ?_365
            F158              F158  ?_366
            F1C9              F1C9  task_alloc
            F1DB              F1DB  ?_367
            F2CF              F2CF  ?_368
            F2D3              F2D3  ?_369
            F2E2              F2E2  ?_370
            F2E4              F2E4  task_run
            F2F9              F2F9  ?_371
            F308              F308  ?_372
            F329              F329  ?_373
            F348              F348  ?_374
            F357              F357  task_switch
            F3B3              F3B3  ?_375
            F3E2              F3E2  ?_376
            F42E              F42E  ?_377
            F431              F431  task_sleep
            F4A1              F4A1  ?_378
            F4A6              F4A6  task_now
            F4D9              F4D9  task_add
            F525              F525  task_remove
            F551              F551  ?_379
            F570              F570  ?_380
            F574              F574  ?_381
            F57E              F57E  ?_382
            F5A5              F5A5  ?_383
            F5BE              F5BE  ?_384
            F5CA              F5CA  ?_385
            F5E5              F5E5  ?_386
            F5F2              F5F2  task_switchsub
            F601              F601  ?_387
            F620              F620  ?_388
            F624              F624  ?_389
            F62A              F62A  ?_390
            F642              F642  send_message
            F66D              F66D  ?_391
            F675              F675  ?_392
            F67C              F67C  ?_393
            F684              F684  ?_394
            F686              F686  ?_395
            F68C              F68C  ?_396
            F690              F690  ?_397
            F692              F692  ?_398
            F696              F696  ?_399
            F69A              F69A  ?_400
            F69E              F69E  ?_401
            F6A6              F6A6  ?_402
            F6AA              F6AA  ?_403
            F6AF              F6AF  ?_404
            F6B5              F6B5  ?_405
            F6BA              F6BA  ?_406
            F6C0              F6C0  ?_407
            F6CA              F6CA  ?_408
            F6D3              F6D3  ?_409
            F6DD              F6DD  ?_410
            F6E7              F6E7  ?_411
            F6F3              F6F3  ?_412
            F6FF              F6FF  ?_413
            F70B              F70B  ?_414
            F712              F712  ?_415
            F722              F722  ?_416
            F729              F729  ?_417
            F731              F731  ?_418
            F74D              F74D  memman
            F76D              F76D  keytable
            F7CD              F7CD  keytable1
            F85D              F85D  keyval
            F85F              F85F  ?_419
            F860              F860  ?_420
            F865              F865  mmx
            F869              F869  mmy
            F86D              F86D  KEY_CONTROL
            F871              F871  show_console_window
            F875              F875  console_pos
            F88D              F88D  table_rgb.2110
            F8CD              F8CD  cursor.2170
            F9CD              F9CD  closebtn.2289
            FAAD              FAAD  key_shift
            FAB1              FAB1  caps_lock
            FAB5              FAB5  first_task_cons_selector
            FAB9              FAB9  current_console
            FABD              FABD  console_count
            FAC1              FAC1  kernel_pos
            FAC5              FAC5  bootInfo
            FAC9              FAC9  ?_421
            FACB              FACB  ?_422
            FACD              FACD  keyinfo
            FAE5              FAE5  ?_423
            FAE9              FAE9  mouseinfo
            FB0D              FB0D  keybuf
            FB2D              FB2D  mousebuf
            FBAD              FBAD  mdec
            FBB9              FBB9  ?_424
            FBBD              FBBD  timerinfo
            FBD9              FBD9  timerbuf
            FBE1              FBE1  mx
            FBE5              FBE5  my
            FBE9              FBE9  xsize
            FBED              FBED  ysize
            FBF1              FBF1  buf_back
            FC0D              FC0D  buf_mouse
            FD0D              FD0D  shtMsgBox
            FD11              FD11  shtctl
            FD15              FD15  sht_back
            FD19              FD19  sht_mouse
            FD1D              FD1D  mouse_clicked_sht
            FD21              FD21  task_main
            FD25              FD25  current_console_task
            FD29              FD29  task_a.1822
            FD2D              FD2D  tss_a.1821
            FDAD              FDAD  tss_b.1820
            FE15              FE15  task_b.1810
            FE21              FE21  str.2218
            FE22              FE22  ?_425
            FE2B              FE2B  ?_426
            FE2D              FE2D  timerctl
           11D71             11D71  task_timer
           11D75             11D75  taskctl
           11D7B             11D7B  _SpuriousHandler
           11D7C             11D7C  _KeyBoardHandler
           11D9A             11D9A  _mouseHandler
           11DB8             11DB8  _timerHandler
           11DD2             11DD2  _stackOverFlowHandler
           11DEB             11DEB  _exceptionHandler
           11E04             11E04  get_font_data
           11E1D             11E1D  io_hlt
           11E1F             11E1F  io_cli
           11E21             11E21  io_sti
           11E23             11E23  io_stihlt
           11E26             11E26  io_in8
           11E31             11E31  io_in16
           11E3D             11E3D  io_in32
           11E43             11E43  io_out8
           11E4D             11E4D  io_out16
           11E58             11E58  io_out32
           11E62             11E62  io_load_eflags
           11E65             11E65  io_store_eflags
           11E6C             11E6C  get_memory_block_count
           11E72             11E72  get_leds
           11E78             11E78  get_adr_buffer
           11E7E             11E7E  get_addr_gdt
           11E84             11E84  get_code32_addr
           11E8A             11E8A  load_tr
           11E90             11E90  farjmp
           11E9B             11E9B  asm_cons_putchar
           11EB9             11EB9  end_app
           11EBD             11EBD  get_esp
           11EC0             11EC0  get_ss
           11EC5             11EC5  start_app
           11EEE             11EEE  asm_end_app
           11EFD             11EFD  load_ldt

---- Section .data ------------------------------------------------------------

Real              Virtual           Name
           11F20             11F20  MemChkBuf
           12020             12020  dwMCRNumber
           12024             12024  LEDS

