
- NASM Map file ---------------------------------------------------------------

Source file:  kernel.asm
Output file:  kernel.bat

-- Symbols --------------------------------------------------------------------

---- No Section ---------------------------------------------------------------

Value     Name
00004000  DA_32
00000098  DA_C
0000009A  DA_CR
00000092  DA_DRW
00000093  DA_DRWA
0000008E  DA_386IGate
00008000  DA_LIMIT_4K
00000089  DA_386TSS
000A0000  VRAM_ADDRESS
00001000  SystemFontLength
000000A8  GdtLen
00000008  SelectorCode32
00000010  SelectorVideo
00000020  SelectorStack
00000018  SelectorVram
00000028  SelectorFont
00000170  IdtLen
00007942  SpuriousHandler
00007943  KeyBoardHandler
00007961  mouseHandler
0000797F  timerHandler
00007999  stackOverFlowHandler
000079B2  exceptionHandler
00007A62  AsmConsPutCharHandler
00007AC3  SegCode32Len


---- Section .text ------------------------------------------------------------

Real              Virtual           Name
            8003              8003  LABEL_SYSTEM_FONT
            8003              8003  systemFont

---- Section .gdt -------------------------------------------------------------

Real              Virtual           Name
            9004              9004  LABEL_GDT
            900C              900C  LABEL_DESC_CODE32
            9014              9014  LABEL_DESC_VIDEO
            901C              901C  LABEL_DESC_VRAM
            9024              9024  LABEL_DESC_STACK
            902C              902C  LABEL_DESC_FONT
            9034              9034  LABEL_DESC_6
            903C              903C  LABEL_DESC_7
            9044              9044  LABEL_DESC_8
            904C              904C  LABEL_DESC_9
            9054              9054  LABEL_DESC_10
            90AC              90AC  GdtPtr
            90B2              90B2  LABEL_IDT
            9112              9112  LABEL_IDT.0Ch
            911A              911A  LABEL_IDT.0Dh
            91B2              91B2  LABEL_IDT.020h
            91BA              91BA  LABEL_IDT.021h
            9212              9212  LABEL_IDT.2CH
            921A              921A  LABEL_IDT.2DH
            9222              9222  IdtPtr

---- Section .s16 -------------------------------------------------------------

Real              Virtual           Name
            9228              9228  LABEL_BEGIN
            9233              9233  keystatus
            9233              9233  ComputeMemory
            923C              923C  ComputeMemory.loop
            9262              9262  LABEL_MEM_CHK_FAIL
            926B              926B  LABEL_MEM_CHK_OK
            92FA              92FA  init8259A
            933D              933D  io_delay

---- Section .s32 -------------------------------------------------------------

Real              Virtual           Name
            9344              9344  LABEL_SEG_CODE32
            935C              935C  CMain
            9766              9766  ?_001
            979E              979E  ?_002
            981E              981E  ?_003
            98C2              98C2  ?_004
            9933              9933  ?_005
            99C2              99C2  ?_006
            9AA2              9AA2  ?_007
            9AEB              9AEB  ?_008
            9B1C              9B1C  ?_009
            9B6E              9B6E  ?_010
            9B90              9B90  ?_011
            9BD8              9BD8  ?_012
            9C0B              9C0B  ?_013
            9C10              9C10  set_cursor
            9C96              9C96  isSpecialKey
            9CDA              9CDA  ?_014
            9CE1              9CE1  ?_015
            9CE6              9CE6  ?_016
            9CE8              9CE8  transferScanCode
            9D01              9D01  ?_017
            9D14              9D14  ?_018
            9D2A              9D2A  ?_019
            9D40              9D40  ?_020
            9D5B              9D5B  ?_021
            9D65              9D65  ?_022
            9D8F              9D8F  ?_023
            9D99              9D99  ?_024
            9DEA              9DEA  ?_025
            9DEC              9DEC  ?_026
            9E1A              9E1A  ?_027
            9E1E              9E1E  ?_028
            9E22              9E22  ?_029
            9E24              9E24  launch_console
            9FF6              9FF6  kill_process
            A032              A032  cmd_dir
            A066              A066  ?_030
            A06F              A06F  ?_031
            A099              A099  ?_032
            A09B              A09B  ?_033
            A0A1              A0A1  ?_034
            A0C0              A0C0  ?_035
            A0DE              A0DE  ?_036
            A18B              A18B  ?_037
            A1BB              A1BB  cmd_type
            A1FB              A1FB  ?_038
            A229              A229  ?_039
            A22B              A22B  ?_040
            A231              A231  ?_041
            A248              A248  ?_042
            A255              A255  ?_043
            A27F              A27F  ?_044
            A281              A281  ?_045
            A287              A287  ?_046
            A2A6              A2A6  ?_047
            A2C4              A2C4  ?_048
            A322              A322  ?_049
            A33C              A33C  ?_050
            A3B8              A3B8  ?_051
            A3BA              A3BA  ?_052
            A3ED              A3ED  ?_053
            A46E              A46E  ?_054
            A472              A472  ?_055
            A481              A481  ?_056
            A485              A485  ?_057
            A493              A493  ?_058
            A4DC              A4DC  cmd_mem
            A5CB              A5CB  cmd_cls
            A5E8              A5E8  ?_059
            A5F1              A5F1  ?_060
            A614              A614  ?_061
            A621              A621  ?_062
            A6A4              A6A4  cmd_hlt
            A7B3              A7B3  console_task
            A8D2              A8D2  ?_063
            A8F3              A8F3  ?_064
            A941              A941  ?_065
            A965              A965  ?_066
            A97D              A97D  ?_067
            A9BF              A9BF  ?_068
            AA1E              AA1E  ?_069
            AABE              AABE  ?_070
            AAE0              AAE0  ?_071
            AB09              AB09  ?_072
            AB2B              AB2B  ?_073
            AB7C              AB7C  ?_074
            ABFB              ABFB  ?_075
            AC68              AC68  ?_076
            ACA2              ACA2  ?_077
            ACA7              ACA7  cons_putstr
            ACAF              ACAF  ?_078
            ACCC              ACCC  ?_079
            ACD9              ACD9  api_linewin
            AD14              AD14  ?_080
            AD1D              AD1D  ?_081
            AD3F              AD3F  ?_082
            AD46              AD46  ?_083
            AD67              AD67  ?_084
            AD80              AD80  ?_085
            AD9A              AD9A  ?_086
            ADA1              ADA1  ?_087
            ADC2              ADC2  ?_088
            ADD9              ADD9  ?_089
            ADE2              ADE2  ?_090
            AE17              AE17  ?_091
            AE21              AE21  kernel_api
            AE5B              AE5B  ?_092
            AE79              AE79  ?_093
            AEA7              AEA7  ?_094
            AF6B              AF6B  ?_095
            AFFB              AFFB  ?_096
            B07F              B07F  ?_097
            B0AA              B0AA  ?_098
            B0E8              B0E8  ?_099
            B122              B122  ?_100
            B127              B127  ?_101
            B12E              B12E  cons_putchar
            B1D2              B1D2  cons_newline
            B1EB              B1EB  ?_102
            B1F4              B1F4  ?_103
            B1FD              B1FD  ?_104
            B239              B239  ?_105
            B246              B246  ?_106
            B258              B258  ?_107
            B261              B261  ?_108
            B280              B280  ?_109
            B28D              B28D  ?_110
            B2CA              B2CA  ?_111
            B306              B306  init_screen8
            B68D              B68D  computeMousePosition
            B6C7              B6C7  ?_112
            B6DA              B6DA  ?_113
            B6F8              B6F8  ?_114
            B716              B716  ?_115
            B718              B718  show_mouse_info
            B7CD              B7CD  ?_116
            B7CF              B7CF  initBootInfo
            B7EF              B7EF  showString
            B80B              B80B  ?_117
            B856              B856  ?_118
            B897              B897  init_palette
            B8BC              B8BC  set_palette
            B8EA              B8EA  ?_119
            B94C              B94C  ?_120
            B962              B962  boxfill8
            B976              B976  ?_121
            B97E              B97E  ?_122
            B99D              B99D  ?_123
            B9A9              B9A9  ?_124
            B9B3              B9B3  showFont8
            B9CB              B9CB  ?_125
            B9FF              B9FF  ?_126
            BA2B              BA2B  ?_127
            BA57              BA57  ?_128
            BA83              BA83  ?_129
            BAAF              BAAF  ?_130
            BADB              BADB  ?_131
            BB07              BB07  ?_132
            BB33              BB33  ?_133
            BB37              BB37  ?_134
            BB43              BB43  init_mouse_cursor
            BB5B              BB5B  ?_135
            BB67              BB67  ?_136
            BB97              BB97  ?_137
            BBC7              BBC7  ?_138
            BBFA              BBFA  ?_139
            BBFE              BBFE  ?_140
            BC0C              BC0C  ?_141
            BC18              BC18  putblock
            BC27              BC27  ?_142
            BC30              BC30  ?_143
            BC6B              BC6B  ?_144
            BC77              BC77  ?_145
            BC81              BC81  intHandlerFromC
            BCE3              BCE3  charToHexVal
            BCFE              BCFE  ?_146
            BD05              BD05  ?_147
            BD07              BD07  charToHexStr
            BD5A              BD5A  intToHexStr
            BD7E              BD7E  ?_148
            BD8D              BD8D  ?_149
            BD9C              BD9C  ?_150
            BDC7              BDC7  ?_151
            BDD8              BDD8  ?_152
            BDDC              BDDC  ?_153
            BDE8              BDE8  ?_154
            BDEF              BDEF  wait_KBC_sendready
            BDF5              BDF5  ?_155
            BE0A              BE0A  ?_156
            BE0C              BE0C  ?_157
            BE0E              BE0E  init_keyboard
            BE49              BE49  enable_mouse
            BE8B              BE8B  intHandlerForMouse
            BEDE              BEDE  mouse_decode
            BF02              BF02  ?_158
            BF0C              BF0C  ?_159
            BF35              BF35  ?_160
            BF3F              BF3F  ?_161
            BF65              BF65  ?_162
            BFDC              BFDC  ?_163
            BFFF              BFFF  ?_164
            C016              C016  ?_165
            C01B              C01B  ?_166
            C01D              C01D  showMemoryInfo
            C237              C237  message_box
            C322              C322  make_window8
            C5E7              C5E7  make_wtitle8
            C604              C604  ?_167
            C60C              C60C  ?_168
            C690              C690  ?_169
            C699              C699  ?_170
            C6BD              C6BD  ?_171
            C6C9              C6C9  ?_172
            C6D5              C6D5  ?_173
            C6D9              C6D9  ?_174
            C709              C709  ?_175
            C713              C713  ?_176
            C723              C723  make_textbox8
            C9BC              C9BC  file_loadfile
            C9EF              C9EF  ?_177
            C9F8              C9F8  ?_178
            CA22              CA22  ?_179
            CA24              CA24  ?_180
            CA2A              CA2A  ?_181
            CA49              CA49  ?_182
            CA67              CA67  ?_183
            CAE4              CAE4  ?_184
            CAFF              CAFF  ?_185
            CB09              CB09  ?_186
            CB0D              CB0D  ?_187
            CB1B              CB1B  ?_188
            CB39              CB39  intHandlerForStackOverFlow
            CBE0              CBE0  intHandlerForException
            CC46              CC46  memman_init
            CC72              CC72  memman_total
            CC88              CC88  ?_189
            CC9C              CC9C  ?_190
            CCAB              CCAB  memman_alloc
            CCBD              CCBD  ?_191
            CD39              CD39  ?_192
            CD3E              CD3E  ?_193
            CD42              CD42  ?_194
            CD55              CD55  ?_195
            CD57              CD57  memman_free
            CD67              CD67  ?_196
            CD7A              CD7A  ?_197
            CD7E              CD7E  ?_198
            CD88              CD88  ?_199
            CE42              CE42  ?_200
            CE4C              CE4C  ?_201
            CEA8              CEA8  ?_202
            CEC2              CEC2  ?_203
            CEEA              CEEA  ?_204
            CF19              CF19  ?_205
            CF3F              CF3F  ?_206
            CF68              CF68  ?_207
            CF6E              CF6E  memman_alloc_4k
            CF9E              CF9E  memman_free_4k
            CFD5              CFD5  shtctl_init
            D001              D001  ?_208
            D04A              D04A  ?_209
            D077              D077  ?_210
            D092              D092  ?_211
            D09E              D09E  ?_212
            D0A0              D0A0  sheet_alloc
            D0AF              D0AF  ?_213
            D106              D106  ?_214
            D10A              D10A  ?_215
            D118              D118  ?_216
            D11A              D11A  sheet_setbuf
            D143              D143  sheet_updown
            D16F              D16F  ?_217
            D17C              D17C  ?_218
            D1A3              D1A3  ?_219
            D1D7              D1D7  ?_220
            D299              D299  ?_221
            D2AC              D2AC  ?_222
            D2E0              D2E0  ?_223
            D2EB              D2EB  ?_224
            D3A3              D3A3  ?_225
            D3BD              D3BD  ?_226
            D3F1              D3F1  ?_227
            D40B              D40B  ?_228
            D416              D416  ?_229
            D450              D450  ?_230
            D477              D477  ?_231
            D516              D516  ?_232
            D51E              D51E  sheet_refresh
            D592              D592  ?_233
            D59F              D59F  sheet_slide
            D6F0              D6F0  ?_234
            D6F7              D6F7  sheet_refreshsub
            D71B              D71B  ?_235
            D728              D728  ?_236
            D73C              D73C  ?_237
            D750              D750  ?_238
            D75B              D75B  ?_239
            D794              D794  ?_240
            D7AE              D7AE  ?_241
            D84A              D84A  ?_242
            D84E              D84E  ?_243
            D861              D861  ?_244
            D874              D874  ?_245
            D882              D882  sheet_refreshmap
            D89E              D89E  ?_246
            D8AB              D8AB  ?_247
            D8BF              D8BF  ?_248
            D8D3              D8D3  ?_249
            D8DE              D8DE  ?_250
            D958              D958  ?_251
            D965              D965  ?_252
            D979              D979  ?_253
            D98D              D98D  ?_254
            D995              D995  ?_255
            D9AB              D9AB  ?_256
            D9FF              D9FF  ?_257
            DA03              DA03  ?_258
            DA0F              DA0F  ?_259
            DA1F              DA1F  ?_260
            DA31              DA31  init_pit
            DA86              DA86  ?_261
            DAAE              DAAE  ?_262
            DAB9              DAB9  timer_alloc
            DAC8              DAC8  ?_263
            DAFC              DAFC  ?_264
            DB00              DB00  ?_265
            DB0E              DB0E  ?_266
            DB10              DB10  timer_free
            DB20              DB20  timer_init
            DB42              DB42  timer_settime
            DB5A              DB5A  intHandlerForTimer
            DB91              DB91  ?_267
            DC32              DC32  ?_268
            DC3D              DC3D  ?_269
            DC41              DC41  ?_270
            DC51              DC51  getTimerController
            DC5B              DC5B  fifo8_init
            DCA2              DCA2  fifo8_put
            DCBE              DCBE  ?_271
            DCE3              DCE3  ?_272
            DD1F              DD1F  ?_273
            DD64              DD64  ?_274
            DD69              DD69  ?_275
            DD6B              DD6B  fifo8_get
            DD88              DD88  ?_276
            DDC7              DDC7  ?_277
            DDD9              DDD9  ?_278
            DDDB              DDDB  fifo8_status
            DDF0              DDF0  strcmp
            DE02              DE02  ?_279
            DE0C              DE0C  ?_280
            DE15              DE15  ?_281
            DE36              DE36  ?_282
            DE3A              DE3A  ?_283
            DE58              DE58  ?_284
            DE7D              DE7D  ?_285
            DEA2              DEA2  ?_286
            DEA7              DEA7  ?_287
            DEA9              DEA9  set_segmdesc
            DEC5              DEC5  ?_288
            DF24              DF24  get_taskctl
            DF2E              DF2E  init_task_level
            DF79              DF79  ?_289
            DF9A              DF9A  ?_290
            DFA2              DFA2  task_init
            DFD4              DFD4  ?_291
            E059              E059  ?_292
            E06C              E06C  ?_293
            E07B              E07B  ?_294
            E0EC              E0EC  task_alloc
            E0FE              E0FE  ?_295
            E1FA              E1FA  ?_296
            E1FE              E1FE  ?_297
            E20D              E20D  ?_298
            E20F              E20F  task_run
            E224              E224  ?_299
            E233              E233  ?_300
            E254              E254  ?_301
            E273              E273  ?_302
            E282              E282  task_switch
            E2DF              E2DF  ?_303
            E30F              E30F  ?_304
            E35B              E35B  ?_305
            E35E              E35E  task_sleep
            E3CE              E3CE  ?_306
            E3D3              E3D3  task_now
            E407              E407  task_add
            E454              E454  task_remove
            E481              E481  ?_307
            E4A0              E4A0  ?_308
            E4A4              E4A4  ?_309
            E4AE              E4AE  ?_310
            E4D5              E4D5  ?_311
            E4EE              E4EE  ?_312
            E4FA              E4FA  ?_313
            E515              E515  ?_314
            E522              E522  task_switchsub
            E531              E531  ?_315
            E551              E551  ?_316
            E555              E555  ?_317
            E55B              E55B  ?_318
            E573              E573  send_message
            E59E              E59E  ?_319
            E5A6              E5A6  ?_320
            E5B3              E5B3  ?_321
            E5BA              E5BA  ?_322
            E5C2              E5C2  ?_323
            E5C4              E5C4  ?_324
            E5CA              E5CA  ?_325
            E5CE              E5CE  ?_326
            E5D0              E5D0  ?_327
            E5D8              E5D8  ?_328
            E5DC              E5DC  ?_329
            E5E0              E5E0  ?_330
            E5E4              E5E4  ?_331
            E5E8              E5E8  ?_332
            E5F2              E5F2  ?_333
            E5FE              E5FE  ?_334
            E60A              E60A  ?_335
            E616              E616  ?_336
            E61D              E61D  ?_337
            E62D              E62D  ?_338
            E634              E634  ?_339
            E63C              E63C  ?_340
            E658              E658  memman
            E678              E678  keytable
            E6D8              E6D8  keytable1
            E768              E768  keyval
            E76A              E76A  ?_341
            E76B              E76B  ?_342
            E770              E770  KEY_CONTROL
            E778              E778  table_rgb.2026
            E7B8              E7B8  cursor.2073
            E8B8              E8B8  closebtn.2192
            E998              E998  key_shift
            E99C              E99C  caps_lock
            E9A0              E9A0  g_Console
            E9A4              E9A4  ?_343
            E9A8              E9A8  ?_344
            E9AC              E9AC  ?_345
            E9B0              E9B0  ?_346
            E9B1              E9B1  ?_347
            E9B4              E9B4  bootInfo
            E9B8              E9B8  ?_348
            E9BA              E9BA  ?_349
            E9BC              E9BC  keyinfo
            E9D4              E9D4  ?_350
            E9D8              E9D8  mouseinfo
            E9F8              E9F8  keybuf
            EA18              EA18  mousebuf
            EA98              EA98  mdec
            EAA4              EAA4  ?_351
            EAA8              EAA8  timerinfo
            EAC4              EAC4  timerbuf
            EACC              EACC  mx
            EAD0              EAD0  my
            EAD4              EAD4  xsize
            EAD8              EAD8  ysize
            EADC              EADC  buf_back
            EAF8              EAF8  buf_mouse
            EBF8              EBF8  shtMsgBox
            EBFC              EBFC  shtctl
            EC00              EC00  sht_back
            EC04              EC04  sht_mouse
            EC08              EC08  task_cons
            EC0C              EC0C  task_main
            EC10              EC10  buffer
            EC14              EC14  ?_352
            EC18              EC18  ?_353
            EC1C              EC1C  task_a.1797
            EC38              EC38  tss_a.1796
            ECB8              ECB8  tss_b.1795
            ED20              ED20  task_b.1785
            ED2C              ED2C  str.2121
            ED2D              ED2D  ?_354
            ED36              ED36  ?_355
            ED38              ED38  timerctl
           10C7C             10C7C  task_timer
           10C80             10C80  taskctl
           10C86             10C86  _SpuriousHandler
           10C87             10C87  _KeyBoardHandler
           10CA5             10CA5  _mouseHandler
           10CC3             10CC3  _timerHandler
           10CDD             10CDD  _stackOverFlowHandler
           10CF6             10CF6  _exceptionHandler
           10D0F             10D0F  get_font_data
           10D28             10D28  io_hlt
           10D2A             10D2A  io_cli
           10D2C             10D2C  io_sti
           10D2E             10D2E  io_stihlt
           10D31             10D31  io_in8
           10D3C             10D3C  io_in16
           10D48             10D48  io_in32
           10D4E             10D4E  io_out8
           10D58             10D58  io_out16
           10D63             10D63  io_out32
           10D6D             10D6D  io_load_eflags
           10D70             10D70  io_store_eflags
           10D77             10D77  get_memory_block_count
           10D7D             10D7D  get_leds
           10D83             10D83  get_adr_buffer
           10D89             10D89  get_addr_gdt
           10D8F             10D8F  get_code32_addr
           10D95             10D95  load_tr
           10D9B             10D9B  farjmp
           10DA6             10DA6  asm_cons_putchar
           10DC3             10DC3  end_app
           10DC7             10DC7  get_esp
           10DCA             10DCA  get_ss
           10DCF             10DCF  start_app
           10DF8             10DF8  asm_end_app

---- Section .data ------------------------------------------------------------

Real              Virtual           Name
           10E20             10E20  MemChkBuf
           10F20             10F20  dwMCRNumber
           10F24             10F24  LEDS

