
- NASM Map file ---------------------------------------------------------------

Source file:  kernel.asm
Output file:  kernel.bat

-- Symbols --------------------------------------------------------------------

---- No Section ---------------------------------------------------------------

Value     Name
00004000  DA_32
00000098  DA_C
00000092  DA_DRW
00000093  DA_DRWA
00008000  DA_LIMIT_4K
0000008E  DA_386IGate
000000A8  GdtLen
00000008  SelectorCode32
00000010  SelectorVideo
00000018  SelectorVram
00000020  SelectorData
00000028  SelectorFont
00000030  SelectorStack
00000168  IdtLen
000075B8  SpuriousHandler
000075B9  TimerHandler
000075CB  KeyboardHandler
000075DD  MouseHandler
000076AC  SegCode32Len
00001000  SystemFontLength
00000400  TopOfStack0
00000800  TopOfStack1
00000C00  TopOfStack2
00000C00  LenOfStackSection


---- Section .text ------------------------------------------------------------

Real              Virtual           Name
            8000              8000  VRAM_ADDRESS

---- Section .gdt -------------------------------------------------------------

Real              Virtual           Name
            8008              8008  LABEL_GDT
            8010              8010  LABEL_DESC_CODE32
            8018              8018  LABEL_DESC_VIDEO
            8020              8020  LABEL_DESC_VRAM
            8028              8028  LABEL_DESC_DATA
            8030              8030  LABEL_DESC_FONT
            8038              8038  LABEL_DESC_STACK
            8040              8040  LABEL_DESC_7
            8048              8048  LABEL_DESC_8
            8050              8050  LABEL_DESC_9
            8058              8058  LABEL_DESC_10
            80B0              80B0  GdtPtr

---- Section .idt -------------------------------------------------------------

Real              Virtual           Name
            80B8              80B8  LABEL_IDT
            81B8              81B8  LABEL_IDT.020H
            81C0              81C0  LABEL_IDT.021H
            8218              8218  LABEL_IDT.02CH
            8220              8220  IdtPtr

---- Section .s16 -------------------------------------------------------------

Real              Virtual           Name
            8228              8228  LABEL_BEGIN
            8233              8233  ComputeMemory
            823C              823C  ComputeMemory.loop
            825F              825F  LABEL_MEM_CHK_FAIL
            8268              8268  LABEL_MEM_CHK_OK
            82F6              82F6  init8259A
            8339              8339  io_delay

---- Section .s32 -------------------------------------------------------------

Real              Virtual           Name
            8340              8340  LABEL_SEG_CODE32
            8363              8363  CMain
            872A              872A  ?_001
            8783              8783  ?_002
            884F              884F  ?_003
            88C0              88C0  ?_004
            895A              895A  ?_005
            8ADC              8ADC  ?_006
            8B2D              8B2D  ?_007
            8B60              8B60  ?_008
            8B83              8B83  ?_009
            8BA4              8BA4  ?_010
            8BF6              8BF6  ?_011
            8C18              8C18  ?_012
            8C60              8C60  ?_013
            8C93              8C93  ?_014
            8C98              8C98  task_b_main
            8D59              8D59  ?_015
            8D78              8D78  ?_016
            8DE3              8DE3  ?_017
            8DE8              8DE8  init_screeninfo
            8E0B              8E0B  init_palette
            8E30              8E30  set_palette
            8E5E              8E5E  ?_018
            8EC0              8EC0  ?_019
            8ED6              8ED6  paint_rectangle
            8EEA              8EEA  ?_020
            8EF2              8EF2  ?_021
            8F11              8F11  ?_022
            8F1D              8F1D  ?_023
            8F27              8F27  init_desktop
            92AE              92AE  init_mouse_position
            92F4              92F4  paint_font
            930C              930C  ?_024
            9342              9342  ?_025
            936E              936E  ?_026
            939A              939A  ?_027
            93C6              93C6  ?_028
            93F2              93F2  ?_029
            941E              941E  ?_030
            944A              944A  ?_031
            9476              9476  ?_032
            947A              947A  ?_033
            9486              9486  paint_string
            949B              949B  ?_034
            94E6              94E6  ?_035
            9527              9527  init_mouse_cursor
            953F              953F  ?_036
            954B              954B  ?_037
            957D              957D  ?_038
            95AF              95AF  ?_039
            95C9              95C9  ?_040
            95CD              95CD  ?_041
            95DB              95DB  ?_042
            95E7              95E7  paint_block
            95F6              95F6  ?_043
            95FF              95FF  ?_044
            963A              963A  ?_045
            9646              9646  ?_046
            9650              9650  init_fifo_buf
            96A0              96A0  compute_mouse_position
            96DA              96DA  ?_047
            96ED              96ED  ?_048
            9711              9711  ?_049
            9735              9735  ?_050
            9737              9737  show_mouse_info
            97E4              97E4  ?_051
            97E6              97E6  show_memory_info
            9AF0              9AF0  message_box
            9BDB              9BDB  make_textbox
            9E74              9E74  make_windows
            A138              A138  make_window_title
            A155              A155  ?_052
            A15D              A15D  ?_053
            A1E1              A1E1  ?_054
            A1EA              A1EA  ?_055
            A20E              A20E  ?_056
            A21A              A21A  ?_057
            A226              A226  ?_058
            A22A              A22A  ?_059
            A25A              A25A  ?_060
            A264              A264  ?_061
            A274              A274  transfer_scancode
            A28D              A28D  ?_062
            A2A0              A2A0  ?_063
            A2B6              A2B6  ?_064
            A2CC              A2CC  ?_065
            A2E7              A2E7  ?_066
            A2F1              A2F1  ?_067
            A31B              A31B  ?_068
            A325              A325  ?_069
            A376              A376  ?_070
            A378              A378  ?_071
            A3A6              A3A6  ?_072
            A3AA              A3AA  ?_073
            A3AE              A3AE  ?_074
            A3B0              A3B0  is_special_key
            A3EE              A3EE  ?_075
            A3F5              A3F5  ?_076
            A3FA              A3FA  ?_077
            A3FC              A3FC  console_task
            A531              A531  ?_078
            A555              A555  ?_079
            A5C3              A5C3  ?_080
            A5F0              A5F0  ?_081
            A60B              A60B  ?_082
            A65C              A65C  ?_083
            A6C4              A6C4  ?_084
            A84C              A84C  ?_085
            A877              A877  ?_086
            A883              A883  ?_087
            A8B1              A8B1  ?_088
            A8C4              A8C4  ?_089
            A94D              A94D  ?_090
            A971              A971  ?_091
            A984              A984  ?_092
            A9C3              A9C3  ?_093
            A9C5              A9C5  ?_094
            A9CE              A9CE  ?_095
            A9F2              A9F2  ?_096
            AA22              AA22  ?_097
            AAFA              AAFA  ?_098
            AB1A              AB1A  ?_099
            AB73              AB73  ?_100
            ABB9              ABB9  ?_101
            ABBB              ABBB  ?_102
            ABC4              ABC4  ?_103
            ABDA              ABDA  ?_104
            ABED              ABED  ?_105
            AC2C              AC2C  ?_106
            AC2E              AC2E  ?_107
            AC37              AC37  ?_108
            AC5B              AC5B  ?_109
            AC8B              AC8B  ?_110
            AD18              AD18  ?_111
            ADAE              ADAE  ?_112
            ADB5              ADB5  ?_113
            ADCA              ADCA  ?_114
            ADD1              ADD1  ?_115
            ADE2              ADE2  ?_116
            AE19              AE19  ?_117
            AF22              AF22  ?_118
            AF31              AF31  ?_119
            AFB5              AFB5  ?_120
            B043              B043  ?_121
            B086              B086  ?_122
            B08B              B08B  launch_console
            B25D              B25D  set_cursor
            B2E3              B2E3  console_new_line
            B2FC              B2FC  ?_123
            B305              B305  ?_124
            B30E              B30E  ?_125
            B34A              B34A  ?_126
            B357              B357  ?_127
            B369              B369  ?_128
            B372              B372  ?_129
            B391              B391  ?_130
            B39E              B39E  ?_131
            B3DB              B3DB  ?_132
            B417              B417  strcmp
            B429              B429  ?_133
            B433              B433  ?_134
            B43C              B43C  ?_135
            B45D              B45D  ?_136
            B461              B461  ?_137
            B476              B476  ?_138
            B49B              B49B  ?_139
            B4C0              B4C0  ?_140
            B4C5              B4C5  ?_141
            B4C7              B4C7  c_console_putchar
            B56B              B56B  wait_KBC_sendready
            B571              B571  ?_142
            B586              B586  ?_143
            B588              B588  ?_144
            B58A              B58A  init_keyboard
            B5C4              B5C4  enable_mouse
            B5FE              B5FE  mouse_decode
            B622              B622  ?_145
            B62C              B62C  ?_146
            B655              B655  ?_147
            B65F              B65F  ?_148
            B685              B685  ?_149
            B6FC              B6FC  ?_150
            B71F              B71F  ?_151
            B736              B736  ?_152
            B73B              B73B  ?_153
            B73D              B73D  intHandlerKeyboard
            B790              B790  intHandlerMouse
            B7E3              B7E3  fifo8_init
            B829              B829  fifo8_put
            B845              B845  ?_154
            B86A              B86A  ?_155
            B8AC              B8AC  ?_156
            B8F1              B8F1  ?_157
            B8F6              B8F6  ?_158
            B8F8              B8F8  fifo8_get
            B91F              B91F  ?_159
            B964              B964  ?_160
            B976              B976  ?_161
            B978              B978  fifo8_status
            B98D              B98D  charToHexVal
            B9A8              B9A8  ?_162
            B9AF              B9AF  ?_163
            B9B1              B9B1  charToHexStr
            BA04              BA04  intToHexStr
            BA28              BA28  ?_164
            BA37              BA37  ?_165
            BA46              BA46  ?_166
            BA71              BA71  ?_167
            BA82              BA82  ?_168
            BA86              BA86  ?_169
            BA92              BA92  ?_170
            BA99              BA99  memman_init
            BAC5              BAC5  memman_total
            BADB              BADB  ?_171
            BAEF              BAEF  ?_172
            BAFE              BAFE  memman_alloc
            BB10              BB10  ?_173
            BB8C              BB8C  ?_174
            BB91              BB91  ?_175
            BB95              BB95  ?_176
            BBA8              BBA8  ?_177
            BBAA              BBAA  memman_free
            BBBA              BBBA  ?_178
            BBCD              BBCD  ?_179
            BBD1              BBD1  ?_180
            BBDB              BBDB  ?_181
            BC95              BC95  ?_182
            BC9F              BC9F  ?_183
            BCFB              BCFB  ?_184
            BD15              BD15  ?_185
            BD3D              BD3D  ?_186
            BD6C              BD6C  ?_187
            BD92              BD92  ?_188
            BDBB              BDBB  ?_189
            BDC1              BDC1  memman_alloc_4k
            BDF1              BDF1  memman_free_4k
            BE28              BE28  sheet_control_init
            BE6E              BE6E  ?_190
            BE9B              BE9B  ?_191
            BEB6              BEB6  ?_192
            BF08              BF08  ?_193
            BF0B              BF0B  ?_194
            BF0D              BF0D  sheet_alloc
            BF1C              BF1C  ?_195
            BF73              BF73  ?_196
            BF77              BF77  ?_197
            BF85              BF85  ?_198
            BF87              BF87  sheet_setbuf
            BFAF              BFAF  sheet_updown
            BFDA              BFDA  ?_199
            BFE7              BFE7  ?_200
            C00E              C00E  ?_201
            C042              C042  ?_202
            C0FD              C0FD  ?_203
            C110              C110  ?_204
            C144              C144  ?_205
            C14F              C14F  ?_206
            C1FD              C1FD  ?_207
            C217              C217  ?_208
            C24B              C24B  ?_209
            C265              C265  ?_210
            C270              C270  ?_211
            C2AA              C2AA  ?_212
            C2D1              C2D1  ?_213
            C369              C369  ?_214
            C370              C370  sheet_refresh
            C3D6              C3D6  ?_215
            C3E3              C3E3  sheet_slide
            C51C              C51C  ?_216
            C522              C522  sheet_refresh_local
            C546              C546  ?_217
            C553              C553  ?_218
            C567              C567  ?_219
            C57B              C57B  ?_220
            C586              C586  ?_221
            C5BF              C5BF  ?_222
            C5D9              C5D9  ?_223
            C675              C675  ?_224
            C679              C679  ?_225
            C68C              C68C  ?_226
            C69F              C69F  ?_227
            C6B0              C6B0  sheet_refresh_map
            C6D4              C6D4  ?_228
            C6E1              C6E1  ?_229
            C6F5              C6F5  ?_230
            C709              C709  ?_231
            C714              C714  ?_232
            C78E              C78E  ?_233
            C79B              C79B  ?_234
            C7AF              C7AF  ?_235
            C7C3              C7C3  ?_236
            C7CB              C7CB  ?_237
            C7E1              C7E1  ?_238
            C835              C835  ?_239
            C839              C839  ?_240
            C845              C845  ?_241
            C855              C855  ?_242
            C866              C866  init_time_port
            C8BB              C8BB  ?_243
            C8E3              C8E3  ?_244
            C8EE              C8EE  get_timer_control
            C8F8              C8F8  timer_alloc
            C907              C907  ?_245
            C929              C929  ?_246
            C92D              C92D  ?_247
            C936              C936  ?_248
            C938              C938  timer_free
            C947              C947  timer_init
            C968              C968  timer_settime
            C97F              C97F  intHandlerTimer
            C9B6              C9B6  ?_249
            CA57              CA57  ?_250
            CA62              CA62  ?_251
            CA66              CA66  ?_252
            CA75              CA75  segment_descriptor
            CA91              CA91  ?_253
            CAEF              CAEF  init_task_level
            CB3A              CB3A  ?_254
            CB5B              CB5B  ?_255
            CB63              CB63  task_init
            CB95              CB95  ?_256
            CC1A              CC1A  ?_257
            CC2D              CC2D  ?_258
            CC3C              CC3C  ?_259
            CCAD              CCAD  task_alloc
            CCBF              CCBF  ?_260
            CDB1              CDB1  ?_261
            CDB5              CDB5  ?_262
            CDC4              CDC4  ?_263
            CDC6              CDC6  task_run
            CDDB              CDDB  ?_264
            CDEA              CDEA  ?_265
            CE0B              CE0B  ?_266
            CE2A              CE2A  ?_267
            CE38              CE38  task_switch
            CE95              CE95  ?_268
            CEC5              CEC5  ?_269
            CF11              CF11  ?_270
            CF13              CF13  task_sleep
            CF83              CF83  ?_271
            CF88              CF88  task_now
            CFBC              CFBC  task_add
            D008              D008  task_remove
            D035              D035  ?_272
            D054              D054  ?_273
            D058              D058  ?_274
            D062              D062  ?_275
            D089              D089  ?_276
            D0A2              D0A2  ?_277
            D0AE              D0AE  ?_278
            D0C9              D0C9  ?_279
            D0D5              D0D5  task_switch_sub
            D0E4              D0E4  ?_280
            D104              D104  ?_281
            D108              D108  ?_282
            D10E              D10E  ?_283
            D126              D126  task_send_message
            D151              D151  file_load_content
            D184              D184  ?_284
            D18D              D18D  ?_285
            D1B7              D1B7  ?_286
            D1B9              D1B9  ?_287
            D1BF              D1BF  ?_288
            D1DE              D1DE  ?_289
            D1FC              D1FC  ?_290
            D284              D284  ?_291
            D29F              D29F  ?_292
            D2A9              D2A9  ?_293
            D2AD              D2AD  ?_294
            D2BB              D2BB  ?_295
            D2D9              D2D9  ?_296
            D2E0              D2E0  ?_297
            D2E8              D2E8  ?_298
            D2F5              D2F5  ?_299
            D2F7              D2F7  ?_300
            D301              D301  ?_301
            D30D              D30D  ?_302
            D319              D319  ?_303
            D325              D325  ?_304
            D332              D332  ?_305
            D339              D339  ?_306
            D33B              D33B  ?_307
            D33F              D33F  ?_308
            D345              D345  ?_309
            D349              D349  ?_310
            D34D              D34D  ?_311
            D351              D351  ?_312
            D355              D355  ?_313
            D35D              D35D  ?_314
            D365              D365  test
            D369              D369  memman
            D385              D385  keytable
            D405              D405  keytable_shift
            D485              D485  table_rgb.1794
            D4C5              D4C5  cursor.1862
            D5C5              D5C5  closebtn.1949
            D6A5              D6A5  keyval
            D6A7              D6A7  ?_315
            D6A8              D6A8  ?_316
            D6AA              D6AA  task_console_g
            D6AE              D6AE  task_main
            D6B2              D6B2  task_a
            D6B6              D6B6  sheet_control
            D6BA              D6BA  back_sheet
            D6BE              D6BE  mouse_sheet
            D6C2              D6C2  timerinfo1.1776
            D6DE              D6DE  timerbuf1.1779
            D6E6              D6E6  timerinfo2.1777
            D702              D702  timerbuf2.1780
            D70A              D70A  timerinfo3.1778
            D726              D726  timerbuf3.1781
            D74A              D74A  screen_info
            D74E              D74E  ?_317
            D750              D750  ?_318
            D752              D752  g_Console
            D756              D756  ?_319
            D75A              D75A  ?_320
            D75E              D75E  ?_321
            D762              D762  ?_322
            D763              D763  ?_323
            D76A              D76A  mouse_cursor_buf
            D86A              D86A  back_buf
            D86E              D86E  sheet_win
            D872              D872  mouse_x
            D876              D876  mouse_y
            D87A              D87A  key_shift
            D87E              D87E  caps_lock
            D882              D882  mouse_send_info
            D8AA              D8AA  keyinfo
            D8CA              D8CA  keybuf
            D8EA              D8EA  mouseinfo
            D90A              D90A  mousebuf
            D98A              D98A  str.1386
            D98B              D98B  ?_324
            D994              D994  ?_325
            D9AA              D9AA  timer_control
            F8EE              F8EE  task_timer
            F8F2              F8F2  task_control
            F8F8              F8F8  _SpuriousHandler
            F8F9              F8F9  _TimerHandler
            F90B              F90B  _KeyboardHandler
            F91D              F91D  _MouseHandler
            F92F              F92F  io_hlt
            F931              F931  io_cli
            F933              F933  io_sti
            F935              F935  io_stihlt
            F938              F938  io_out8
            F942              F942  io_out16
            F94E              F94E  io_out32
            F958              F958  io_in8
            F963              F963  io_in16
            F96F              F96F  io_in32
            F97A              F97A  io_load_eflags
            F97D              F97D  io_store_eflags
            F984              F984  get_memory_block_count
            F98A              F98A  get_memory_address
            F990              F990  get_addr_gdt
            F996              F996  get_code32_addr
            F99C              F99C  load_tr
            F9A2              F9A2  taskswitch9
            F9AA              F9AA  taskswitch8
            F9B2              F9B2  taskswitch7
            F9BA              F9BA  taskswitch10
            F9C2              F9C2  farjmp
            F9D1              F9D1  asm_console_putchar

---- Section .data ------------------------------------------------------------

Real              Virtual           Name
            F9EC              F9EC  MemoryBuf
            FAEC              FAEC  MemoryNumber
            FAF0              FAF0  LABEL_SYSTEM_FONT
            FAF0              FAF0  systemFont
           10AF0             10AF0  LABEL_STACK

