
- NASM Map file ---------------------------------------------------------------

Source file:  kernel.asm
Output file:  kernel.bat

-- Symbols --------------------------------------------------------------------

---- No Section ---------------------------------------------------------------

Value     Name
00004000  DA_32
00000098  DA_C
0000009A  DA_CR
00000092  DA_DRW
00000093  DA_DRWA
0000008E  DA_386IGate
00008000  DA_LIMIT_4K
00000089  DA_386TSS
000A0000  VRAM_ADDRESS
00001000  SystemFontLength
000000A8  GdtLen
00000008  SelectorCode32
00000010  SelectorVideo
00000020  SelectorStack
00000018  SelectorVram
00000028  SelectorFont
00000170  IdtLen
00007D4F  SpuriousHandler
00007D50  KeyBoardHandler
00007D6E  mouseHandler
00007D8C  timerHandler
00007DA6  stackOverFlowHandler
00007DBF  exceptionHandler
00007E6F  AsmConsPutCharHandler
00007ED1  SegCode32Len


---- Section .text ------------------------------------------------------------

Real              Virtual           Name
            8003              8003  LABEL_SYSTEM_FONT
            8003              8003  systemFont

---- Section .gdt -------------------------------------------------------------

Real              Virtual           Name
            9004              9004  LABEL_GDT
            900C              900C  LABEL_DESC_CODE32
            9014              9014  LABEL_DESC_VIDEO
            901C              901C  LABEL_DESC_VRAM
            9024              9024  LABEL_DESC_STACK
            902C              902C  LABEL_DESC_FONT
            9034              9034  LABEL_DESC_6
            903C              903C  LABEL_DESC_7
            9044              9044  LABEL_DESC_8
            904C              904C  LABEL_DESC_9
            9054              9054  LABEL_DESC_10
            90AC              90AC  GdtPtr
            90B2              90B2  LABEL_IDT
            9112              9112  LABEL_IDT.0Ch
            911A              911A  LABEL_IDT.0Dh
            91B2              91B2  LABEL_IDT.020h
            91BA              91BA  LABEL_IDT.021h
            9212              9212  LABEL_IDT.2CH
            921A              921A  LABEL_IDT.2DH
            9222              9222  IdtPtr

---- Section .s16 -------------------------------------------------------------

Real              Virtual           Name
            9228              9228  LABEL_BEGIN
            9233              9233  keystatus
            9233              9233  ComputeMemory
            923C              923C  ComputeMemory.loop
            9262              9262  LABEL_MEM_CHK_FAIL
            926B              926B  LABEL_MEM_CHK_OK
            92FA              92FA  init8259A
            933D              933D  io_delay

---- Section .s32 -------------------------------------------------------------

Real              Virtual           Name
            9344              9344  LABEL_SEG_CODE32
            935C              935C  CMain
            9766              9766  ?_001
            979E              979E  ?_002
            981E              981E  ?_003
            984C              984C  ?_004
            98F0              98F0  ?_005
            9961              9961  ?_006
            99F0              99F0  ?_007
            9AD0              9AD0  ?_008
            9B19              9B19  ?_009
            9B4A              9B4A  ?_010
            9B9C              9B9C  ?_011
            9BBE              9BBE  ?_012
            9C06              9C06  ?_013
            9C39              9C39  ?_014
            9C3E              9C3E  set_cursor
            9CC4              9CC4  isSpecialKey
            9D08              9D08  ?_015
            9D0F              9D0F  ?_016
            9D14              9D14  ?_017
            9D16              9D16  transferScanCode
            9D2F              9D2F  ?_018
            9D42              9D42  ?_019
            9D58              9D58  ?_020
            9D6E              9D6E  ?_021
            9D89              9D89  ?_022
            9D93              9D93  ?_023
            9DBD              9DBD  ?_024
            9DC7              9DC7  ?_025
            9E18              9E18  ?_026
            9E1A              9E1A  ?_027
            9E48              9E48  ?_028
            9E4C              9E4C  ?_029
            9E50              9E50  ?_030
            9E52              9E52  launch_console
            A024              A024  kill_process
            A060              A060  cmd_dir
            A094              A094  ?_031
            A09D              A09D  ?_032
            A0C7              A0C7  ?_033
            A0C9              A0C9  ?_034
            A0CF              A0CF  ?_035
            A0EE              A0EE  ?_036
            A10C              A10C  ?_037
            A1B9              A1B9  ?_038
            A1E9              A1E9  cmd_type
            A229              A229  ?_039
            A257              A257  ?_040
            A259              A259  ?_041
            A25F              A25F  ?_042
            A276              A276  ?_043
            A283              A283  ?_044
            A2AD              A2AD  ?_045
            A2AF              A2AF  ?_046
            A2B5              A2B5  ?_047
            A2D4              A2D4  ?_048
            A2F2              A2F2  ?_049
            A350              A350  ?_050
            A36A              A36A  ?_051
            A3E6              A3E6  ?_052
            A3E8              A3E8  ?_053
            A41B              A41B  ?_054
            A49C              A49C  ?_055
            A4A0              A4A0  ?_056
            A4AF              A4AF  ?_057
            A4B3              A4B3  ?_058
            A4C1              A4C1  ?_059
            A50A              A50A  cmd_mem
            A5F9              A5F9  cmd_cls
            A616              A616  ?_060
            A61F              A61F  ?_061
            A642              A642  ?_062
            A64F              A64F  ?_063
            A6D2              A6D2  cmd_hlt
            A7E1              A7E1  console_task
            A908              A908  ?_064
            A929              A929  ?_065
            A97C              A97C  ?_066
            A9B4              A9B4  ?_067
            A9D8              A9D8  ?_068
            A9F0              A9F0  ?_069
            AA32              AA32  ?_070
            AA91              AA91  ?_071
            AB31              AB31  ?_072
            AB53              AB53  ?_073
            AB7F              AB7F  ?_074
            ABA1              ABA1  ?_075
            ABF2              ABF2  ?_076
            AC71              AC71  ?_077
            ACDE              ACDE  ?_078
            AD18              AD18  ?_079
            AD1D              AD1D  cons_putstr
            AD25              AD25  ?_080
            AD42              AD42  ?_081
            AD4F              AD4F  api_linewin
            AD8A              AD8A  ?_082
            AD93              AD93  ?_083
            ADB5              ADB5  ?_084
            ADBC              ADBC  ?_085
            ADDD              ADDD  ?_086
            ADF6              ADF6  ?_087
            AE10              AE10  ?_088
            AE17              AE17  ?_089
            AE38              AE38  ?_090
            AE4F              AE4F  ?_091
            AE58              AE58  ?_092
            AE8D              AE8D  ?_093
            AE97              AE97  handle_keyboard
            AEA5              AEA5  ?_094
            AEC2              AEC2  ?_095
            AEDA              AEDA  ?_096
            AF23              AF23  ?_097
            AF35              AF35  ?_098
            AF47              AF47  ?_099
            AF4C              AF4C  ?_100
            AF4E              AF4E  kernel_api
            AF88              AF88  ?_101
            AFA6              AFA6  ?_102
            AFD4              AFD4  ?_103
            B098              B098  ?_104
            B128              B128  ?_105
            B1AC              B1AC  ?_106
            B1DA              B1DA  ?_107
            B218              B218  ?_108
            B254              B254  ?_109
            B276              B276  ?_110
            B295              B295  ?_111
            B29A              B29A  ?_112
            B2A1              B2A1  cons_putchar
            B345              B345  cons_newline
            B35E              B35E  ?_113
            B367              B367  ?_114
            B370              B370  ?_115
            B3AC              B3AC  ?_116
            B3B9              B3B9  ?_117
            B3CB              B3CB  ?_118
            B3D4              B3D4  ?_119
            B3F3              B3F3  ?_120
            B400              B400  ?_121
            B43D              B43D  ?_122
            B479              B479  init_screen8
            B800              B800  computeMousePosition
            B83A              B83A  ?_123
            B84D              B84D  ?_124
            B86B              B86B  ?_125
            B889              B889  ?_126
            B88B              B88B  show_mouse_info
            B941              B941  ?_127
            BA30              BA30  ?_128
            BA99              BA99  ?_129
            BA9B              BA9B  ?_130
            BA9F              BA9F  ?_131
            BAAB              BAAB  ?_132
            BAAD              BAAD  ?_133
            BB1E              BB1E  ?_134
            BB28              BB28  ?_135
            BB2A              BB2A  initBootInfo
            BB4A              BB4A  showString
            BB66              BB66  ?_136
            BBB1              BBB1  ?_137
            BBF2              BBF2  init_palette
            BC17              BC17  set_palette
            BC45              BC45  ?_138
            BCA7              BCA7  ?_139
            BCBD              BCBD  boxfill8
            BCD1              BCD1  ?_140
            BCD9              BCD9  ?_141
            BCF8              BCF8  ?_142
            BD04              BD04  ?_143
            BD0E              BD0E  showFont8
            BD26              BD26  ?_144
            BD5A              BD5A  ?_145
            BD86              BD86  ?_146
            BDB2              BDB2  ?_147
            BDDE              BDDE  ?_148
            BE0A              BE0A  ?_149
            BE36              BE36  ?_150
            BE62              BE62  ?_151
            BE8E              BE8E  ?_152
            BE92              BE92  ?_153
            BE9E              BE9E  init_mouse_cursor
            BEB6              BEB6  ?_154
            BEC2              BEC2  ?_155
            BEF2              BEF2  ?_156
            BF22              BF22  ?_157
            BF55              BF55  ?_158
            BF59              BF59  ?_159
            BF67              BF67  ?_160
            BF73              BF73  putblock
            BF82              BF82  ?_161
            BF8B              BF8B  ?_162
            BFC6              BFC6  ?_163
            BFD2              BFD2  ?_164
            BFDC              BFDC  intHandlerFromC
            C03E              C03E  charToHexVal
            C059              C059  ?_165
            C060              C060  ?_166
            C062              C062  charToHexStr
            C0B5              C0B5  intToHexStr
            C0D9              C0D9  ?_167
            C0E8              C0E8  ?_168
            C0F7              C0F7  ?_169
            C122              C122  ?_170
            C133              C133  ?_171
            C137              C137  ?_172
            C143              C143  ?_173
            C14A              C14A  wait_KBC_sendready
            C150              C150  ?_174
            C165              C165  ?_175
            C167              C167  ?_176
            C169              C169  init_keyboard
            C1A4              C1A4  enable_mouse
            C1E6              C1E6  intHandlerForMouse
            C239              C239  mouse_decode
            C25D              C25D  ?_177
            C267              C267  ?_178
            C290              C290  ?_179
            C29A              C29A  ?_180
            C2C0              C2C0  ?_181
            C337              C337  ?_182
            C35A              C35A  ?_183
            C371              C371  ?_184
            C376              C376  ?_185
            C378              C378  showMemoryInfo
            C592              C592  message_box
            C67D              C67D  make_window8
            C942              C942  make_wtitle8
            C95F              C95F  ?_186
            C967              C967  ?_187
            C9EB              C9EB  ?_188
            C9F4              C9F4  ?_189
            CA18              CA18  ?_190
            CA24              CA24  ?_191
            CA30              CA30  ?_192
            CA34              CA34  ?_193
            CA64              CA64  ?_194
            CA6E              CA6E  ?_195
            CA7E              CA7E  make_textbox8
            CD17              CD17  file_loadfile
            CD4A              CD4A  ?_196
            CD53              CD53  ?_197
            CD7D              CD7D  ?_198
            CD7F              CD7F  ?_199
            CD85              CD85  ?_200
            CDA4              CDA4  ?_201
            CDC2              CDC2  ?_202
            CE3F              CE3F  ?_203
            CE5A              CE5A  ?_204
            CE64              CE64  ?_205
            CE68              CE68  ?_206
            CE76              CE76  ?_207
            CE94              CE94  intHandlerForStackOverFlow
            CF3B              CF3B  intHandlerForException
            CFA1              CFA1  memman_init
            CFCD              CFCD  memman_total
            CFE3              CFE3  ?_208
            CFF7              CFF7  ?_209
            D006              D006  memman_alloc
            D018              D018  ?_210
            D094              D094  ?_211
            D099              D099  ?_212
            D09D              D09D  ?_213
            D0B0              D0B0  ?_214
            D0B2              D0B2  memman_free
            D0C2              D0C2  ?_215
            D0D5              D0D5  ?_216
            D0D9              D0D9  ?_217
            D0E3              D0E3  ?_218
            D19D              D19D  ?_219
            D1A7              D1A7  ?_220
            D203              D203  ?_221
            D21D              D21D  ?_222
            D245              D245  ?_223
            D274              D274  ?_224
            D29A              D29A  ?_225
            D2C3              D2C3  ?_226
            D2C9              D2C9  memman_alloc_4k
            D2F9              D2F9  memman_free_4k
            D330              D330  shtctl_init
            D35C              D35C  ?_227
            D3A5              D3A5  ?_228
            D3D2              D3D2  ?_229
            D3F3              D3F3  ?_230
            D3FF              D3FF  ?_231
            D401              D401  sheet_alloc
            D410              D410  ?_232
            D47F              D47F  ?_233
            D483              D483  ?_234
            D491              D491  ?_235
            D493              D493  sheet_setbuf
            D4BC              D4BC  sheet_updown
            D4E8              D4E8  ?_236
            D4F5              D4F5  ?_237
            D51C              D51C  ?_238
            D550              D550  ?_239
            D612              D612  ?_240
            D625              D625  ?_241
            D659              D659  ?_242
            D664              D664  ?_243
            D71C              D71C  ?_244
            D736              D736  ?_245
            D76A              D76A  ?_246
            D784              D784  ?_247
            D78F              D78F  ?_248
            D7C9              D7C9  ?_249
            D7F0              D7F0  ?_250
            D88F              D88F  ?_251
            D897              D897  sheet_refresh
            D90B              D90B  ?_252
            D918              D918  sheet_slide
            DA69              DA69  ?_253
            DA70              DA70  sheet_refreshsub
            DA94              DA94  ?_254
            DAA1              DAA1  ?_255
            DAB5              DAB5  ?_256
            DAC9              DAC9  ?_257
            DAD4              DAD4  ?_258
            DB13              DB13  ?_259
            DB2D              DB2D  ?_260
            DBC9              DBC9  ?_261
            DBCD              DBCD  ?_262
            DBE0              DBE0  ?_263
            DBF3              DBF3  ?_264
            DC01              DC01  sheet_refreshmap
            DC1D              DC1D  ?_265
            DC2A              DC2A  ?_266
            DC3E              DC3E  ?_267
            DC52              DC52  ?_268
            DC5D              DC5D  ?_269
            DCDD              DCDD  ?_270
            DCEA              DCEA  ?_271
            DCFE              DCFE  ?_272
            DD12              DD12  ?_273
            DD1A              DD1A  ?_274
            DD30              DD30  ?_275
            DD84              DD84  ?_276
            DD88              DD88  ?_277
            DD94              DD94  ?_278
            DDA4              DDA4  ?_279
            DDB6              DDB6  sheet_free
            DDE0              DDE0  ?_280
            DDED              DDED  init_pit
            DE42              DE42  ?_281
            DE6A              DE6A  ?_282
            DE75              DE75  timer_alloc
            DE84              DE84  ?_283
            DEB8              DEB8  ?_284
            DEBC              DEBC  ?_285
            DECA              DECA  ?_286
            DECC              DECC  timer_free
            DEDC              DEDC  timer_init
            DEFE              DEFE  timer_settime
            DF16              DF16  intHandlerForTimer
            DF4D              DF4D  ?_287
            DFEE              DFEE  ?_288
            DFF9              DFF9  ?_289
            DFFD              DFFD  ?_290
            E00D              E00D  getTimerController
            E017              E017  fifo8_init
            E05E              E05E  fifo8_put
            E07A              E07A  ?_291
            E09F              E09F  ?_292
            E0DB              E0DB  ?_293
            E120              E120  ?_294
            E125              E125  ?_295
            E127              E127  fifo8_get
            E144              E144  ?_296
            E183              E183  ?_297
            E195              E195  ?_298
            E197              E197  fifo8_status
            E1AC              E1AC  strcmp
            E1BE              E1BE  ?_299
            E1C8              E1C8  ?_300
            E1D1              E1D1  ?_301
            E1F2              E1F2  ?_302
            E1F6              E1F6  ?_303
            E214              E214  ?_304
            E239              E239  ?_305
            E25E              E25E  ?_306
            E263              E263  ?_307
            E265              E265  set_segmdesc
            E281              E281  ?_308
            E2E0              E2E0  get_taskctl
            E2EA              E2EA  init_task_level
            E335              E335  ?_309
            E356              E356  ?_310
            E35E              E35E  task_init
            E390              E390  ?_311
            E415              E415  ?_312
            E428              E428  ?_313
            E437              E437  ?_314
            E4A8              E4A8  task_alloc
            E4BA              E4BA  ?_315
            E5B6              E5B6  ?_316
            E5BA              E5BA  ?_317
            E5C9              E5C9  ?_318
            E5CB              E5CB  task_run
            E5E0              E5E0  ?_319
            E5EF              E5EF  ?_320
            E610              E610  ?_321
            E62F              E62F  ?_322
            E63E              E63E  task_switch
            E69B              E69B  ?_323
            E6CB              E6CB  ?_324
            E717              E717  ?_325
            E71A              E71A  task_sleep
            E78A              E78A  ?_326
            E78F              E78F  task_now
            E7C3              E7C3  task_add
            E810              E810  task_remove
            E83D              E83D  ?_327
            E85C              E85C  ?_328
            E860              E860  ?_329
            E86A              E86A  ?_330
            E891              E891  ?_331
            E8AA              E8AA  ?_332
            E8B6              E8B6  ?_333
            E8D1              E8D1  ?_334
            E8DE              E8DE  task_switchsub
            E8ED              E8ED  ?_335
            E90D              E90D  ?_336
            E911              E911  ?_337
            E917              E917  ?_338
            E92F              E92F  send_message
            E95A              E95A  ?_339
            E962              E962  ?_340
            E96F              E96F  ?_341
            E976              E976  ?_342
            E97E              E97E  ?_343
            E980              E980  ?_344
            E986              E986  ?_345
            E98A              E98A  ?_346
            E98C              E98C  ?_347
            E994              E994  ?_348
            E9A5              E9A5  ?_349
            E9A9              E9A9  ?_350
            E9AD              E9AD  ?_351
            E9B1              E9B1  ?_352
            E9B5              E9B5  ?_353
            E9BF              E9BF  ?_354
            E9CB              E9CB  ?_355
            E9D7              E9D7  ?_356
            E9E3              E9E3  ?_357
            E9EA              E9EA  ?_358
            E9FA              E9FA  ?_359
            EA01              EA01  ?_360
            EA09              EA09  ?_361
            EA25              EA25  memman
            EA45              EA45  keytable
            EAA5              EAA5  keytable1
            EB35              EB35  keyval
            EB37              EB37  ?_362
            EB38              EB38  ?_363
            EB3D              EB3D  mmx
            EB41              EB41  mmy
            EB45              EB45  KEY_CONTROL
            EB65              EB65  table_rgb.2053
            EBA5              EBA5  cursor.2100
            ECA5              ECA5  closebtn.2219
            ED85              ED85  g_hlt
            ED89              ED89  key_shift
            ED8D              ED8D  caps_lock
            ED91              ED91  g_Console
            ED95              ED95  ?_364
            ED99              ED99  ?_365
            ED9D              ED9D  ?_366
            EDA1              EDA1  ?_367
            EDA2              EDA2  ?_368
            EDA5              EDA5  ?_369
            EDA9              EDA9  bootInfo
            EDAD              EDAD  ?_370
            EDAF              EDAF  ?_371
            EDB1              EDB1  keyinfo
            EDC9              EDC9  ?_372
            EDCD              EDCD  mouseinfo
            EE05              EE05  keybuf
            EE25              EE25  mousebuf
            EEA5              EEA5  mdec
            EEB1              EEB1  ?_373
            EEB5              EEB5  timerinfo
            EED1              EED1  timerbuf
            EED9              EED9  mx
            EEDD              EEDD  my
            EEE1              EEE1  xsize
            EEE5              EEE5  ysize
            EEE9              EEE9  buf_back
            EF05              EF05  buf_mouse
            F005              F005  shtMsgBox
            F009              F009  shtctl
            F00D              F00D  sht_back
            F011              F011  sht_mouse
            F015              F015  mouse_clicked_sht
            F019              F019  task_cons
            F01D              F01D  task_main
            F021              F021  buffer
            F025              F025  ?_374
            F029              F029  ?_375
            F02D              F02D  task_a.1806
            F045              F045  tss_a.1805
            F0C5              F0C5  tss_b.1804
            F12D              F12D  task_b.1794
            F139              F139  str.2148
            F13A              F13A  ?_376
            F143              F143  ?_377
            F145              F145  timerctl
           11089             11089  task_timer
           1108D             1108D  taskctl
           11093             11093  _SpuriousHandler
           11094             11094  _KeyBoardHandler
           110B2             110B2  _mouseHandler
           110D0             110D0  _timerHandler
           110EA             110EA  _stackOverFlowHandler
           11103             11103  _exceptionHandler
           1111C             1111C  get_font_data
           11135             11135  io_hlt
           11137             11137  io_cli
           11139             11139  io_sti
           1113B             1113B  io_stihlt
           1113E             1113E  io_in8
           11149             11149  io_in16
           11155             11155  io_in32
           1115B             1115B  io_out8
           11165             11165  io_out16
           11170             11170  io_out32
           1117A             1117A  io_load_eflags
           1117D             1117D  io_store_eflags
           11184             11184  get_memory_block_count
           1118A             1118A  get_leds
           11190             11190  get_adr_buffer
           11196             11196  get_addr_gdt
           1119C             1119C  get_code32_addr
           111A2             111A2  load_tr
           111A8             111A8  farjmp
           111B3             111B3  asm_cons_putchar
           111D1             111D1  end_app
           111D5             111D5  get_esp
           111D8             111D8  get_ss
           111DD             111DD  start_app
           11206             11206  asm_end_app

---- Section .data ------------------------------------------------------------

Real              Virtual           Name
           11220             11220  MemChkBuf
           11320             11320  dwMCRNumber
           11324             11324  LEDS

